Component: Arm Compiler for Embedded 6.18 Tool: armlink [5e4cc100]

==============================================================================

Section Cross References

    chcore.o(.ARM.exidx.text.NMI_Handler) refers to chcore.o(.text.NMI_Handler) for [Anonymous Symbol]
    chcore.o(.ARM.exidx.text.port_init) refers to chcore.o(.text.port_init) for [Anonymous Symbol]
    chcore.o(.text.__port_irq_epilogue) refers to chschd.o(.text.chSchIsPreemptionRequired) for chSchIsPreemptionRequired
    chcore.o(.text.__port_irq_epilogue) refers to chcoreasm_1.o(.text) for __port_switch_from_isr
    chcore.o(.ARM.exidx.text.__port_irq_epilogue) refers to chcore.o(.text.__port_irq_epilogue) for [Anonymous Symbol]
    chevents.o(.text.chEvtRegisterMaskWithFlagsI) refers to chsys.o(.bss..L_MergedGlobals) for ch0
    chevents.o(.ARM.exidx.text.chEvtRegisterMaskWithFlagsI) refers to chevents.o(.text.chEvtRegisterMaskWithFlagsI) for [Anonymous Symbol]
    chevents.o(.text.chEvtRegisterMaskWithFlags) refers to chsys.o(.bss..L_MergedGlobals) for ch0
    chevents.o(.ARM.exidx.text.chEvtRegisterMaskWithFlags) refers to chevents.o(.text.chEvtRegisterMaskWithFlags) for [Anonymous Symbol]
    chevents.o(.ARM.exidx.text.chEvtUnregister) refers to chevents.o(.text.chEvtUnregister) for [Anonymous Symbol]
    chevents.o(.text.chEvtGetAndClearEventsI) refers to chsys.o(.bss..L_MergedGlobals) for ch0
    chevents.o(.ARM.exidx.text.chEvtGetAndClearEventsI) refers to chevents.o(.text.chEvtGetAndClearEventsI) for [Anonymous Symbol]
    chevents.o(.text.chEvtGetAndClearEvents) refers to chsys.o(.bss..L_MergedGlobals) for ch0
    chevents.o(.ARM.exidx.text.chEvtGetAndClearEvents) refers to chevents.o(.text.chEvtGetAndClearEvents) for [Anonymous Symbol]
    chevents.o(.text.chEvtAddEvents) refers to chsys.o(.bss..L_MergedGlobals) for ch0
    chevents.o(.ARM.exidx.text.chEvtAddEvents) refers to chevents.o(.text.chEvtAddEvents) for [Anonymous Symbol]
    chevents.o(.ARM.exidx.text.chEvtGetAndClearFlagsI) refers to chevents.o(.text.chEvtGetAndClearFlagsI) for [Anonymous Symbol]
    chevents.o(.ARM.exidx.text.chEvtGetAndClearFlags) refers to chevents.o(.text.chEvtGetAndClearFlags) for [Anonymous Symbol]
    chevents.o(.text.chEvtSignalI) refers to chschd.o(.text.chSchReadyI) for chSchReadyI
    chevents.o(.ARM.exidx.text.chEvtSignalI) refers to chevents.o(.text.chEvtSignalI) for [Anonymous Symbol]
    chevents.o(.text.chEvtSignal) refers to chevents.o(.text.chEvtSignalI) for chEvtSignalI
    chevents.o(.text.chEvtSignal) refers to chschd.o(.text.chSchRescheduleS) for chSchRescheduleS
    chevents.o(.ARM.exidx.text.chEvtSignal) refers to chevents.o(.text.chEvtSignal) for [Anonymous Symbol]
    chevents.o(.text.chEvtBroadcastFlagsI) refers to chevents.o(.text.chEvtSignalI) for chEvtSignalI
    chevents.o(.ARM.exidx.text.chEvtBroadcastFlagsI) refers to chevents.o(.text.chEvtBroadcastFlagsI) for [Anonymous Symbol]
    chevents.o(.text.chEvtBroadcastFlags) refers to chevents.o(.text.chEvtBroadcastFlagsI) for chEvtBroadcastFlagsI
    chevents.o(.text.chEvtBroadcastFlags) refers to chschd.o(.text.chSchRescheduleS) for chSchRescheduleS
    chevents.o(.ARM.exidx.text.chEvtBroadcastFlags) refers to chevents.o(.text.chEvtBroadcastFlags) for [Anonymous Symbol]
    chevents.o(.ARM.exidx.text.chEvtDispatch) refers to chevents.o(.text.chEvtDispatch) for [Anonymous Symbol]
    chevents.o(.text.chEvtWaitOne) refers to chschd.o(.text.chSchGoSleepS) for chSchGoSleepS
    chevents.o(.text.chEvtWaitOne) refers to chsys.o(.bss..L_MergedGlobals) for ch0
    chevents.o(.ARM.exidx.text.chEvtWaitOne) refers to chevents.o(.text.chEvtWaitOne) for [Anonymous Symbol]
    chevents.o(.text.chEvtWaitAny) refers to chschd.o(.text.chSchGoSleepS) for chSchGoSleepS
    chevents.o(.text.chEvtWaitAny) refers to chsys.o(.bss..L_MergedGlobals) for ch0
    chevents.o(.ARM.exidx.text.chEvtWaitAny) refers to chevents.o(.text.chEvtWaitAny) for [Anonymous Symbol]
    chevents.o(.text.chEvtWaitAll) refers to chschd.o(.text.chSchGoSleepS) for chSchGoSleepS
    chevents.o(.text.chEvtWaitAll) refers to chsys.o(.bss..L_MergedGlobals) for ch0
    chevents.o(.ARM.exidx.text.chEvtWaitAll) refers to chevents.o(.text.chEvtWaitAll) for [Anonymous Symbol]
    chevents.o(.text.chEvtWaitOneTimeout) refers to chschd.o(.text.chSchGoSleepTimeoutS) for chSchGoSleepTimeoutS
    chevents.o(.text.chEvtWaitOneTimeout) refers to chsys.o(.bss..L_MergedGlobals) for ch0
    chevents.o(.ARM.exidx.text.chEvtWaitOneTimeout) refers to chevents.o(.text.chEvtWaitOneTimeout) for [Anonymous Symbol]
    chevents.o(.text.chEvtWaitAnyTimeout) refers to chschd.o(.text.chSchGoSleepTimeoutS) for chSchGoSleepTimeoutS
    chevents.o(.text.chEvtWaitAnyTimeout) refers to chsys.o(.bss..L_MergedGlobals) for ch0
    chevents.o(.ARM.exidx.text.chEvtWaitAnyTimeout) refers to chevents.o(.text.chEvtWaitAnyTimeout) for [Anonymous Symbol]
[...]
    Removing chschd.o(.ARM.exidx.text.chSchWakeupS), (8 bytes).
    Removing chschd.o(.ARM.exidx.text.__sch_ready_ahead), (8 bytes).
    Removing chschd.o(.ARM.exidx.text.chSchRescheduleS), (8 bytes).
    Removing chschd.o(.ARM.exidx.text.__sch_reschedule_ahead), (8 bytes).
    Removing chschd.o(.ARM.exidx.text.chSchIsPreemptionRequired), (8 bytes).
    Removing chschd.o(.ARM.exidx.text.chSchDoPreemption), (8 bytes).
    Removing chschd.o(.text.chSchPreemption), (28 bytes).
    Removing chschd.o(.ARM.exidx.text.chSchPreemption), (8 bytes).
    Removing chschd.o(.text.chSchDoYieldS), (48 bytes).
    Removing chschd.o(.ARM.exidx.text.chSchDoYieldS), (8 bytes).
    Removing chschd.o(.text.chSchSelectFirst), (32 bytes).
    Removing chschd.o(.ARM.exidx.text.chSchSelectFirst), (8 bytes).
    Removing chsem.o(.text), (0 bytes).
    Removing chsem.o(.text.chSemObjectInit), (8 bytes).
    Removing chsem.o(.ARM.exidx.text.chSemObjectInit), (8 bytes).
    Removing chsem.o(.text.chSemResetWithMessage), (20 bytes).
    Removing chsem.o(.ARM.exidx.text.chSemResetWithMessage), (8 bytes).
    Removing chsem.o(.text.chSemResetWithMessageI), (32 bytes).
    Removing chsem.o(.ARM.exidx.text.chSemResetWithMessageI), (8 bytes).
    Removing chsem.o(.text.chSemWait), (16 bytes).
    Removing chsem.o(.ARM.exidx.text.chSemWait), (8 bytes).
    Removing chsem.o(.text.chSemWaitS), (48 bytes).
    Removing chsem.o(.ARM.exidx.text.chSemWaitS), (8 bytes).
    Removing chsem.o(.text.chSemWaitTimeout), (16 bytes).
    Removing chsem.o(.ARM.exidx.text.chSemWaitTimeout), (8 bytes).
    Removing chsem.o(.text.chSemWaitTimeoutS), (56 bytes).
    Removing chsem.o(.ARM.exidx.text.chSemWaitTimeoutS), (8 bytes).
    Removing chsem.o(.text.chSemSignal), (38 bytes).
    Removing chsem.o(.ARM.exidx.text.chSemSignal), (8 bytes).
    Removing chsem.o(.text.chSemSignalI), (34 bytes).
    Removing chsem.o(.ARM.exidx.text.chSemSignalI), (8 bytes).
    Removing chsem.o(.text.chSemAddCounterI), (42 bytes).
    Removing chsem.o(.ARM.exidx.text.chSemAddCounterI), (8 bytes).
    Removing chsem.o(.text.chSemSignalWait), (88 bytes).
    Removing chsem.o(.ARM.exidx.text.chSemSignalWait), (8 bytes).
    Removing chstats.o(.text), (0 bytes).
    Removing chsys.o(.text), (0 bytes).
    Removing chsys.o(.text.chSysWaitSystemState), (16 bytes).
    Removing chsys.o(.ARM.exidx.text.chSysWaitSystemState), (8 bytes).
    Removing chsys.o(.ARM.exidx.text.chSysInit), (8 bytes).
    Removing chsys.o(.text.chSysHalt), (20 bytes).
    Removing chsys.o(.ARM.exidx.text.chSysHalt), (8 bytes).
    Removing chsys.o(.text.chSysGetIdleThreadX), (12 bytes).
    Removing chsys.o(.ARM.exidx.text.chSysGetIdleThreadX), (8 bytes).
    Removing chsys.o(.text.chSysIntegrityCheckI), (112 bytes).
    Removing chsys.o(.ARM.exidx.text.chSysIntegrityCheckI), (8 bytes).
    Removing chsys.o(.ARM.exidx.text.chSysTimerHandlerI), (8 bytes).
    Removing chsys.o(.text.chSysGetStatusAndLockX), (20 bytes).
    Removing chsys.o(.ARM.exidx.text.chSysGetStatusAndLockX), (8 bytes).
    Removing chsys.o(.text.chSysRestoreStatusX), (26 bytes).
    Removing chsys.o(.ARM.exidx.text.chSysRestoreStatusX), (8 bytes).
    Removing chthreads.o(.text), (0 bytes).
    Removing chthreads.o(.ARM.exidx.text.__thd_object_init), (8 bytes).
    Removing chthreads.o(.ARM.exidx.text.chThdCreateSuspendedI), (8 bytes).
    Removing chthreads.o(.text.chThdCreateSuspended), (16 bytes).
    Removing chthreads.o(.ARM.exidx.text.chThdCreateSuspended), (8 bytes).
    Removing chthreads.o(.ARM.exidx.text.chThdCreateI), (8 bytes).
    Removing chthreads.o(.text.chThdCreate), (26 bytes).
    Removing chthreads.o(.ARM.exidx.text.chThdCreate), (8 bytes).
    Removing chthreads.o(.text.chThdCreateStatic), (92 bytes).
    Removing chthreads.o(.ARM.exidx.text.chThdCreateStatic), (8 bytes).
    Removing chthreads.o(.text.chThdStart), (24 bytes).
    Removing chthreads.o(.ARM.exidx.text.chThdStart), (8 bytes).
    Removing chthreads.o(.ARM.exidx.text.chThdExit), (8 bytes).
    Removing chthreads.o(.ARM.exidx.text.chThdExitS), (8 bytes).
    Removing chthreads.o(.text.chThdSetPriority), (44 bytes).
    Removing chthreads.o(.ARM.exidx.text.chThdSetPriority), (8 bytes).
    Removing chthreads.o(.text.chThdTerminate), (18 bytes).
    Removing chthreads.o(.ARM.exidx.text.chThdTerminate), (8 bytes).
    Removing chthreads.o(.ARM.exidx.text.chThdSleep), (8 bytes).
    Removing chthreads.o(.ARM.exidx.text.chThdSleepS), (8 bytes).
    Removing chthreads.o(.text.chThdSleepUntil), (32 bytes).
    Removing chthreads.o(.ARM.exidx.text.chThdSleepUntil), (8 bytes).
    Removing chthreads.o(.text.chThdSleepUntilWindowed), (44 bytes).
    Removing chthreads.o(.ARM.exidx.text.chThdSleepUntilWindowed), (8 bytes).
    Removing chthreads.o(.text.chThdYield), (16 bytes).
    Removing chthreads.o(.ARM.exidx.text.chThdYield), (8 bytes).
    Removing chthreads.o(.text.chThdSuspendS), (28 bytes).
    Removing chthreads.o(.ARM.exidx.text.chThdSuspendS), (8 bytes).
    Removing chthreads.o(.ARM.exidx.text.chThdSuspendTimeoutS), (8 bytes).
    Removing chthreads.o(.ARM.exidx.text.chThdResumeI), (8 bytes).
    Removing chthreads.o(.text.chThdResumeS), (20 bytes).
    Removing chthreads.o(.ARM.exidx.text.chThdResumeS), (8 bytes).
    Removing chthreads.o(.text.chThdResume), (16 bytes).
    Removing chthreads.o(.ARM.exidx.text.chThdResume), (8 bytes).
    Removing chthreads.o(.ARM.exidx.text.chThdEnqueueTimeoutS), (8 bytes).
    Removing chthreads.o(.ARM.exidx.text.chThdDequeueNextI), (8 bytes).
    Removing chthreads.o(.ARM.exidx.text.chThdDoDequeueNextI), (8 bytes).
    Removing chthreads.o(.ARM.exidx.text.chThdDequeueAllI), (8 bytes).
    Removing chtm.o(.text), (0 bytes).
    Removing chvt.o(.text), (0 bytes).
    Removing chvt.o(.ARM.exidx.text.chVTDoSetI), (8 bytes).
    Removing chvt.o(.text.chVTDoSetContinuousI), (14 bytes).
    Removing chvt.o(.ARM.exidx.text.chVTDoSetContinuousI), (8 bytes).
    Removing chvt.o(.ARM.exidx.text.chVTDoResetI), (8 bytes).
    Removing chvt.o(.text.chVTGetRemainingIntervalI), (40 bytes).
    Removing chvt.o(.ARM.exidx.text.chVTGetRemainingIntervalI), (8 bytes).
    Removing chvt.o(.ARM.exidx.text.chVTDoTickI), (8 bytes).
    Removing chvt.o(.ARM.exidx.text.ch_dlist_insert), (8 bytes).
    Removing chvt.o(.text.chVTGetTimeStampI), (32 bytes).
    Removing chvt.o(.ARM.exidx.text.chVTGetTimeStampI), (8 bytes).
    Removing chvt.o(.text.chVTResetTimeStampI), (16 bytes).
    Removing chvt.o(.ARM.exidx.text.chVTResetTimeStampI), (8 bytes).
    Removing chrfcu.o(.text), (0 bytes).
    Removing chrfcu.o(.text.chRFCUCollectFaultsI), (16 bytes).
    Removing chrfcu.o(.ARM.exidx.text.chRFCUCollectFaultsI), (8 bytes).
    Removing chrfcu.o(.text.chRFCUGetAndClearFaultsI), (16 bytes).
    Removing chrfcu.o(.ARM.exidx.text.chRFCUGetAndClearFaultsI), (8 bytes).
    Removing chinstances.o(.text), (0 bytes).
    Removing chinstances.o(.ARM.exidx.text.chInstanceObjectInit), (8 bytes).
    Removing chinstances.o(.ARM.exidx.text.__idle_thread), (8 bytes).
    Removing chtrace.o(.text), (0 bytes).
    Removing chdelegates.o(.text), (0 bytes).
    Removing chfactory.o(.text), (0 bytes).
    Removing chmboxes.o(.text), (0 bytes).
    Removing chmemcore.o(.text), (0 bytes).
    Removing chmemcore.o(.ARM.exidx.text.__core_init), (8 bytes).
    Removing chmemcore.o(.text.chCoreAllocFromBaseI), (40 bytes).
    Removing chmemcore.o(.ARM.exidx.text.chCoreAllocFromBaseI), (8 bytes).
    Removing chmemcore.o(.text.chCoreAllocFromTopI), (36 bytes).
    Removing chmemcore.o(.ARM.exidx.text.chCoreAllocFromTopI), (8 bytes).
    Removing chmemcore.o(.text.chCoreAllocFromBase), (16 bytes).
    Removing chmemcore.o(.ARM.exidx.text.chCoreAllocFromBase), (8 bytes).
    Removing chmemcore.o(.text.chCoreAllocFromTop), (16 bytes).
    Removing chmemcore.o(.ARM.exidx.text.chCoreAllocFromTop), (8 bytes).
    Removing chmemcore.o(.text.chCoreGetStatusX), (16 bytes).
    Removing chmemcore.o(.ARM.exidx.text.chCoreGetStatusX), (8 bytes).
    Removing chmemheaps.o(.text), (0 bytes).
    Removing chmempools.o(.text), (0 bytes).
    Removing chobjcaches.o(.text), (0 bytes).
    Removing chpipes.o(.text), (0 bytes).
    Removing osal.o(.text), (0 bytes).
    Removing hal.o(.text), (0 bytes).
    Removing hal.o(.ARM.exidx.text.halInit), (8 bytes).
    Removing hal_adc.o(.text), (0 bytes).
    Removing hal_buffers.o(.text), (0 bytes).
    Removing hal_buffers.o(.ARM.exidx.text.ibqObjectInit), (8 bytes).
    Removing hal_buffers.o(.ARM.exidx.text.ibqResetI), (8 bytes).
    Removing hal_buffers.o(.ARM.exidx.text.osalThreadDequeueAllI), (8 bytes).
    Removing hal_buffers.o(.ARM.exidx.text.ibqGetEmptyBufferI), (8 bytes).
    Removing hal_buffers.o(.ARM.exidx.text.ibqPostFullBufferI), (8 bytes).
    Removing hal_buffers.o(.ARM.exidx.text.osalThreadDequeueNextI), (8 bytes).
    Removing hal_buffers.o(.text.ibqGetFullBufferTimeout), (16 bytes).
    Removing hal_buffers.o(.ARM.exidx.text.ibqGetFullBufferTimeout), (8 bytes).
    Removing hal_buffers.o(.ARM.exidx.text.ibqGetFullBufferTimeoutS), (8 bytes).
    Removing hal_buffers.o(.text.ibqReleaseEmptyBuffer), (16 bytes).
    Removing hal_buffers.o(.ARM.exidx.text.ibqReleaseEmptyBuffer), (8 bytes).
    Removing hal_buffers.o(.ARM.exidx.text.ibqReleaseEmptyBufferS), (8 bytes).
    Removing hal_buffers.o(.ARM.exidx.text.ibqGetTimeout), (8 bytes).
    Removing hal_buffers.o(.ARM.exidx.text.ibqReadTimeout), (8 bytes).
    Removing hal_buffers.o(.ARM.exidx.text.obqObjectInit), (8 bytes).
    Removing hal_buffers.o(.ARM.exidx.text.obqResetI), (8 bytes).
    Removing hal_buffers.o(.ARM.exidx.text.obqGetFullBufferI), (8 bytes).
    Removing hal_buffers.o(.ARM.exidx.text.obqReleaseEmptyBufferI), (8 bytes).
    Removing hal_buffers.o(.text.obqGetEmptyBufferTimeout), (16 bytes).
    Removing hal_buffers.o(.ARM.exidx.text.obqGetEmptyBufferTimeout), (8 bytes).
    Removing hal_buffers.o(.ARM.exidx.text.obqGetEmptyBufferTimeoutS), (8 bytes).
    Removing hal_buffers.o(.text.obqPostFullBuffer), (16 bytes).
    Removing hal_buffers.o(.ARM.exidx.text.obqPostFullBuffer), (8 bytes).
    Removing hal_buffers.o(.ARM.exidx.text.obqPostFullBufferS), (8 bytes).
    Removing hal_buffers.o(.ARM.exidx.text.obqPutTimeout), (8 bytes).
    Removing hal_buffers.o(.ARM.exidx.text.obqWriteTimeout), (8 bytes).
    Removing hal_buffers.o(.ARM.exidx.text.obqTryFlushI), (8 bytes).
    Removing hal_buffers.o(.text.obqFlush), (30 bytes).
    Removing hal_buffers.o(.ARM.exidx.text.obqFlush), (8 bytes).
    Removing hal_can.o(.text), (0 bytes).
    Removing hal_dac.o(.text), (0 bytes).
    Removing hal_gpt.o(.text), (0 bytes).
    Removing hal_i2c.o(.text), (0 bytes).
    Removing hal_i2s.o(.text), (0 bytes).
    Removing hal_icu.o(.text), (0 bytes).
    Removing hal_mac.o(.text), (0 bytes).
    Removing hal_mmc_spi.o(.text), (0 bytes).
    Removing hal_mmcsd.o(.text), (0 bytes).
    Removing hal_pal.o(.text), (0 bytes).
    Removing hal_pal.o(.text.palReadBus), (10 bytes).
    Removing hal_pal.o(.ARM.exidx.text.palReadBus), (8 bytes).
    Removing hal_pal.o(.text.palWriteBus), (24 bytes).
    Removing hal_pal.o(.ARM.exidx.text.palWriteBus), (8 bytes).
    Removing hal_pal.o(.text.palSetBusMode), (20 bytes).
    Removing hal_pal.o(.ARM.exidx.text.palSetBusMode), (8 bytes).
    Removing hal_pwm.o(.text), (0 bytes).
    Removing hal_pwm.o(.ARM.exidx.text.pwmInit), (8 bytes).
    Removing hal_pwm.o(.text.pwmObjectInit), (14 bytes).
    Removing hal_pwm.o(.ARM.exidx.text.pwmObjectInit), (8 bytes).
    Removing hal_pwm.o(.text.pwmStart), (36 bytes).
    Removing hal_pwm.o(.ARM.exidx.text.pwmStart), (8 bytes).
    Removing hal_pwm.o(.text.pwmStop), (30 bytes).
    Removing hal_pwm.o(.ARM.exidx.text.pwmStop), (8 bytes).
    Removing hal_pwm.o(.text.pwmChangePeriod), (12 bytes).
    Removing hal_pwm.o(.ARM.exidx.text.pwmChangePeriod), (8 bytes).
    Removing hal_pwm.o(.text.pwmEnableChannel), (26 bytes).
    Removing hal_pwm.o(.ARM.exidx.text.pwmEnableChannel), (8 bytes).
    Removing hal_pwm.o(.text.pwmDisableChannel), (26 bytes).
    Removing hal_pwm.o(.ARM.exidx.text.pwmDisableChannel), (8 bytes).
    Removing hal_pwm.o(.text.pwmEnablePeriodicNotification), (16 bytes).
    Removing hal_pwm.o(.ARM.exidx.text.pwmEnablePeriodicNotification), (8 bytes).
    Removing hal_pwm.o(.text.pwmDisablePeriodicNotification), (16 bytes).
    Removing hal_pwm.o(.ARM.exidx.text.pwmDisablePeriodicNotification), (8 bytes).
    Removing hal_pwm.o(.text.pwmEnableChannelNotification), (16 bytes).
    Removing hal_pwm.o(.ARM.exidx.text.pwmEnableChannelNotification), (8 bytes).
    Removing hal_pwm.o(.text.pwmDisableChannelNotification), (16 bytes).
    Removing hal_pwm.o(.ARM.exidx.text.pwmDisableChannelNotification), (8 bytes).
    Removing hal_queues.o(.text), (0 bytes).
    Removing hal_queues.o(.text.iqObjectInit), (28 bytes).
    Removing hal_queues.o(.ARM.exidx.text.iqObjectInit), (8 bytes).
    Removing hal_queues.o(.text.iqResetI), (18 bytes).
    Removing hal_queues.o(.ARM.exidx.text.iqResetI), (8 bytes).
    Removing hal_queues.o(.text.osalThreadDequeueAllI), (12 bytes).
    Removing hal_queues.o(.ARM.exidx.text.osalThreadDequeueAllI), (8 bytes).
    Removing hal_queues.o(.text.iqPutI), (54 bytes).
    Removing hal_queues.o(.ARM.exidx.text.iqPutI), (8 bytes).
    Removing hal_queues.o(.text.osalThreadDequeueNextI), (10 bytes).
    Removing hal_queues.o(.ARM.exidx.text.osalThreadDequeueNextI), (8 bytes).
    Removing hal_queues.o(.text.iqGetI), (50 bytes).
    Removing hal_queues.o(.ARM.exidx.text.iqGetI), (8 bytes).
    Removing hal_queues.o(.text.iqGetTimeout), (76 bytes).
    Removing hal_queues.o(.ARM.exidx.text.iqGetTimeout), (8 bytes).
    Removing hal_queues.o(.text.iqReadI), (28 bytes).
    Removing hal_queues.o(.ARM.exidx.text.iqReadI), (8 bytes).
    Removing hal_queues.o(.text.iq_read), (90 bytes).
    Removing hal_queues.o(.ARM.exidx.text.iq_read), (8 bytes).
    Removing hal_queues.o(.text.iqReadTimeout), (94 bytes).
    Removing hal_queues.o(.ARM.exidx.text.iqReadTimeout), (8 bytes).
    Removing hal_queues.o(.text.oqObjectInit), (26 bytes).
    Removing hal_queues.o(.ARM.exidx.text.oqObjectInit), (8 bytes).
    Removing hal_queues.o(.text.oqResetI), (20 bytes).
    Removing hal_queues.o(.ARM.exidx.text.oqResetI), (8 bytes).
    Removing hal_queues.o(.text.oqPutI), (52 bytes).
    Removing hal_queues.o(.ARM.exidx.text.oqPutI), (8 bytes).
    Removing hal_queues.o(.text.oqPutTimeout), (78 bytes).
    Removing hal_queues.o(.ARM.exidx.text.oqPutTimeout), (8 bytes).
    Removing hal_queues.o(.text.oqGetI), (52 bytes).
    Removing hal_queues.o(.ARM.exidx.text.oqGetI), (8 bytes).
    Removing hal_queues.o(.text.oqWriteI), (28 bytes).
    Removing hal_queues.o(.ARM.exidx.text.oqWriteI), (8 bytes).
    Removing hal_queues.o(.text.oq_write), (90 bytes).
    Removing hal_queues.o(.ARM.exidx.text.oq_write), (8 bytes).
    Removing hal_queues.o(.text.oqWriteTimeout), (94 bytes).
    Removing hal_queues.o(.ARM.exidx.text.oqWriteTimeout), (8 bytes).
    Removing hal_rtc.o(.text), (0 bytes).
    Removing hal_sdc.o(.text), (0 bytes).
    Removing hal_serial.o(.text), (0 bytes).
    Removing hal_serial_usb.o(.text), (0 bytes).
    Removing hal_spi.o(.text), (0 bytes).
    Removing hal_st.o(.text), (0 bytes).
    Removing hal_st.o(.ARM.exidx.text.stInit), (8 bytes).
    Removing hal_uart.o(.text), (0 bytes).
    Removing hal_usb.o(.text), (0 bytes).
    Removing hal_usb.o(.ARM.exidx.text.usbInit), (8 bytes).
    Removing hal_usb.o(.ARM.exidx.text.usbObjectInit), (8 bytes).
    Removing hal_usb.o(.ARM.exidx.text.usbStart), (8 bytes).
    Removing hal_usb.o(.ARM.exidx.text.usbStop), (8 bytes).
    Removing hal_usb.o(.ARM.exidx.text.osalThreadResumeI), (8 bytes).
    Removing hal_usb.o(.ARM.exidx.text.usbInitEndpointI), (8 bytes).
    Removing hal_usb.o(.ARM.exidx.text.usbDisableEndpointsI), (8 bytes).
    Removing hal_usb.o(.ARM.exidx.text.usbStartReceiveI), (8 bytes).
    Removing hal_usb.o(.ARM.exidx.text.usbStartTransmitI), (8 bytes).
    Removing hal_usb.o(.text.usbReceive), (50 bytes).
    Removing hal_usb.o(.ARM.exidx.text.usbReceive), (8 bytes).
    Removing hal_usb.o(.text.osalThreadSuspendS), (12 bytes).
    Removing hal_usb.o(.ARM.exidx.text.osalThreadSuspendS), (8 bytes).
    Removing hal_usb.o(.text.usbTransmit), (50 bytes).
    Removing hal_usb.o(.ARM.exidx.text.usbTransmit), (8 bytes).
    Removing hal_usb.o(.text.usbStallReceiveI), (24 bytes).
    Removing hal_usb.o(.ARM.exidx.text.usbStallReceiveI), (8 bytes).
    Removing hal_usb.o(.text.usbStallTransmitI), (24 bytes).
    Removing hal_usb.o(.ARM.exidx.text.usbStallTransmitI), (8 bytes).
    Removing hal_usb.o(.ARM.exidx.text.usbWakeupHost), (8 bytes).
    Removing hal_usb.o(.ARM.exidx.text._usb_reset), (8 bytes).
    Removing hal_usb.o(.text._usb_suspend), (90 bytes).
    Removing hal_usb.o(.ARM.exidx.text._usb_suspend), (8 bytes).
    Removing hal_usb.o(.text._usb_wakeup), (28 bytes).
    Removing hal_usb.o(.ARM.exidx.text._usb_wakeup), (8 bytes).
    Removing hal_usb.o(.ARM.exidx.text._usb_ep0setup), (8 bytes).
    Removing hal_usb.o(.ARM.exidx.text._usb_ep0in), (8 bytes).
    Removing hal_usb.o(.ARM.exidx.text._usb_ep0out), (8 bytes).
    Removing hal_wdg.o(.text), (0 bytes).
    Removing hal_crypto.o(.text), (0 bytes).
    Removing hal_efl.o(.text), (0 bytes).
    Removing hal_flash.o(.text), (0 bytes).
    Removing hal_flash.o(.text.flashWaitErase), (60 bytes).
    Removing hal_flash.o(.ARM.exidx.text.flashWaitErase), (8 bytes).
    Removing hal_flash.o(.text.flashGetSectorOffset), (30 bytes).
    Removing hal_flash.o(.ARM.exidx.text.flashGetSectorOffset), (8 bytes).
    Removing hal_flash.o(.text.flashGetSectorSize), (30 bytes).
    Removing hal_flash.o(.ARM.exidx.text.flashGetSectorSize), (8 bytes).
    Removing hal_flash.o(.text.flashGetOffsetSector), (62 bytes).
    Removing hal_flash.o(.ARM.exidx.text.flashGetOffsetSector), (8 bytes).
    Removing hal_flash.o(.text.flashGetOffsetAddress), (16 bytes).
    Removing hal_flash.o(.ARM.exidx.text.flashGetOffsetAddress), (8 bytes).
    Removing hal_flash.o(.text.flashGetAddressOffset), (16 bytes).
    Removing hal_flash.o(.ARM.exidx.text.flashGetAddressOffset), (8 bytes).
    Removing hal_sio.o(.text), (0 bytes).
    Removing hal_trng.o(.text), (0 bytes).
    Removing hal_wspi.o(.text), (0 bytes).
    Removing hal_lld.o(.text), (0 bytes).
    Removing hal_lld.o(.ARM.exidx.text.ffffff), (8 bytes).
    Removing hal_lld.o(.ARM.exidx.text.rt_hw_hard_fault_exception), (8 bytes).
    Removing hal_lld.o(.ARM.exidx.text.es_test_printf), (8 bytes).
    Removing hal_lld.o(.ARM.exidx.text.HardFault_Handler), (8 bytes).
    Removing hal_lld.o(.ARM.exidx.text.gpio_config), (8 bytes).
    Removing hal_lld.o(.ARM.exidx.text.hal_lld_init), (8 bytes).
    Removing hal_lld.o(.bss.g_es_systick_time), (4 bytes).
    Removing hal_lld.o(.bss.HRC48Frequency), (4 bytes).
    Removing hal_lld.o(.bss.PLL0Frequency), (4 bytes).
    Removing hal_adc_lld.o(.text), (0 bytes).
    Removing hal_pal_lld.o(.text), (0 bytes).
    Removing hal_pal_lld.o(.ARM.exidx.text._pal_lld_init), (8 bytes).
    Removing hal_pal_lld.o(.ARM.exidx.text._pal_lld_setgroupmode), (8 bytes).
    Removing hal_i2c_lld.o(.text), (0 bytes).
    Removing hal_spi_lld.o(.text), (0 bytes).
    Removing hal_gpt_lld.o(.text), (0 bytes).
    Removing hal_pwm_lld.o(.text), (0 bytes).
    Removing hal_pwm_lld.o(.ARM.exidx.text.pwm_lld_init), (8 bytes).
    Removing hal_pwm_lld.o(.text.pwm_lld_start), (2 bytes).
    Removing hal_pwm_lld.o(.ARM.exidx.text.pwm_lld_start), (8 bytes).
    Removing hal_pwm_lld.o(.text.pwm_lld_stop), (2 bytes).
    Removing hal_pwm_lld.o(.ARM.exidx.text.pwm_lld_stop), (8 bytes).
    Removing hal_pwm_lld.o(.text.pwm_lld_enable_channel), (2 bytes).
    Removing hal_pwm_lld.o(.ARM.exidx.text.pwm_lld_enable_channel), (8 bytes).
    Removing hal_pwm_lld.o(.text.pwm_lld_disable_channel), (2 bytes).
    Removing hal_pwm_lld.o(.ARM.exidx.text.pwm_lld_disable_channel), (8 bytes).
    Removing hal_pwm_lld.o(.text.pwm_lld_enable_periodic_notification), (2 bytes).
    Removing hal_pwm_lld.o(.ARM.exidx.text.pwm_lld_enable_periodic_notification), (8 bytes).
    Removing hal_pwm_lld.o(.text.pwm_lld_disable_periodic_notification), (2 bytes).
    Removing hal_pwm_lld.o(.ARM.exidx.text.pwm_lld_disable_periodic_notification), (8 bytes).
    Removing hal_pwm_lld.o(.text.pwm_lld_enable_channel_notification), (2 bytes).
    Removing hal_pwm_lld.o(.ARM.exidx.text.pwm_lld_enable_channel_notification), (8 bytes).
    Removing hal_pwm_lld.o(.text.pwm_lld_disable_channel_notification), (2 bytes).
    Removing hal_pwm_lld.o(.ARM.exidx.text.pwm_lld_disable_channel_notification), (8 bytes).
    Removing hal_st_lld.o(.text), (0 bytes).
    Removing hal_st_lld.o(.ARM.exidx.text.SysTick_Handler), (8 bytes).
    Removing hal_st_lld.o(.ARM.exidx.text.st_lld_init), (8 bytes).
    Removing hal_serial_lld.o(.text), (0 bytes).
    Removing hal_uart_lld.o(.text), (0 bytes).
    Removing hal_usb_lld.o(.text), (0 bytes).
    Removing hal_usb_lld.o(.ARM.exidx.text.ald_usb_fifo_config_set_no_assert), (8 bytes).
    Removing hal_usb_lld.o(.text.usbd_ep_set_stall), (48 bytes).
    Removing hal_usb_lld.o(.ARM.exidx.text.usbd_ep_set_stall), (8 bytes).
    Removing hal_usb_lld.o(.text.usbd_ep_clear_stall), (36 bytes).
    Removing hal_usb_lld.o(.ARM.exidx.text.usbd_ep_clear_stall), (8 bytes).
    Removing hal_usb_lld.o(.text.usbd_ep_is_stalled), (4 bytes).
    Removing hal_usb_lld.o(.ARM.exidx.text.usbd_ep_is_stalled), (8 bytes).
    Removing hal_usb_lld.o(.ARM.exidx.text.es_usb_ep_out_data_avail), (8 bytes).
    Removing hal_usb_lld.o(.text.usb_ep_out_data_avail), (28 bytes).
    Removing hal_usb_lld.o(.ARM.exidx.text.usb_ep_out_data_avail), (8 bytes).
    Removing hal_usb_lld.o(.ARM.exidx.text.usb_ep_in_data_avail), (8 bytes).
    Removing hal_usb_lld.o(.text.usb_ep_wait_in_data_avail), (40 bytes).
    Removing hal_usb_lld.o(.ARM.exidx.text.usb_ep_wait_in_data_avail), (8 bytes).
    Removing hal_usb_lld.o(.ARM.exidx.text.usbd_read_packet), (8 bytes).
    Removing hal_usb_lld.o(.ARM.exidx.text.es_usbd_ep_read_packet_8bit), (8 bytes).
    Removing hal_usb_lld.o(.ARM.exidx.text.usbd_write_packet), (8 bytes).
    Removing hal_usb_lld.o(.ARM.exidx.text.usbd_ep_start_write), (8 bytes).
    Removing hal_usb_lld.o(.ARM.exidx.text.usbd_ep_start_read), (8 bytes).
    Removing hal_usb_lld.o(.ARM.exidx.text.handle_ep0), (8 bytes).
    Removing hal_usb_lld.o(.ARM.exidx.text.VectorBC), (8 bytes).
    Removing hal_usb_lld.o(.ARM.exidx.text.usb_lld_init), (8 bytes).
    Removing hal_usb_lld.o(.ARM.exidx.text.usb_lld_start), (8 bytes).
    Removing hal_usb_lld.o(.ARM.exidx.text.usb_lld_stop), (8 bytes).
    Removing hal_usb_lld.o(.ARM.exidx.text.usb_lld_reset), (8 bytes).
    Removing hal_usb_lld.o(.ARM.exidx.text.usb_lld_set_address), (8 bytes).
    Removing hal_usb_lld.o(.ARM.exidx.text.usb_lld_init_endpoint), (8 bytes).
    Removing hal_usb_lld.o(.ARM.exidx.text.es_usbd_get_fifo_size16_log2_min8), (8 bytes).
    Removing hal_usb_lld.o(.ARM.exidx.text.usb_lld_disable_endpoints), (8 bytes).
    Removing hal_usb_lld.o(.ARM.exidx.text.usb_lld_get_status_out), (8 bytes).
    Removing hal_usb_lld.o(.ARM.exidx.text.usb_lld_get_status_in), (8 bytes).
    Removing hal_usb_lld.o(.ARM.exidx.text.usb_lld_read_setup), (8 bytes).
    Removing hal_usb_lld.o(.ARM.exidx.text.usb_lld_start_out), (8 bytes).
    Removing hal_usb_lld.o(.ARM.exidx.text.usb_lld_start_in), (8 bytes).
    Removing hal_usb_lld.o(.ARM.exidx.text.usb_lld_stall_out), (8 bytes).
    Removing hal_usb_lld.o(.ARM.exidx.text.usb_lld_stall_in), (8 bytes).
    Removing hal_usb_lld.o(.ARM.exidx.text.usb_lld_clear_out), (8 bytes).
    Removing hal_usb_lld.o(.ARM.exidx.text.usb_lld_clear_in), (8 bytes).
    Removing hal_usb_lld.o(.text.usb_lld_end_setup), (2 bytes).
    Removing hal_usb_lld.o(.ARM.exidx.text.usb_lld_end_setup), (8 bytes).
    Removing hal_usb_lld.o(.bss.zlp_flag), (1 bytes).
    Removing hal_wdg_lld.o(.text), (0 bytes).
    Removing board.o(.text), (0 bytes).
    Removing board.o(.ARM.exidx.text.__chibios_override___early_init), (8 bytes).
    Removing board.o(.ARM.exidx.text.__chibios_override_boardInit), (8 bytes).
    Removing board.o(.ARM.exidx.text.restart_usb_driver), (8 bytes).
    Removing ald_usb.o(.text), (0 bytes).
    Removing ald_usb.o(.text.ald_usb_frame_number_get), (16 bytes).
    Removing ald_usb.o(.ARM.exidx.text.ald_usb_frame_number_get), (8 bytes).
    Removing ald_usb.o(.text.ald_usb_otg_session_request), (20 bytes).
    Removing ald_usb.o(.ARM.exidx.text.ald_usb_otg_session_request), (8 bytes).
    Removing ald_usb.o(.text.ald_usb_mode_get), (16 bytes).
    Removing ald_usb.o(.ARM.exidx.text.ald_usb_mode_get), (8 bytes).
    Removing ald_usb.o(.text.ald_usb_mode_host_req), (20 bytes).
    Removing ald_usb.o(.ARM.exidx.text.ald_usb_mode_host_req), (8 bytes).
    Removing ald_usb.o(.text.ald_usb_mode_host_req_clear), (20 bytes).
    Removing ald_usb.o(.ARM.exidx.text.ald_usb_mode_host_req_clear), (8 bytes).
    Removing ald_usb.o(.text.ald_usb_high_speed_enable), (2 bytes).
    Removing ald_usb.o(.ARM.exidx.text.ald_usb_high_speed_enable), (8 bytes).
    Removing ald_usb.o(.text.ald_usb_device_speed_get), (4 bytes).
    Removing ald_usb.o(.ARM.exidx.text.ald_usb_device_speed_get), (8 bytes).
    Removing ald_usb.o(.text.ald_usb_num_ep_get), (4 bytes).
    Removing ald_usb.o(.ARM.exidx.text.ald_usb_num_ep_get), (8 bytes).
    Removing ald_usb.o(.text.ald_usb_control_reset), (2 bytes).
    Removing ald_usb.o(.ARM.exidx.text.ald_usb_control_reset), (8 bytes).
    Removing ald_usb.o(.text.ald_usb_clock_output), (2 bytes).
    Removing ald_usb.o(.ARM.exidx.text.ald_usb_clock_output), (8 bytes).
    Removing ald_usb.o(.text.ald_usb_eye_diagram_start), (4 bytes).
    Removing ald_usb.o(.ARM.exidx.text.ald_usb_eye_diagram_start), (8 bytes).
    Removing ald_usb.o(.text.ald_usb_dppud_set), (24 bytes).
    Removing ald_usb.o(.ARM.exidx.text.ald_usb_dppud_set), (8 bytes).
    Removing ald_usb.o(.text.ald_usb_dmpud_set), (24 bytes).
    Removing ald_usb.o(.ARM.exidx.text.ald_usb_dmpud_set), (8 bytes).
    Removing ald_usb.o(.text.ald_usb_swcid_host), (24 bytes).
    Removing ald_usb.o(.ARM.exidx.text.ald_usb_swcid_host), (8 bytes).
    Removing ald_usb.o(.text.ald_usb_swcid_cidctrl), (24 bytes).
    Removing ald_usb.o(.ARM.exidx.text.ald_usb_swcid_cidctrl), (8 bytes).
    Removing ald_usb.o(.text.ald_usb_dev_get_addr), (12 bytes).
    Removing ald_usb.o(.ARM.exidx.text.ald_usb_dev_get_addr), (8 bytes).
    Removing ald_usb.o(.text.ald_usb_dev_set_addr), (12 bytes).
    Removing ald_usb.o(.ARM.exidx.text.ald_usb_dev_set_addr), (8 bytes).
    Removing ald_usb.o(.ARM.exidx.text.ald_usb_dev_connect), (8 bytes).
    Removing ald_usb.o(.ARM.exidx.text.ald_usb_dev_disconnect), (8 bytes).
    Removing ald_usb.o(.text.ald_usb_dev_suspend_enable), (16 bytes).
    Removing ald_usb.o(.ARM.exidx.text.ald_usb_dev_suspend_enable), (8 bytes).
    Removing ald_usb.o(.ARM.exidx.text.ald_usb_dev_ep_config), (8 bytes).
    Removing ald_usb.o(.text.ald_usb_dev_ep_get_config), (76 bytes).
    Removing ald_usb.o(.ARM.exidx.text.ald_usb_dev_ep_get_config), (8 bytes).
    Removing ald_usb.o(.text.ald_usb_dev_ep_data_ack), (40 bytes).
    Removing ald_usb.o(.ARM.exidx.text.ald_usb_dev_ep_data_ack), (8 bytes).
    Removing ald_usb.o(.ARM.exidx.text.ald_usb_dev_ep_stall), (8 bytes).
    Removing ald_usb.o(.ARM.exidx.text.ald_usb_dev_ep_stall_clear), (8 bytes).
    Removing ald_usb.o(.text.ald_usb_dev_ep_status_clear), (84 bytes).
    Removing ald_usb.o(.ARM.exidx.text.ald_usb_dev_ep_status_clear), (8 bytes).
    Removing ald_usb.o(.text.ald_usb_host_addr_get), (12 bytes).
    Removing ald_usb.o(.ARM.exidx.text.ald_usb_host_addr_get), (8 bytes).
    Removing ald_usb.o(.text.ald_usb_host_addr_set), (12 bytes).
    Removing ald_usb.o(.ARM.exidx.text.ald_usb_host_addr_set), (8 bytes).
    Removing ald_usb.o(.text.ald_usb_host_ep_config), (88 bytes).
    Removing ald_usb.o(.ARM.exidx.text.ald_usb_host_ep_config), (8 bytes).
    Removing ald_usb.o(.text.ald_usb_host_ep_data_ack), (32 bytes).
    Removing ald_usb.o(.ARM.exidx.text.ald_usb_host_ep_data_ack), (8 bytes).
    Removing ald_usb.o(.text.ald_usb_host_ep_data_toggle), (2 bytes).
    Removing ald_usb.o(.ARM.exidx.text.ald_usb_host_ep_data_toggle), (8 bytes).
    Removing ald_usb.o(.text.ald_usb_host_ep_status_clear), (28 bytes).
    Removing ald_usb.o(.ARM.exidx.text.ald_usb_host_ep_status_clear), (8 bytes).
    Removing ald_usb.o(.text.ald_usb_host_hub_addr_get), (4 bytes).
    Removing ald_usb.o(.ARM.exidx.text.ald_usb_host_hub_addr_get), (8 bytes).
    Removing ald_usb.o(.text.ald_usb_host_hub_addr_set), (2 bytes).
    Removing ald_usb.o(.ARM.exidx.text.ald_usb_host_hub_addr_set), (8 bytes).
    Removing ald_usb.o(.text.ald_usb_host_pwr_disable), (16 bytes).
    Removing ald_usb.o(.ARM.exidx.text.ald_usb_host_pwr_disable), (8 bytes).
    Removing ald_usb.o(.text.ald_usb_host_pwr_enable), (16 bytes).
    Removing ald_usb.o(.ARM.exidx.text.ald_usb_host_pwr_enable), (8 bytes).
    Removing ald_usb.o(.text.ald_usb_host_pwr_config), (2 bytes).
    Removing ald_usb.o(.ARM.exidx.text.ald_usb_host_pwr_config), (8 bytes).
    Removing ald_usb.o(.text.ald_usb_host_pwr_fault_disable), (2 bytes).
    Removing ald_usb.o(.ARM.exidx.text.ald_usb_host_pwr_fault_disable), (8 bytes).
    Removing ald_usb.o(.text.ald_usb_host_pwr_fault_enable), (2 bytes).
    Removing ald_usb.o(.ARM.exidx.text.ald_usb_host_pwr_fault_enable), (8 bytes).
    Removing ald_usb.o(.text.ald_usb_host_request_in), (32 bytes).
    Removing ald_usb.o(.ARM.exidx.text.ald_usb_host_request_in), (8 bytes).
    Removing ald_usb.o(.text.ald_usb_host_request_in_clear), (32 bytes).
    Removing ald_usb.o(.ARM.exidx.text.ald_usb_host_request_in_clear), (8 bytes).
    Removing ald_usb.o(.text.ald_usb_host_request_status), (16 bytes).
    Removing ald_usb.o(.ARM.exidx.text.ald_usb_host_request_status), (8 bytes).
    Removing ald_usb.o(.text.ald_usb_host_reset), (24 bytes).
    Removing ald_usb.o(.ARM.exidx.text.ald_usb_host_reset), (8 bytes).
    Removing ald_usb.o(.text.ald_usb_host_resume), (24 bytes).
    Removing ald_usb.o(.ARM.exidx.text.ald_usb_host_resume), (8 bytes).
    Removing ald_usb.o(.text.ald_usb_host_suspend), (16 bytes).
    Removing ald_usb.o(.ARM.exidx.text.ald_usb_host_suspend), (8 bytes).
    Removing ald_usb.o(.text.ald_usb_host_speed_get), (32 bytes).
    Removing ald_usb.o(.ARM.exidx.text.ald_usb_host_speed_get), (8 bytes).
    Removing ald_usb.o(.text.ald_usb_host_ep_speed_set), (2 bytes).
    Removing ald_usb.o(.ARM.exidx.text.ald_usb_host_ep_speed_set), (8 bytes).
    Removing ald_usb.o(.text.ald_usb_host_ep_ping), (2 bytes).
    Removing ald_usb.o(.ARM.exidx.text.ald_usb_host_ep_ping), (8 bytes).
    Removing ald_usb.o(.ARM.exidx.text.ald_usb_ep_data_avail), (8 bytes).
    Removing ald_usb.o(.text.ald_usb_ep_data_get), (80 bytes).
    Removing ald_usb.o(.ARM.exidx.text.ald_usb_ep_data_get), (8 bytes).
    Removing ald_usb.o(.text.ald_usb_ep_data_put), (56 bytes).
    Removing ald_usb.o(.ARM.exidx.text.ald_usb_ep_data_put), (8 bytes).
    Removing ald_usb.o(.text.ald_usb_ep_data_send), (40 bytes).
    Removing ald_usb.o(.ARM.exidx.text.ald_usb_ep_data_send), (8 bytes).
    Removing ald_usb.o(.text.ald_usb_ep_data_toggle_clear), (32 bytes).
    Removing ald_usb.o(.ARM.exidx.text.ald_usb_ep_data_toggle_clear), (8 bytes).
    Removing ald_usb.o(.text.ald_usb_ep_req_packet_count), (2 bytes).
    Removing ald_usb.o(.ARM.exidx.text.ald_usb_ep_req_packet_count), (8 bytes).
    Removing ald_usb.o(.text.ald_usb_ep_status), (24 bytes).
    Removing ald_usb.o(.ARM.exidx.text.ald_usb_ep_status), (8 bytes).
    Removing ald_usb.o(.text.ald_usb_ep_dma_config), (2 bytes).
    Removing ald_usb.o(.ARM.exidx.text.ald_usb_ep_dma_config), (8 bytes).
    Removing ald_usb.o(.text.ald_usb_fifo_addr_get), (4 bytes).
    Removing ald_usb.o(.ARM.exidx.text.ald_usb_fifo_addr_get), (8 bytes).
    Removing ald_usb.o(.text.ald_usb_fifo_config_get), (68 bytes).
    Removing ald_usb.o(.ARM.exidx.text.ald_usb_fifo_config_get), (8 bytes).
    Removing ald_usb.o(.text.ald_usb_fifo_config_set), (76 bytes).
    Removing ald_usb.o(.ARM.exidx.text.ald_usb_fifo_config_set), (8 bytes).
    Removing ald_usb.o(.text.ald_usb_fifo_flush), (68 bytes).
    Removing ald_usb.o(.ARM.exidx.text.ald_usb_fifo_flush), (8 bytes).
    Removing ald_usb.o(.text.ald_usb_int_disable), (20 bytes).
    Removing ald_usb.o(.ARM.exidx.text.ald_usb_int_disable), (8 bytes).
    Removing ald_usb.o(.ARM.exidx.text.ald_usb_int_enable), (8 bytes).
    Removing ald_usb.o(.ARM.exidx.text.ald_usb_int_status_get), (8 bytes).
    Removing ald_usb.o(.text.ald_usb_int_disable_ep), (32 bytes).
    Removing ald_usb.o(.ARM.exidx.text.ald_usb_int_disable_ep), (8 bytes).
    Removing ald_usb.o(.ARM.exidx.text.ald_usb_int_enable_ep), (8 bytes).
    Removing ald_usb.o(.ARM.exidx.text.ald_usb_int_status_ep_get), (8 bytes).
    Removing ald_usb.o(.ARM.exidx.text.ald_usb_int_register), (8 bytes).
    Removing ald_usb.o(.ARM.exidx.text.ald_usb_int_unregister), (8 bytes).
    Removing ald_usb.o(.text.ald_usb_int_num_get), (4 bytes).
    Removing ald_usb.o(.ARM.exidx.text.ald_usb_int_num_get), (8 bytes).
    Removing ald_usb.o(.text.ald_usb_lpm_remote_wake_is_enable), (4 bytes).
    Removing ald_usb.o(.ARM.exidx.text.ald_usb_lpm_remote_wake_is_enable), (8 bytes).
    Removing ald_usb.o(.text.ald_usb_lpm_link_status_get), (4 bytes).
    Removing ald_usb.o(.ARM.exidx.text.ald_usb_lpm_link_status_get), (8 bytes).
    Removing ald_usb.o(.text.ald_usb_lpm_ep_get), (4 bytes).
    Removing ald_usb.o(.ARM.exidx.text.ald_usb_lpm_ep_get), (8 bytes).
    Removing ald_usb.o(.text.ald_usb_lpm_int_status_get), (4 bytes).
    Removing ald_usb.o(.ARM.exidx.text.ald_usb_lpm_int_status_get), (8 bytes).
    Removing ald_usb.o(.text.ald_usb_lpm_int_disable), (2 bytes).
    Removing ald_usb.o(.ARM.exidx.text.ald_usb_lpm_int_disable), (8 bytes).
    Removing ald_usb.o(.text.ald_usb_lpm_int_enable), (2 bytes).
    Removing ald_usb.o(.ARM.exidx.text.ald_usb_lpm_int_enable), (8 bytes).
    Removing ald_usb.o(.text.ald_usb_host_lpm_send), (2 bytes).
    Removing ald_usb.o(.ARM.exidx.text.ald_usb_host_lpm_send), (8 bytes).
    Removing ald_usb.o(.text.ald_usb_host_lpm_config), (2 bytes).
    Removing ald_usb.o(.ARM.exidx.text.ald_usb_host_lpm_config), (8 bytes).
    Removing ald_usb.o(.text.ald_usb_host_lpm_resume), (2 bytes).
    Removing ald_usb.o(.ARM.exidx.text.ald_usb_host_lpm_resume), (8 bytes).
    Removing ald_usb.o(.text.ald_usb_dev_lpm_remote_wake), (2 bytes).
    Removing ald_usb.o(.ARM.exidx.text.ald_usb_dev_lpm_remote_wake), (8 bytes).
    Removing ald_usb.o(.text.ald_usb_dev_lpm_config), (2 bytes).
    Removing ald_usb.o(.ARM.exidx.text.ald_usb_dev_lpm_config), (8 bytes).
    Removing ald_usb.o(.text.ald_usb_dev_lpm_enable), (2 bytes).
    Removing ald_usb.o(.ARM.exidx.text.ald_usb_dev_lpm_enable), (8 bytes).
    Removing ald_usb.o(.text.ald_usb_dev_lpm_disable), (2 bytes).
    Removing ald_usb.o(.ARM.exidx.text.ald_usb_dev_lpm_disable), (8 bytes).
    Removing ald_usb.o(.text.ald_usb_swvbus_sigctl_set), (24 bytes).
    Removing ald_usb.o(.ARM.exidx.text.ald_usb_swvbus_sigctl_set), (8 bytes).
    Removing ald_usb.o(.text.ald_usb_swvbus_sigctl_get), (16 bytes).
    Removing ald_usb.o(.ARM.exidx.text.ald_usb_swvbus_sigctl_get), (8 bytes).
    Removing ald_usb.o(.text.ald_usb_swvbus_sesendth_set), (28 bytes).
    Removing ald_usb.o(.ARM.exidx.text.ald_usb_swvbus_sesendth_set), (8 bytes).
    Removing ald_usb.o(.text.ald_usb_swvbus_sesendth_get), (16 bytes).
    Removing ald_usb.o(.ARM.exidx.text.ald_usb_swvbus_sesendth_get), (8 bytes).
    Removing ald_usb.o(.text.ald_usb_swvbus_sesvalth_set), (28 bytes).
    Removing ald_usb.o(.ARM.exidx.text.ald_usb_swvbus_sesvalth_set), (8 bytes).
    Removing ald_usb.o(.text.ald_usb_swvbus_sesvalth_get), (16 bytes).
    Removing ald_usb.o(.ARM.exidx.text.ald_usb_swvbus_sesvalth_get), (8 bytes).
    Removing ald_usb.o(.text.ald_usb_swvbus_valth_set), (28 bytes).
    Removing ald_usb.o(.ARM.exidx.text.ald_usb_swvbus_valth_set), (8 bytes).
    Removing ald_usb.o(.text.ald_usb_swvbus_valth_get), (16 bytes).
    Removing ald_usb.o(.ARM.exidx.text.ald_usb_swvbus_valth_get), (8 bytes).
    Removing ald_usb.o(.text.ald_usb_host_components_init), (212 bytes).
    Removing ald_usb.o(.ARM.exidx.text.ald_usb_host_components_init), (8 bytes).
    Removing ald_usb.o(.ARM.exidx.text.ald_usb_device_components_init), (8 bytes).
    Removing utils.o(.text), (0 bytes).
    Removing utils.o(.text.ald_init), (10 bytes).
    Removing utils.o(.ARM.exidx.text.ald_init), (8 bytes).
    Removing utils.o(.text.__init_tick), (52 bytes).
    Removing utils.o(.ARM.exidx.text.__init_tick), (8 bytes).
    Removing utils.o(.text.SysTick_Config), (48 bytes).
    Removing utils.o(.ARM.exidx.text.SysTick_Config), (8 bytes).
    Removing utils.o(.text.systick_interval_select), (32 bytes).
    Removing utils.o(.ARM.exidx.text.systick_interval_select), (8 bytes).
    Removing utils.o(.text.__inc_tick), (16 bytes).
    Removing utils.o(.ARM.exidx.text.__inc_tick), (8 bytes).
    Removing utils.o(.text.systick_irq_cbk), (2 bytes).
    Removing utils.o(.ARM.exidx.text.systick_irq_cbk), (8 bytes).
    Removing utils.o(.text.__get_tick), (12 bytes).
    Removing utils.o(.ARM.exidx.text.__get_tick), (8 bytes).
    Removing utils.o(.text.__delay_ms), (84 bytes).
    Removing utils.o(.ARM.exidx.text.__delay_ms), (8 bytes).
    Removing utils.o(.text.__suspend_tick), (16 bytes).
    Removing utils.o(.ARM.exidx.text.__suspend_tick), (8 bytes).
    Removing utils.o(.text.__resume_tick), (16 bytes).
    Removing utils.o(.ARM.exidx.text.__resume_tick), (8 bytes).
    Removing utils.o(.text.get_lib_version), (6 bytes).
    Removing utils.o(.ARM.exidx.text.get_lib_version), (8 bytes).
    Removing utils.o(.text.__wait_flag), (64 bytes).
    Removing utils.o(.ARM.exidx.text.__wait_flag), (8 bytes).
    Removing utils.o(.text.mcu_irq_config), (128 bytes).
    Removing utils.o(.ARM.exidx.text.mcu_irq_config), (8 bytes).
    Removing utils.o(.text.mcu_get_tick), (16 bytes).
    Removing utils.o(.ARM.exidx.text.mcu_get_tick), (8 bytes).
    Removing utils.o(.text.mcu_get_cpu_id), (12 bytes).
    Removing utils.o(.ARM.exidx.text.mcu_get_cpu_id), (8 bytes).
    Removing utils.o(.text.__clear_tick), (12 bytes).
    Removing utils.o(.ARM.exidx.text.__clear_tick), (8 bytes).
    Removing utils.o(.data.__systick_interval), (4 bytes).
    Removing utils.o(.bss.lib_tick), (4 bytes).
    Removing md_adc.o(.text), (0 bytes).
    Removing md_adc.o(.text.md_adc_set_normal_sequence_selection_1th), (16 bytes).
    Removing md_adc.o(.ARM.exidx.text.md_adc_set_normal_sequence_selection_1th), (8 bytes).
    Removing md_adc.o(.text.md_adc_set_normal_sequence_selection_2th), (16 bytes).
    Removing md_adc.o(.ARM.exidx.text.md_adc_set_normal_sequence_selection_2th), (8 bytes).
    Removing md_adc.o(.text.md_adc_set_normal_sequence_selection_3th), (16 bytes).
    Removing md_adc.o(.ARM.exidx.text.md_adc_set_normal_sequence_selection_3th), (8 bytes).
    Removing md_adc.o(.text.md_adc_set_normal_sequence_selection_4th), (16 bytes).
    Removing md_adc.o(.ARM.exidx.text.md_adc_set_normal_sequence_selection_4th), (8 bytes).
    Removing md_adc.o(.text.md_adc_set_normal_sequence_selection_5th), (12 bytes).
    Removing md_adc.o(.ARM.exidx.text.md_adc_set_normal_sequence_selection_5th), (8 bytes).
    Removing md_adc.o(.text.md_adc_set_normal_sequence_selection_6th), (16 bytes).
    Removing md_adc.o(.ARM.exidx.text.md_adc_set_normal_sequence_selection_6th), (8 bytes).
    Removing md_adc.o(.text.md_adc_set_normal_sequence_selection_7th), (16 bytes).
    Removing md_adc.o(.ARM.exidx.text.md_adc_set_normal_sequence_selection_7th), (8 bytes).
    Removing md_adc.o(.text.md_adc_set_normal_sequence_selection_8th), (16 bytes).
    Removing md_adc.o(.ARM.exidx.text.md_adc_set_normal_sequence_selection_8th), (8 bytes).
    Removing md_adc.o(.text.md_adc_set_normal_sequence_selection_9th), (16 bytes).
    Removing md_adc.o(.ARM.exidx.text.md_adc_set_normal_sequence_selection_9th), (8 bytes).
    Removing md_adc.o(.text.md_adc_set_normal_sequence_selection_10th), (12 bytes).
    Removing md_adc.o(.ARM.exidx.text.md_adc_set_normal_sequence_selection_10th), (8 bytes).
    Removing md_adc.o(.text.md_adc_set_normal_sequence_selection_11th), (16 bytes).
    Removing md_adc.o(.ARM.exidx.text.md_adc_set_normal_sequence_selection_11th), (8 bytes).
    Removing md_adc.o(.text.md_adc_set_normal_sequence_selection_12th), (16 bytes).
    Removing md_adc.o(.ARM.exidx.text.md_adc_set_normal_sequence_selection_12th), (8 bytes).
    Removing md_adc.o(.text.md_adc_set_normal_sequence_selection_13th), (16 bytes).
    Removing md_adc.o(.ARM.exidx.text.md_adc_set_normal_sequence_selection_13th), (8 bytes).
    Removing md_adc.o(.text.md_adc_set_normal_sequence_selection_14th), (16 bytes).
    Removing md_adc.o(.ARM.exidx.text.md_adc_set_normal_sequence_selection_14th), (8 bytes).
    Removing md_adc.o(.text.md_adc_set_normal_sequence_selection_15th), (12 bytes).
    Removing md_adc.o(.ARM.exidx.text.md_adc_set_normal_sequence_selection_15th), (8 bytes).
    Removing md_adc.o(.text.md_adc_set_normal_sequence_selection_16th), (16 bytes).
    Removing md_adc.o(.ARM.exidx.text.md_adc_set_normal_sequence_selection_16th), (8 bytes).
    Removing md_adc.o(.text.md_adc_set_inj_sequence_selection_1th), (16 bytes).
    Removing md_adc.o(.ARM.exidx.text.md_adc_set_inj_sequence_selection_1th), (8 bytes).
    Removing md_adc.o(.text.md_adc_set_inj_sequence_selection_2th), (16 bytes).
    Removing md_adc.o(.ARM.exidx.text.md_adc_set_inj_sequence_selection_2th), (8 bytes).
    Removing md_adc.o(.text.md_adc_set_inj_sequence_selection_3th), (16 bytes).
    Removing md_adc.o(.ARM.exidx.text.md_adc_set_inj_sequence_selection_3th), (8 bytes).
    Removing md_adc.o(.text.md_adc_set_inj_sequence_selection_4th), (16 bytes).
    Removing md_adc.o(.ARM.exidx.text.md_adc_set_inj_sequence_selection_4th), (8 bytes).
    Removing md_adc.o(.text.md_adc_init), (100 bytes).
    Removing md_adc.o(.ARM.exidx.text.md_adc_init), (8 bytes).
    Removing md_adc.o(.text.md_adc_sequence_conversion), (100 bytes).
    Removing md_adc.o(.ARM.exidx.text.md_adc_sequence_conversion), (8 bytes).
    Removing md_adc.o(.text.md_adc_software_calibration), (448 bytes).
    Removing md_adc.o(.ARM.exidx.text.md_adc_software_calibration), (8 bytes).
    Removing md_adc.o(.text.md_adc_optionbyte_calibration), (80 bytes).
    Removing md_adc.o(.ARM.exidx.text.md_adc_optionbyte_calibration), (8 bytes).
    Removing md_adc.o(.text.md_adc_get_calibration), (20 bytes).
    Removing md_adc.o(.ARM.exidx.text.md_adc_get_calibration), (8 bytes).
    Removing md_adc.o(.text.md_adc_calibration), (48 bytes).
    Removing md_adc.o(.ARM.exidx.text.md_adc_calibration), (8 bytes).
    Removing md_adc.o(.text.md_adc_get_data), (6 bytes).
    Removing md_adc.o(.ARM.exidx.text.md_adc_get_data), (8 bytes).
    Removing md_adc.o(.data..L_MergedGlobals), (80 bytes).
    Removing md_crc.o(.text), (0 bytes).
    Removing md_crc.o(.text.md_crc_deinit), (40 bytes).
    Removing md_crc.o(.ARM.exidx.text.md_crc_deinit), (8 bytes).
    Removing md_csu.o(.text), (0 bytes).
    Removing md_csu.o(.text.md_csu_init), (66 bytes).
    Removing md_csu.o(.ARM.exidx.text.md_csu_init), (8 bytes).
    Removing md_csu.o(.text.md_csu_set), (96 bytes).
    Removing md_csu.o(.ARM.exidx.text.md_csu_set), (8 bytes).
    Removing md_dma.o(.text), (0 bytes).
    Removing md_dma.o(.text.md_dma_init), (472 bytes).
    Removing md_dma.o(.ARM.exidx.text.md_dma_init), (8 bytes).
    Removing md_dma.o(.text.md_dma_set_primary_channel_source_data_end_address), (24 bytes).
    Removing md_dma.o(.ARM.exidx.text.md_dma_set_primary_channel_source_data_end_address), (8 bytes).
    Removing md_dma.o(.text.md_dma_set_primary_channel_destination_data_end_address), (24 bytes).
    Removing md_dma.o(.ARM.exidx.text.md_dma_set_primary_channel_destination_data_end_address), (8 bytes).
    Removing md_dma.o(.text.md_dma_set_primary_channel_transfer_number), (40 bytes).
    Removing md_dma.o(.ARM.exidx.text.md_dma_set_primary_channel_transfer_number), (8 bytes).
    Removing md_dma.o(.text.md_dma_set_alternate_channel_transfer_number), (40 bytes).
    Removing md_dma.o(.ARM.exidx.text.md_dma_set_alternate_channel_transfer_number), (8 bytes).
    Removing md_dma.o(.text.md_dma_set_channel_data_start_address_and_length), (8 bytes).
    Removing md_dma.o(.ARM.exidx.text.md_dma_set_channel_data_start_address_and_length), (8 bytes).
    Removing md_dma.o(.text.md_dma_set_primary_channel_destination_data_start_address_and_length), (16 bytes).
    Removing md_dma.o(.ARM.exidx.text.md_dma_set_primary_channel_destination_data_start_address_and_length), (8 bytes).
    Removing md_dma.o(.text.md_dma_set_primary_channel_source_data_start_address_and_length), (16 bytes).
    Removing md_dma.o(.ARM.exidx.text.md_dma_set_primary_channel_source_data_start_address_and_length), (8 bytes).
    Removing md_fc.o(.text), (0 bytes).
    Removing md_fc.o(.text.md_fc_unlock), (48 bytes).
    Removing md_fc.o(.ARM.exidx.text.md_fc_unlock), (8 bytes).
    Removing md_fc.o(.text.md_fc_lock), (28 bytes).
    Removing md_fc.o(.ARM.exidx.text.md_fc_lock), (8 bytes).
    Removing md_fc.o(.text.md_fc_main_erase), (52 bytes).
    Removing md_fc.o(.ARM.exidx.text.md_fc_main_erase), (8 bytes).
    Removing md_fc.o(.text.md_fc_sector_erase), (64 bytes).
    Removing md_fc.o(.ARM.exidx.text.md_fc_sector_erase), (8 bytes).
    Removing md_fc.o(.text.md_fc_page_erase), (64 bytes).
    Removing md_fc.o(.ARM.exidx.text.md_fc_page_erase), (8 bytes).
    Removing md_fc.o(.text.md_fc_info_page_erase), (76 bytes).
    Removing md_fc.o(.ARM.exidx.text.md_fc_info_page_erase), (8 bytes).
    Removing md_fc.o(.text.md_fc_program), (104 bytes).
    Removing md_fc.o(.ARM.exidx.text.md_fc_program), (8 bytes).
    Removing md_fc.o(.text.md_fc_info_program), (136 bytes).
    Removing md_fc.o(.ARM.exidx.text.md_fc_info_program), (8 bytes).
    Removing md_fc.o(.text.md_fc_read), (52 bytes).
    Removing md_fc.o(.ARM.exidx.text.md_fc_read), (8 bytes).
    Removing md_fc.o(.text.md_fc_update_ucrp), (44 bytes).
    Removing md_fc.o(.ARM.exidx.text.md_fc_update_ucrp), (8 bytes).
    Removing md_fc.o(.text.md_fc_update_rp), (36 bytes).
    Removing md_fc.o(.ARM.exidx.text.md_fc_update_rp), (8 bytes).
    Removing md_fc.o(.text.md_fc_update_wp), (44 bytes).
    Removing md_fc.o(.ARM.exidx.text.md_fc_update_wp), (8 bytes).
    Removing md_fc.o(.text.md_fc_clear_ucrp), (64 bytes).
    Removing md_fc.o(.ARM.exidx.text.md_fc_clear_ucrp), (8 bytes).
    Removing md_fc.o(.text.md_fc_clear_wp), (68 bytes).
    Removing md_fc.o(.ARM.exidx.text.md_fc_clear_wp), (8 bytes).
    Removing md_fc.o(.text.md_fc_clear_user_option), (68 bytes).
    Removing md_fc.o(.ARM.exidx.text.md_fc_clear_user_option), (8 bytes).
    Removing md_fc.o(.text.md_fc_option_byte_reload), (32 bytes).
    Removing md_fc.o(.ARM.exidx.text.md_fc_option_byte_reload), (8 bytes).
    Removing md_fc.o(.text.md_fc_read_info), (52 bytes).
    Removing md_fc.o(.ARM.exidx.text.md_fc_read_info), (8 bytes).
    Removing md_fc.o(.text.md_fc_read_chipid), (52 bytes).
    Removing md_fc.o(.ARM.exidx.text.md_fc_read_chipid), (8 bytes).
    Removing md_fc.o(.text.md_fc_read_uid), (76 bytes).
    Removing md_fc.o(.ARM.exidx.text.md_fc_read_uid), (8 bytes).
    Removing md_fc.o(.text.md_fc_protect_bit), (44 bytes).
    Removing md_fc.o(.ARM.exidx.text.md_fc_protect_bit), (8 bytes).
    Removing md_fc.o(.text.md_fc_protect_bit_s), (26 bytes).
    Removing md_fc.o(.ARM.exidx.text.md_fc_protect_bit_s), (8 bytes).
    Removing md_gpio.o(.text), (0 bytes).
    Removing md_gpio.o(.text.md_gpio_deinit), (92 bytes).
    Removing md_gpio.o(.ARM.exidx.text.md_gpio_deinit), (8 bytes).
    Removing md_gpio.o(.ARM.exidx.text.md_gpio_init), (8 bytes).
    Removing md_i2c.o(.text), (0 bytes).
    Removing md_i2c.o(.text.md_i2c_clear_txbuff), (38 bytes).
    Removing md_i2c.o(.ARM.exidx.text.md_i2c_clear_txbuff), (8 bytes).
    Removing md_i2c.o(.text.md_i2c_deinit), (68 bytes).
    Removing md_i2c.o(.ARM.exidx.text.md_i2c_deinit), (8 bytes).
    Removing md_i2c.o(.text.md_i2c_init), (200 bytes).
    Removing md_i2c.o(.ARM.exidx.text.md_i2c_init), (8 bytes).
    Removing md_i2c.o(.text.md_i2c_master_send), (128 bytes).
    Removing md_i2c.o(.ARM.exidx.text.md_i2c_master_send), (8 bytes).
    Removing md_i2c.o(.text.md_i2c_master_setting), (196 bytes).
    Removing md_i2c.o(.ARM.exidx.text.md_i2c_master_setting), (8 bytes).
    Removing md_i2c.o(.text.md_i2c_handler_transfer), (46 bytes).
    Removing md_i2c.o(.ARM.exidx.text.md_i2c_handler_transfer), (8 bytes).
    Removing md_i2c.o(.text.md_i2c_set_transmit_length), (46 bytes).
    Removing md_i2c.o(.ARM.exidx.text.md_i2c_set_transmit_length), (8 bytes).
    Removing md_i2c.o(.text.md_i2c_master_receive), (120 bytes).
    Removing md_i2c.o(.ARM.exidx.text.md_i2c_master_receive), (8 bytes).
    Removing md_i2c.o(.text.md_i2c_slave_send), (38 bytes).
    Removing md_i2c.o(.ARM.exidx.text.md_i2c_slave_send), (8 bytes).
    Removing md_i2c.o(.text.md_i2c_slave_receive), (68 bytes).
    Removing md_i2c.o(.ARM.exidx.text.md_i2c_slave_receive), (8 bytes).
    Removing md_rcu.o(.text), (0 bytes).
    Removing md_rcu.o(.ARM.exidx.text.md_tick_init_rcu), (8 bytes).
    Removing md_rcu.o(.ARM.exidx.text.md_tick_waitms_rcu), (8 bytes).
    Removing md_rcu.o(.text.md_tick_wait100us_rcu), (64 bytes).
    Removing md_rcu.o(.ARM.exidx.text.md_tick_wait100us_rcu), (8 bytes).
    Removing md_rcu.o(.text.md_tick_wait10us_rcu), (60 bytes).
    Removing md_rcu.o(.ARM.exidx.text.md_tick_wait10us_rcu), (8 bytes).
    Removing md_rcu.o(.ARM.exidx.text.md_rcu_check_hosc_ready), (8 bytes).
    Removing md_rcu.o(.ARM.exidx.text.md_rcu_sys_init), (8 bytes).
    Removing md_rcu.o(.ARM.exidx.text.md_rcu_pll0_init), (8 bytes).
    Removing md_rcu.o(.text.md_rcu_hrc_software_trim), (30 bytes).
    Removing md_rcu.o(.ARM.exidx.text.md_rcu_hrc_software_trim), (8 bytes).
    Removing md_rcu.o(.text.md_rcu_hrc_disable_software_trim), (14 bytes).
    Removing md_rcu.o(.ARM.exidx.text.md_rcu_hrc_disable_software_trim), (8 bytes).
    Removing md_rcu.o(.text.md_rcu_hrc48_software_trim), (40 bytes).
    Removing md_rcu.o(.ARM.exidx.text.md_rcu_hrc48_software_trim), (8 bytes).
    Removing md_rcu.o(.text.md_rcu_hrc48_disable_software_trim), (14 bytes).
    Removing md_rcu.o(.ARM.exidx.text.md_rcu_hrc48_disable_software_trim), (8 bytes).
    Removing md_rcu.o(.text.md_rcu_get_hrc_option_trim_value), (20 bytes).
    Removing md_rcu.o(.ARM.exidx.text.md_rcu_get_hrc_option_trim_value), (8 bytes).
    Removing md_rcu.o(.text.md_rcu_get_hrc48_option_trim_value), (20 bytes).
    Removing md_rcu.o(.ARM.exidx.text.md_rcu_get_hrc48_option_trim_value), (8 bytes).
    Removing md_rtc.o(.text), (0 bytes).
    Removing md_rtc.o(.text.md_rtc_deinit), (44 bytes).
    Removing md_rtc.o(.ARM.exidx.text.md_rtc_deinit), (8 bytes).
    Removing md_rtc.o(.text.md_rtc_init), (50 bytes).
    Removing md_rtc.o(.ARM.exidx.text.md_rtc_init), (8 bytes).
    Removing md_rtc.o(.text.md_rtc_structinit), (14 bytes).
    Removing md_rtc.o(.ARM.exidx.text.md_rtc_structinit), (8 bytes).
    Removing md_rtc.o(.text.md_rtc_time_init), (64 bytes).
    Removing md_rtc.o(.ARM.exidx.text.md_rtc_time_init), (8 bytes).
    Removing md_rtc.o(.text.md_rtc_time_structinit), (14 bytes).
    Removing md_rtc.o(.ARM.exidx.text.md_rtc_time_structinit), (8 bytes).
    Removing md_rtc.o(.text.md_rtc_date_init), (48 bytes).
    Removing md_rtc.o(.ARM.exidx.text.md_rtc_date_init), (8 bytes).
    Removing md_rtc.o(.text.md_rtc_date_structinit), (12 bytes).
    Removing md_rtc.o(.ARM.exidx.text.md_rtc_date_structinit), (8 bytes).
    Removing md_rtc.o(.text.md_rtc_alarm_init), (120 bytes).
    Removing md_rtc.o(.ARM.exidx.text.md_rtc_alarm_init), (8 bytes).
    Removing md_rtc.o(.text.md_rtc_alarm_structinit), (20 bytes).
    Removing md_rtc.o(.ARM.exidx.text.md_rtc_alarm_structinit), (8 bytes).
    Removing md_rtc.o(.text.md_rtc_disable), (12 bytes).
    Removing md_rtc.o(.ARM.exidx.text.md_rtc_disable), (8 bytes).
    Removing md_rtc.o(.text.md_rtc_enable), (12 bytes).
    Removing md_rtc.o(.ARM.exidx.text.md_rtc_enable), (8 bytes).
    Removing md_spi.o(.text), (0 bytes).
    Removing md_spi.o(.text.md_spi_struct_init), (30 bytes).
    Removing md_spi.o(.ARM.exidx.text.md_spi_struct_init), (8 bytes).
    Removing md_spi.o(.text.md_spi_init), (190 bytes).
    Removing md_spi.o(.ARM.exidx.text.md_spi_init), (8 bytes).
    Removing md_spi.o(.text.md_spi_deinit), (108 bytes).
    Removing md_spi.o(.ARM.exidx.text.md_spi_deinit), (8 bytes).
    Removing md_spi.o(.text.md_spi_recv_byte), (12 bytes).
    Removing md_spi.o(.ARM.exidx.text.md_spi_recv_byte), (8 bytes).
    Removing md_spi.o(.text.md_spi_send_byte), (10 bytes).
    Removing md_spi.o(.ARM.exidx.text.md_spi_send_byte), (8 bytes).
    Removing md_spi.o(.text.md_spi_recv_halfword), (12 bytes).
    Removing md_spi.o(.ARM.exidx.text.md_spi_recv_halfword), (8 bytes).
    Removing md_spi.o(.text.md_spi_send_halfword), (10 bytes).
    Removing md_spi.o(.ARM.exidx.text.md_spi_send_halfword), (8 bytes).
    Removing md_tick.o(.text), (0 bytes).
    Removing md_tick.o(.text.md_tick_init), (116 bytes).
    Removing md_tick.o(.ARM.exidx.text.md_tick_init), (8 bytes).
    Removing md_tick.o(.text.md_tick_get_mscnt), (32 bytes).
    Removing md_tick.o(.ARM.exidx.text.md_tick_get_mscnt), (8 bytes).
    Removing md_tick.o(.text.md_tick_get_100uscnt), (32 bytes).
    Removing md_tick.o(.ARM.exidx.text.md_tick_get_100uscnt), (8 bytes).
    Removing md_tick.o(.text.md_tick_get_10uscnt), (32 bytes).
    Removing md_tick.o(.ARM.exidx.text.md_tick_get_10uscnt), (8 bytes).
    Removing md_tick.o(.text.md_tick_waitms), (52 bytes).
    Removing md_tick.o(.ARM.exidx.text.md_tick_waitms), (8 bytes).
    Removing md_tick.o(.text.md_tick_wait100us), (52 bytes).
    Removing md_tick.o(.ARM.exidx.text.md_tick_wait100us), (8 bytes).
    Removing md_tick.o(.text.md_tick_wait10us), (52 bytes).
    Removing md_tick.o(.ARM.exidx.text.md_tick_wait10us), (8 bytes).
    Removing md_tick.o(.bss..L_MergedGlobals), (12 bytes).
    Removing md_uart.o(.text), (0 bytes).
    Removing md_uart.o(.text.md_uart_setting_baudrate), (24 bytes).
    Removing md_uart.o(.ARM.exidx.text.md_uart_setting_baudrate), (8 bytes).
    Removing md_uart.o(.ARM.exidx.text.md_uart_init), (8 bytes).
    Removing md_uart.o(.text.md_uart_send), (10 bytes).
    Removing md_uart.o(.ARM.exidx.text.md_uart_send), (8 bytes).
    Removing md_uart.o(.text.md_uart_send_string), (28 bytes).
    Removing md_uart.o(.ARM.exidx.text.md_uart_send_string), (8 bytes).
    Removing md_uart.o(.text.md_uart_receive), (12 bytes).
    Removing md_uart.o(.ARM.exidx.text.md_uart_receive), (8 bytes).
    Removing md_uart.o(.text.md_uart_receive_string), (24 bytes).
    Removing md_uart.o(.ARM.exidx.text.md_uart_receive_string), (8 bytes).
    Removing md_uart.o(.text.md_uart_getting_baudrate), (20 bytes).
    Removing md_uart.o(.ARM.exidx.text.md_uart_getting_baudrate), (8 bytes).
    Removing md_utils.o(.text), (0 bytes).
    Removing md_utils.o(.text.md_init_1ms_tick), (36 bytes).
    Removing md_utils.o(.ARM.exidx.text.md_init_1ms_tick), (8 bytes).
    Removing md_utils.o(.text.md_systick_irq_cbk), (2 bytes).
    Removing md_utils.o(.ARM.exidx.text.md_systick_irq_cbk), (8 bytes).
    Removing md_utils.o(.text.md_inc_tick), (20 bytes).
    Removing md_utils.o(.ARM.exidx.text.md_inc_tick), (8 bytes).
    Removing md_utils.o(.text.md_get_tick), (12 bytes).
    Removing md_utils.o(.ARM.exidx.text.md_get_tick), (8 bytes).
    Removing md_utils.o(.text.md_delay_1ms), (40 bytes).
    Removing md_utils.o(.ARM.exidx.text.md_delay_1ms), (8 bytes).
    Removing md_utils.o(.text.md_delay_1us), (52 bytes).
    Removing md_utils.o(.ARM.exidx.text.md_delay_1us), (8 bytes).
    Removing md_utils.o(.text.md_mcu_irq_config), (120 bytes).
    Removing md_utils.o(.ARM.exidx.text.md_mcu_irq_config), (8 bytes).
    Removing md_utils.o(.text.md_mcu_get_cpu_id), (12 bytes).
    Removing md_utils.o(.ARM.exidx.text.md_mcu_get_cpu_id), (8 bytes).
    Removing md_utils.o(.text.md_mcu_get_uid), (56 bytes).
    Removing md_utils.o(.ARM.exidx.text.md_mcu_get_uid), (8 bytes).
    Removing md_utils.o(.text.md_mcu_get_chipid), (12 bytes).
    Removing md_utils.o(.ARM.exidx.text.md_mcu_get_chipid), (8 bytes).
    Removing md_utils.o(.bss.__md_tick), (4 bytes).
    Removing md_wwdt.o(.text), (0 bytes).
    Removing md_wwdt.o(.text.md_wwdt_init), (72 bytes).
    Removing md_wwdt.o(.ARM.exidx.text.md_wwdt_init), (8 bytes).
    Removing system_es32f0283.o(.text), (0 bytes).
    Removing system_es32f0283.o(.text.SystemInit), (2 bytes).
    Removing system_es32f0283.o(.ARM.exidx.text.SystemInit), (8 bytes).
    Removing quantum.o(.text), (0 bytes).
    Removing quantum.o(.text.extract_mod_bits), (34 bytes).
    Removing quantum.o(.ARM.exidx.text.extract_mod_bits), (8 bytes).
    Removing quantum.o(.text.do_code16), (12 bytes).
    Removing quantum.o(.ARM.exidx.text.do_code16), (8 bytes).
    Removing quantum.o(.text.register_code16), (48 bytes).
    Removing quantum.o(.ARM.exidx.text.register_code16), (8 bytes).
    Removing quantum.o(.text.unregister_code16), (48 bytes).
    Removing quantum.o(.ARM.exidx.text.unregister_code16), (8 bytes).
    Removing quantum.o(.text.tap_code16_delay), (32 bytes).
    Removing quantum.o(.ARM.exidx.text.tap_code16_delay), (8 bytes).
    Removing quantum.o(.text.tap_code16), (18 bytes).
    Removing quantum.o(.ARM.exidx.text.tap_code16), (8 bytes).
    Removing quantum.o(.ARM.exidx.text.pre_process_record_kb), (8 bytes).
    Removing quantum.o(.ARM.exidx.text.pre_process_record_user), (8 bytes).
    Removing quantum.o(.ARM.exidx.text.process_action_kb), (8 bytes).
    Removing quantum.o(.ARM.exidx.text.process_record_kb), (8 bytes).
    Removing quantum.o(.ARM.exidx.text.process_record_user), (8 bytes).
    Removing quantum.o(.ARM.exidx.text.post_process_record_kb), (8 bytes).
    Removing quantum.o(.ARM.exidx.text.post_process_record_user), (8 bytes).
    Removing quantum.o(.ARM.exidx.text.shutdown_quantum), (8 bytes).
    Removing quantum.o(.ARM.exidx.text.shutdown_kb), (8 bytes).
    Removing quantum.o(.ARM.exidx.text.reset_keyboard), (8 bytes).
    Removing quantum.o(.ARM.exidx.text.soft_reset_keyboard), (8 bytes).
    Removing quantum.o(.ARM.exidx.text.get_record_keycode), (8 bytes).
    Removing quantum.o(.ARM.exidx.text.get_event_keycode), (8 bytes).
    Removing quantum.o(.ARM.exidx.text.pre_process_record_quantum), (8 bytes).
    Removing quantum.o(.ARM.exidx.text.post_process_record_quantum), (8 bytes).
    Removing quantum.o(.ARM.exidx.text.process_record_quantum), (8 bytes).
    Removing quantum.o(.text.set_single_persistent_default_layer), (22 bytes).
    Removing quantum.o(.ARM.exidx.text.set_single_persistent_default_layer), (8 bytes).
    Removing quantum.o(.ARM.exidx.text.shutdown_user), (8 bytes).
    Removing quantum.o(.text.suspend_power_down_quantum), (12 bytes).
    Removing quantum.o(.ARM.exidx.text.suspend_power_down_quantum), (8 bytes).
    Removing quantum.o(.text.suspend_wakeup_init_quantum), (12 bytes).
    Removing quantum.o(.ARM.exidx.text.suspend_wakeup_init_quantum), (8 bytes).
    Removing quantum.o(.text.get_numeric_str), (74 bytes).
    Removing quantum.o(.ARM.exidx.text.get_numeric_str), (8 bytes).
    Removing quantum.o(.text.get_u8_str), (48 bytes).
    Removing quantum.o(.ARM.exidx.text.get_u8_str), (8 bytes).
    Removing quantum.o(.text.get_u16_str), (48 bytes).
    Removing quantum.o(.ARM.exidx.text.get_u16_str), (8 bytes).
    Removing quantum.o(.data.get_u8_str.last_num), (1 bytes).
    Removing quantum.o(.data.get_u16_str.last_num), (2 bytes).
    Removing quantum.o(.bss..L_MergedGlobals), (12 bytes).
    Removing keymap_introspection.o(.text), (0 bytes).
    Removing keymap_introspection.o(.text.keymap_layer_count_raw), (4 bytes).
    Removing keymap_introspection.o(.ARM.exidx.text.keymap_layer_count_raw), (8 bytes).
    Removing keymap_introspection.o(.text.keymap_layer_count), (4 bytes).
    Removing keymap_introspection.o(.ARM.exidx.text.keymap_layer_count), (8 bytes).
    Removing keymap_introspection.o(.ARM.exidx.text.keycode_at_keymap_location_raw), (8 bytes).
    Removing keymap_introspection.o(.ARM.exidx.text.keycode_at_keymap_location), (8 bytes).
    Removing action_layer.o(.text), (0 bytes).
    Removing action_layer.o(.ARM.exidx.text.default_layer_state_set_user), (8 bytes).
    Removing action_layer.o(.ARM.exidx.text.default_layer_state_set_kb), (8 bytes).
    Removing action_layer.o(.ARM.exidx.text.default_layer_debug), (8 bytes).
    Removing action_layer.o(.ARM.exidx.text.default_layer_set), (8 bytes).
    Removing action_layer.o(.ARM.exidx.text.default_layer_state_set), (8 bytes).
    Removing action_layer.o(.ARM.exidx.text.default_layer_or), (8 bytes).
    Removing action_layer.o(.ARM.exidx.text.default_layer_and), (8 bytes).
    Removing action_layer.o(.ARM.exidx.text.default_layer_xor), (8 bytes).
    Removing action_layer.o(.ARM.exidx.text.layer_state_set_user), (8 bytes).
    Removing action_layer.o(.ARM.exidx.text.layer_state_set_kb), (8 bytes).
    Removing action_layer.o(.ARM.exidx.text.layer_state_set), (8 bytes).
    Removing action_layer.o(.ARM.exidx.text.layer_debug), (8 bytes).
    Removing action_layer.o(.ARM.exidx.text.layer_clear), (8 bytes).
    Removing action_layer.o(.text.layer_state_is), (28 bytes).
    Removing action_layer.o(.ARM.exidx.text.layer_state_is), (8 bytes).
    Removing action_layer.o(.text.layer_state_cmp), (20 bytes).
    Removing action_layer.o(.ARM.exidx.text.layer_state_cmp), (8 bytes).
    Removing action_layer.o(.ARM.exidx.text.layer_move), (8 bytes).
    Removing action_layer.o(.ARM.exidx.text.layer_on), (8 bytes).
    Removing action_layer.o(.ARM.exidx.text.layer_off), (8 bytes).
    Removing action_layer.o(.ARM.exidx.text.layer_invert), (8 bytes).
    Removing action_layer.o(.ARM.exidx.text.layer_or), (8 bytes).
    Removing action_layer.o(.ARM.exidx.text.layer_and), (8 bytes).
    Removing action_layer.o(.ARM.exidx.text.layer_xor), (8 bytes).
    Removing action_layer.o(.ARM.exidx.text.update_source_layers_cache_impl), (8 bytes).
    Removing action_layer.o(.ARM.exidx.text.read_source_layers_cache_impl), (8 bytes).
    Removing action_layer.o(.ARM.exidx.text.update_source_layers_cache), (8 bytes).
    Removing action_layer.o(.ARM.exidx.text.read_source_layers_cache), (8 bytes).
    Removing action_layer.o(.ARM.exidx.text.store_or_get_action), (8 bytes).
    Removing action_layer.o(.ARM.exidx.text.layer_switch_get_action), (8 bytes).
    Removing action_layer.o(.ARM.exidx.text.layer_switch_get_layer), (8 bytes).
    Removing action_layer.o(.text.update_tri_layer_state), (36 bytes).
    Removing action_layer.o(.ARM.exidx.text.update_tri_layer_state), (8 bytes).
    Removing action_layer.o(.text.update_tri_layer), (28 bytes).
    Removing action_layer.o(.ARM.exidx.text.update_tri_layer), (8 bytes).
    Removing action.o(.text), (0 bytes).
    Removing action.o(.ARM.exidx.text.action_exec), (8 bytes).
    Removing action.o(.ARM.exidx.text.debug_event), (8 bytes).
    Removing action.o(.text.process_record_nocache), (24 bytes).
    Removing action.o(.ARM.exidx.text.process_record_nocache), (8 bytes).
    Removing action.o(.ARM.exidx.text.process_record), (8 bytes).
    Removing action.o(.text.process_record_quantum), (4 bytes).
    Removing action.o(.ARM.exidx.text.process_record_quantum), (8 bytes).
    Removing action.o(.text.post_process_record_quantum), (2 bytes).
    Removing action.o(.ARM.exidx.text.post_process_record_quantum), (8 bytes).
    Removing action.o(.ARM.exidx.text.process_record_tap_hint), (8 bytes).
    Removing action.o(.ARM.exidx.text.process_record_handler), (8 bytes).
    Removing action.o(.text.debug_action), (2 bytes).
    Removing action.o(.ARM.exidx.text.debug_action), (8 bytes).
    Removing action.o(.ARM.exidx.text.process_action), (8 bytes).
    Removing action.o(.text.register_mouse), (2 bytes).
    Removing action.o(.ARM.exidx.text.register_mouse), (8 bytes).
    Removing action.o(.ARM.exidx.text.register_code), (8 bytes).
    Removing action.o(.ARM.exidx.text.unregister_code), (8 bytes).
    Removing action.o(.ARM.exidx.text.register_mods), (8 bytes).
    Removing action.o(.ARM.exidx.text.unregister_mods), (8 bytes).
    Removing action.o(.ARM.exidx.text.tap_code_delay), (8 bytes).
    Removing action.o(.ARM.exidx.text.tap_code), (8 bytes).
    Removing action.o(.text.register_weak_mods), (16 bytes).
    Removing action.o(.ARM.exidx.text.register_weak_mods), (8 bytes).
    Removing action.o(.text.unregister_weak_mods), (16 bytes).
    Removing action.o(.ARM.exidx.text.unregister_weak_mods), (8 bytes).
    Removing action.o(.ARM.exidx.text.clear_keyboard), (8 bytes).
    Removing action.o(.ARM.exidx.text.clear_keyboard_but_mods), (8 bytes).
    Removing action.o(.ARM.exidx.text.clear_keyboard_but_mods_and_keys), (8 bytes).
    Removing action.o(.ARM.exidx.text.is_tap_record), (8 bytes).
    Removing action.o(.ARM.exidx.text.is_tap_action), (8 bytes).
    Removing action.o(.ARM.exidx.text.debug_record), (8 bytes).
    Removing action.o(.bss.tp_buttons), (4 bytes).
    Removing led.o(.text), (0 bytes).
    Removing led.o(.text.last_led_activity_time), (12 bytes).
    Removing led.o(.ARM.exidx.text.last_led_activity_time), (8 bytes).
    Removing led.o(.text.last_led_activity_elapsed), (16 bytes).
    Removing led.o(.ARM.exidx.text.last_led_activity_elapsed), (8 bytes).
    Removing led.o(.ARM.exidx.text.led_set_user), (8 bytes).
    Removing led.o(.ARM.exidx.text.led_update_user), (8 bytes).
    Removing led.o(.ARM.exidx.text.led_update_kb), (8 bytes).
    Removing led.o(.ARM.exidx.text.led_update_ports), (8 bytes).
    Removing led.o(.ARM.exidx.text.led_init_ports), (8 bytes).
    Removing led.o(.ARM.exidx.text.led_set), (8 bytes).
    Removing led.o(.text.led_suspend), (10 bytes).
    Removing led.o(.ARM.exidx.text.led_suspend), (8 bytes).
    Removing led.o(.text.led_wakeup), (12 bytes).
    Removing led.o(.ARM.exidx.text.led_wakeup), (8 bytes).
    Removing led.o(.ARM.exidx.text.led_task), (8 bytes).
    Removing eeconfig.o(.text), (0 bytes).
    Removing eeconfig.o(.ARM.exidx.text.eeconfig_init_user), (8 bytes).
    Removing eeconfig.o(.ARM.exidx.text.eeconfig_update_user), (8 bytes).
    Removing eeconfig.o(.ARM.exidx.text.eeconfig_init_kb), (8 bytes).
    Removing eeconfig.o(.ARM.exidx.text.eeconfig_update_kb), (8 bytes).
    Removing eeconfig.o(.ARM.exidx.text.eeconfig_init_quantum), (8 bytes).
    Removing eeconfig.o(.ARM.exidx.text.eeconfig_init), (8 bytes).
    Removing eeconfig.o(.text.eeconfig_enable), (16 bytes).
    Removing eeconfig.o(.ARM.exidx.text.eeconfig_enable), (8 bytes).
    Removing eeconfig.o(.ARM.exidx.text.eeconfig_disable), (8 bytes).
    Removing eeconfig.o(.ARM.exidx.text.eeconfig_is_enabled), (8 bytes).
    Removing eeconfig.o(.text.eeconfig_is_disabled), (36 bytes).
    Removing eeconfig.o(.ARM.exidx.text.eeconfig_is_disabled), (8 bytes).
    Removing eeconfig.o(.ARM.exidx.text.eeconfig_read_debug), (8 bytes).
    Removing eeconfig.o(.text.eeconfig_update_debug), (12 bytes).
    Removing eeconfig.o(.ARM.exidx.text.eeconfig_update_debug), (8 bytes).
    Removing eeconfig.o(.ARM.exidx.text.eeconfig_read_default_layer), (8 bytes).
    Removing eeconfig.o(.text.eeconfig_update_default_layer), (12 bytes).
    Removing eeconfig.o(.ARM.exidx.text.eeconfig_update_default_layer), (8 bytes).
    Removing eeconfig.o(.ARM.exidx.text.eeconfig_read_keymap), (8 bytes).
    Removing eeconfig.o(.ARM.exidx.text.eeconfig_update_keymap), (8 bytes).
    Removing eeconfig.o(.text.eeconfig_read_audio), (10 bytes).
    Removing eeconfig.o(.ARM.exidx.text.eeconfig_read_audio), (8 bytes).
    Removing eeconfig.o(.text.eeconfig_update_audio), (12 bytes).
    Removing eeconfig.o(.ARM.exidx.text.eeconfig_update_audio), (8 bytes).
    Removing eeconfig.o(.text.eeconfig_read_kb), (10 bytes).
    Removing eeconfig.o(.ARM.exidx.text.eeconfig_read_kb), (8 bytes).
    Removing eeconfig.o(.text.eeconfig_read_user), (10 bytes).
    Removing eeconfig.o(.ARM.exidx.text.eeconfig_read_user), (8 bytes).
    Removing eeconfig.o(.text.eeconfig_read_haptic), (10 bytes).
    Removing eeconfig.o(.ARM.exidx.text.eeconfig_read_haptic), (8 bytes).
    Removing eeconfig.o(.text.eeconfig_update_haptic), (12 bytes).
    Removing eeconfig.o(.ARM.exidx.text.eeconfig_update_haptic), (8 bytes).
    Removing eeconfig.o(.text.eeconfig_read_handedness), (14 bytes).
    Removing eeconfig.o(.ARM.exidx.text.eeconfig_read_handedness), (8 bytes).
    Removing eeconfig.o(.ARM.exidx.text.eeconfig_update_handedness), (8 bytes).
    Removing action_util.o(.text), (0 bytes).
    Removing action_util.o(.text.add_key), (8 bytes).
    Removing action_util.o(.ARM.exidx.text.add_key), (8 bytes).
    Removing action_util.o(.text.del_key), (8 bytes).
    Removing action_util.o(.ARM.exidx.text.del_key), (8 bytes).
    Removing action_util.o(.text.clear_keys), (8 bytes).
    Removing action_util.o(.ARM.exidx.text.clear_keys), (8 bytes).
    Removing action_util.o(.text.get_oneshot_locked_mods), (12 bytes).
    Removing action_util.o(.ARM.exidx.text.get_oneshot_locked_mods), (8 bytes).
    Removing action_util.o(.text.add_oneshot_locked_mods), (32 bytes).
    Removing action_util.o(.ARM.exidx.text.add_oneshot_locked_mods), (8 bytes).
    Removing action_util.o(.ARM.exidx.text.oneshot_locked_mods_changed_kb), (8 bytes).
    Removing action_util.o(.text.set_oneshot_locked_mods), (24 bytes).
    Removing action_util.o(.ARM.exidx.text.set_oneshot_locked_mods), (8 bytes).
    Removing action_util.o(.text.clear_oneshot_locked_mods), (24 bytes).
    Removing action_util.o(.ARM.exidx.text.clear_oneshot_locked_mods), (8 bytes).
    Removing action_util.o(.ARM.exidx.text.del_oneshot_locked_mods), (8 bytes).
    Removing action_util.o(.text.has_oneshot_mods_timed_out), (4 bytes).
    Removing action_util.o(.ARM.exidx.text.has_oneshot_mods_timed_out), (8 bytes).
    Removing action_util.o(.ARM.exidx.text.get_oneshot_layer), (8 bytes).
    Removing action_util.o(.ARM.exidx.text.get_oneshot_layer_state), (8 bytes).
    Removing action_util.o(.ARM.exidx.text.set_oneshot_layer), (8 bytes).
    Removing action_util.o(.ARM.exidx.text.oneshot_layer_changed_kb), (8 bytes).
    Removing action_util.o(.ARM.exidx.text.reset_oneshot_layer), (8 bytes).
    Removing action_util.o(.ARM.exidx.text.clear_oneshot_layer_state), (8 bytes).
    Removing action_util.o(.ARM.exidx.text.is_oneshot_layer_active), (8 bytes).
    Removing action_util.o(.ARM.exidx.text.oneshot_set), (8 bytes).
    Removing action_util.o(.ARM.exidx.text.oneshot_toggle), (8 bytes).
    Removing action_util.o(.ARM.exidx.text.oneshot_enable), (8 bytes).
    Removing action_util.o(.ARM.exidx.text.oneshot_disable), (8 bytes).
    Removing action_util.o(.text.is_oneshot_enabled), (16 bytes).
    Removing action_util.o(.ARM.exidx.text.is_oneshot_enabled), (8 bytes).
    Removing action_util.o(.ARM.exidx.text.send_6kro_report), (8 bytes).
    Removing action_util.o(.ARM.exidx.text.send_keyboard_report), (8 bytes).
    Removing action_util.o(.ARM.exidx.text.get_mods), (8 bytes).
    Removing action_util.o(.ARM.exidx.text.add_mods), (8 bytes).
    Removing action_util.o(.ARM.exidx.text.del_mods), (8 bytes).
    Removing action_util.o(.text.set_mods), (12 bytes).
    Removing action_util.o(.ARM.exidx.text.set_mods), (8 bytes).
    Removing action_util.o(.ARM.exidx.text.clear_mods), (8 bytes).
    Removing action_util.o(.text.get_weak_mods), (12 bytes).
    Removing action_util.o(.ARM.exidx.text.get_weak_mods), (8 bytes).
    Removing action_util.o(.ARM.exidx.text.add_weak_mods), (8 bytes).
    Removing action_util.o(.ARM.exidx.text.del_weak_mods), (8 bytes).
    Removing action_util.o(.text.set_weak_mods), (12 bytes).
    Removing action_util.o(.ARM.exidx.text.set_weak_mods), (8 bytes).
    Removing action_util.o(.ARM.exidx.text.clear_weak_mods), (8 bytes).
    Removing action_util.o(.text.get_oneshot_mods), (12 bytes).
    Removing action_util.o(.ARM.exidx.text.get_oneshot_mods), (8 bytes).
    Removing action_util.o(.ARM.exidx.text.add_oneshot_mods), (8 bytes).
    Removing action_util.o(.ARM.exidx.text.oneshot_mods_changed_kb), (8 bytes).
    Removing action_util.o(.ARM.exidx.text.del_oneshot_mods), (8 bytes).
    Removing action_util.o(.text.set_oneshot_mods), (36 bytes).
    Removing action_util.o(.ARM.exidx.text.set_oneshot_mods), (8 bytes).
    Removing action_util.o(.ARM.exidx.text.clear_oneshot_mods), (8 bytes).
    Removing action_util.o(.ARM.exidx.text.oneshot_locked_mods_changed_user), (8 bytes).
    Removing action_util.o(.ARM.exidx.text.oneshot_mods_changed_user), (8 bytes).
    Removing action_util.o(.ARM.exidx.text.oneshot_layer_changed_user), (8 bytes).
    Removing action_util.o(.text.has_anymod), (16 bytes).
    Removing action_util.o(.ARM.exidx.text.has_anymod), (8 bytes).
    Removing action_tapping.o(.text), (0 bytes).
    Removing action_tapping.o(.ARM.exidx.text.action_tapping_process), (8 bytes).
    Removing action_tapping.o(.ARM.exidx.text.process_tapping), (8 bytes).
    Removing action_tapping.o(.ARM.exidx.text.waiting_buffer_scan_tap), (8 bytes).
    Removing action_tapping.o(.ARM.exidx.text.debug_tapping_key), (8 bytes).
    Removing action_tapping.o(.ARM.exidx.text.waiting_buffer_typed), (8 bytes).
    Removing action_tapping.o(.ARM.exidx.text.debug_waiting_buffer), (8 bytes).
    Removing keymap_common.o(.text), (0 bytes).
    Removing keymap_common.o(.ARM.exidx.text.action_for_key), (8 bytes).
    Removing keymap_common.o(.ARM.exidx.text.keymap_key_to_keycode), (8 bytes).
    Removing keymap_common.o(.ARM.exidx.text.action_for_keycode), (8 bytes).
    Removing keyboard.o(.text), (0 bytes).
    Removing keyboard.o(.text.last_input_activity_time), (12 bytes).
    Removing keyboard.o(.ARM.exidx.text.last_input_activity_time), (8 bytes).
    Removing keyboard.o(.text.last_input_activity_elapsed), (16 bytes).
    Removing keyboard.o(.ARM.exidx.text.last_input_activity_elapsed), (8 bytes).
    Removing keyboard.o(.text.last_matrix_activity_time), (12 bytes).
    Removing keyboard.o(.ARM.exidx.text.last_matrix_activity_time), (8 bytes).
    Removing keyboard.o(.text.last_matrix_activity_elapsed), (16 bytes).
    Removing keyboard.o(.ARM.exidx.text.last_matrix_activity_elapsed), (8 bytes).
    Removing keyboard.o(.ARM.exidx.text.last_matrix_activity_trigger), (8 bytes).
    Removing keyboard.o(.text.last_encoder_activity_time), (12 bytes).
    Removing keyboard.o(.ARM.exidx.text.last_encoder_activity_time), (8 bytes).
    Removing keyboard.o(.text.last_encoder_activity_elapsed), (16 bytes).
    Removing keyboard.o(.ARM.exidx.text.last_encoder_activity_elapsed), (8 bytes).
    Removing keyboard.o(.text.last_encoder_activity_trigger), (20 bytes).
    Removing keyboard.o(.ARM.exidx.text.last_encoder_activity_trigger), (8 bytes).
    Removing keyboard.o(.text.last_pointing_device_activity_time), (12 bytes).
    Removing keyboard.o(.ARM.exidx.text.last_pointing_device_activity_time), (8 bytes).
    Removing keyboard.o(.text.last_pointing_device_activity_elapsed), (16 bytes).
    Removing keyboard.o(.ARM.exidx.text.last_pointing_device_activity_elapsed), (8 bytes).
    Removing keyboard.o(.text.last_pointing_device_activity_trigger), (20 bytes).
    Removing keyboard.o(.ARM.exidx.text.last_pointing_device_activity_trigger), (8 bytes).
    Removing keyboard.o(.text.set_activity_timestamps), (28 bytes).
    Removing keyboard.o(.ARM.exidx.text.set_activity_timestamps), (8 bytes).
    Removing keyboard.o(.ARM.exidx.text.matrix_setup), (8 bytes).
    Removing keyboard.o(.ARM.exidx.text.keyboard_pre_init_user), (8 bytes).
    Removing keyboard.o(.ARM.exidx.text.keyboard_pre_init_kb), (8 bytes).
    Removing keyboard.o(.ARM.exidx.text.keyboard_post_init_user), (8 bytes).
    Removing keyboard.o(.ARM.exidx.text.keyboard_post_init_kb), (8 bytes).
    Removing keyboard.o(.ARM.exidx.text.matrix_can_read), (8 bytes).
    Removing keyboard.o(.ARM.exidx.text.keyboard_setup), (8 bytes).
    Removing keyboard.o(.ARM.exidx.text.is_keyboard_master), (8 bytes).
    Removing keyboard.o(.text.is_keyboard_left), (4 bytes).
    Removing keyboard.o(.ARM.exidx.text.is_keyboard_left), (8 bytes).
    Removing keyboard.o(.ARM.exidx.text.should_process_keypress), (8 bytes).
    Removing keyboard.o(.ARM.exidx.text.housekeeping_task_kb), (8 bytes).
    Removing keyboard.o(.ARM.exidx.text.housekeeping_task_user), (8 bytes).
    Removing keyboard.o(.ARM.exidx.text.housekeeping_task), (8 bytes).
    Removing keyboard.o(.ARM.exidx.text.quantum_init), (8 bytes).
    Removing keyboard.o(.ARM.exidx.text.keyboard_init), (8 bytes).
    Removing keyboard.o(.text.switch_events), (2 bytes).
    Removing keyboard.o(.ARM.exidx.text.switch_events), (8 bytes).
    Removing keyboard.o(.text.quantum_task), (2 bytes).
    Removing keyboard.o(.ARM.exidx.text.quantum_task), (8 bytes).
    Removing keyboard.o(.ARM.exidx.text.keyboard_task), (8 bytes).
    Removing matrix.o(.text), (0 bytes).
    Removing matrix.o(.ARM.exidx.text.matrix_init_pins), (8 bytes).
    Removing matrix.o(.ARM.exidx.text.setPinInputHigh_atomic), (8 bytes).
    Removing matrix.o(.ARM.exidx.text.matrix_read_cols_on_row), (8 bytes).
    Removing matrix.o(.ARM.exidx.text.unselect_row), (8 bytes).
    Removing matrix.o(.ARM.exidx.text.matrix_init), (8 bytes).
    Removing matrix.o(.ARM.exidx.text.matrix_scan), (8 bytes).
    Removing matrix_common.o(.text), (0 bytes).
    Removing matrix_common.o(.ARM.exidx.text.matrix_init_kb), (8 bytes).
    Removing matrix_common.o(.ARM.exidx.text.matrix_init_user), (8 bytes).
    Removing matrix_common.o(.ARM.exidx.text.matrix_scan_kb), (8 bytes).
    Removing matrix_common.o(.ARM.exidx.text.matrix_scan_user), (8 bytes).
    Removing matrix_common.o(.text.matrix_rows), (4 bytes).
    Removing matrix_common.o(.ARM.exidx.text.matrix_rows), (8 bytes).
    Removing matrix_common.o(.text.matrix_cols), (4 bytes).
    Removing matrix_common.o(.ARM.exidx.text.matrix_cols), (8 bytes).
    Removing matrix_common.o(.text.matrix_is_on), (20 bytes).
    Removing matrix_common.o(.ARM.exidx.text.matrix_is_on), (8 bytes).
    Removing matrix_common.o(.ARM.exidx.text.matrix_get_row), (8 bytes).
    Removing matrix_common.o(.ARM.exidx.text.matrix_print), (8 bytes).
    Removing matrix_common.o(.ARM.exidx.text.matrix_io_delay), (8 bytes).
    Removing matrix_common.o(.ARM.exidx.text.matrix_output_select_delay), (8 bytes).
    Removing matrix_common.o(.ARM.exidx.text.matrix_output_unselect_delay), (8 bytes).
    Removing matrix_common.o(.text.matrix_init_custom), (2 bytes).
    Removing matrix_common.o(.ARM.exidx.text.matrix_init_custom), (8 bytes).
    Removing matrix_common.o(.text.matrix_scan_custom), (4 bytes).
    Removing matrix_common.o(.ARM.exidx.text.matrix_scan_custom), (8 bytes).
    Removing matrix_common.o(.text.matrix_init), (44 bytes).
    Removing matrix_common.o(.ARM.exidx.text.matrix_init), (8 bytes).
    Removing matrix_common.o(.text.matrix_scan), (40 bytes).
    Removing matrix_common.o(.ARM.exidx.text.matrix_scan), (8 bytes).
    Removing matrix_common.o(.text.peek_matrix), (24 bytes).
    Removing matrix_common.o(.ARM.exidx.text.peek_matrix), (8 bytes).
    Removing print.o(.text), (0 bytes).
    Removing print.o(.ARM.exidx.text.print_set_sendchar), (8 bytes).
    Removing print.o(.text.putchar_), (16 bytes).
    Removing print.o(.ARM.exidx.text.putchar_), (8 bytes).
    Removing print.o(.ARM.exidx.text.null_sendchar_func), (8 bytes).
    Removing sendchar.o(.text), (0 bytes).
    Removing sendchar.o(.ARM.exidx.text.sendchar), (8 bytes).
    Removing magic.o(.text), (0 bytes).
    Removing magic.o(.ARM.exidx.text.bootmagic), (8 bytes).
    Removing magic.o(.ARM.exidx.text.magic), (8 bytes).
    Removing sym_defer_g.o(.text), (0 bytes).
    Removing sym_defer_g.o(.ARM.exidx.text.debounce_init), (8 bytes).
    Removing sym_defer_g.o(.ARM.exidx.text.debounce), (8 bytes).
    Removing sym_defer_g.o(.text.debounce_free), (2 bytes).
    Removing sym_defer_g.o(.ARM.exidx.text.debounce_free), (8 bytes).
    Removing main.o(.text), (0 bytes).
    Removing main.o(.ARM.exidx.text.protocol_init), (8 bytes).
    Removing main.o(.ARM.exidx.text.protocol_task), (8 bytes).
    Removing main.o(.ARM.exidx.text.main), (8 bytes).
    Removing main.o(.ARM.use_no_argv), (4 bytes).
    Removing process_space_cadet.o(.text), (0 bytes).
    Removing process_space_cadet.o(.ARM.exidx.text.perform_space_cadet), (8 bytes).
    Removing process_space_cadet.o(.ARM.exidx.text.process_space_cadet), (8 bytes).
    Removing process_magic.o(.text), (0 bytes).
    Removing process_magic.o(.ARM.exidx.text.process_magic), (8 bytes).
    Removing process_grave_esc.o(.text), (0 bytes).
    Removing process_grave_esc.o(.ARM.exidx.text.process_grave_esc), (8 bytes).
    Removing debug.o(.text), (0 bytes).
    Removing bitwise.o(.text), (0 bytes).
    Removing bitwise.o(.text.bitpop), (18 bytes).
    Removing bitwise.o(.ARM.exidx.text.bitpop), (8 bytes).
    Removing bitwise.o(.text.bitpop16), (18 bytes).
    Removing bitwise.o(.ARM.exidx.text.bitpop16), (8 bytes).
    Removing bitwise.o(.text.bitpop32), (18 bytes).
    Removing bitwise.o(.ARM.exidx.text.bitpop32), (8 bytes).
    Removing bitwise.o(.text.biton), (42 bytes).
    Removing bitwise.o(.ARM.exidx.text.biton), (8 bytes).
    Removing bitwise.o(.text.biton16), (58 bytes).
    Removing bitwise.o(.ARM.exidx.text.biton16), (8 bytes).
    Removing bitwise.o(.text.biton32), (62 bytes).
    Removing bitwise.o(.ARM.exidx.text.biton32), (8 bytes).
    Removing bitwise.o(.text.bitrev), (34 bytes).
    Removing bitwise.o(.ARM.exidx.text.bitrev), (8 bytes).
    Removing bitwise.o(.text.bitrev16), (22 bytes).
    Removing bitwise.o(.ARM.exidx.text.bitrev16), (8 bytes).
    Removing bitwise.o(.text.bitrev32), (22 bytes).
    Removing bitwise.o(.ARM.exidx.text.bitrev32), (8 bytes).
    Removing keycode_config.o(.text), (0 bytes).
    Removing keycode_config.o(.ARM.exidx.text.keycode_config), (8 bytes).
    Removing keycode_config.o(.ARM.exidx.text.mod_config), (8 bytes).
    Removing host.o(.text), (0 bytes).
    Removing host.o(.ARM.exidx.text.host_set_driver), (8 bytes).
    Removing host.o(.text.host_get_driver), (12 bytes).
    Removing host.o(.ARM.exidx.text.host_get_driver), (8 bytes).
    Removing host.o(.ARM.exidx.text.host_keyboard_leds), (8 bytes).
    Removing host.o(.text.host_keyboard_led_state), (24 bytes).
    Removing host.o(.ARM.exidx.text.host_keyboard_led_state), (8 bytes).
    Removing host.o(.ARM.exidx.text.host_keyboard_send), (8 bytes).
    Removing host.o(.text.host_nkro_send), (24 bytes).
    Removing host.o(.ARM.exidx.text.host_nkro_send), (8 bytes).
    Removing host.o(.text.host_mouse_send), (20 bytes).
    Removing host.o(.ARM.exidx.text.host_mouse_send), (8 bytes).
    Removing host.o(.text.host_system_send), (44 bytes).
    Removing host.o(.ARM.exidx.text.host_system_send), (8 bytes).
    Removing host.o(.text.host_consumer_send), (44 bytes).
    Removing host.o(.ARM.exidx.text.host_consumer_send), (8 bytes).
    Removing host.o(.text.send_joystick), (2 bytes).
    Removing host.o(.ARM.exidx.text.send_joystick), (8 bytes).
    Removing host.o(.text.send_digitizer), (2 bytes).
    Removing host.o(.ARM.exidx.text.send_digitizer), (8 bytes).
    Removing host.o(.text.send_programmable_button), (2 bytes).
    Removing host.o(.ARM.exidx.text.send_programmable_button), (8 bytes).
    Removing host.o(.text.host_last_system_usage), (12 bytes).
    Removing host.o(.ARM.exidx.text.host_last_system_usage), (8 bytes).
    Removing host.o(.text.host_last_consumer_usage), (12 bytes).
    Removing host.o(.ARM.exidx.text.host_last_consumer_usage), (8 bytes).
    Removing report.o(.text), (0 bytes).
    Removing report.o(.ARM.exidx.text.has_anykey), (8 bytes).
    Removing report.o(.text.get_first_key), (12 bytes).
    Removing report.o(.ARM.exidx.text.get_first_key), (8 bytes).
    Removing report.o(.ARM.exidx.text.is_key_pressed), (8 bytes).
    Removing report.o(.ARM.exidx.text.add_key_byte), (8 bytes).
    Removing report.o(.ARM.exidx.text.del_key_byte), (8 bytes).
    Removing report.o(.ARM.exidx.text.add_key_to_report), (8 bytes).
    Removing report.o(.ARM.exidx.text.del_key_from_report), (8 bytes).
    Removing report.o(.ARM.exidx.text.clear_keys_from_report), (8 bytes).
    Removing usb_device_state.o(.text), (0 bytes).
    Removing usb_device_state.o(.ARM.exidx.text.notify_usb_device_state_change_kb), (8 bytes).
    Removing usb_device_state.o(.ARM.exidx.text.notify_usb_device_state_change_user), (8 bytes).
    Removing usb_device_state.o(.ARM.exidx.text.usb_device_state_set_configuration), (8 bytes).
    Removing usb_device_state.o(.ARM.exidx.text.usb_device_state_set_suspend), (8 bytes).
    Removing usb_device_state.o(.ARM.exidx.text.usb_device_state_set_resume), (8 bytes).
    Removing usb_device_state.o(.ARM.exidx.text.usb_device_state_set_reset), (8 bytes).
    Removing usb_device_state.o(.ARM.exidx.text.usb_device_state_init), (8 bytes).
    Removing usb_util.o(.text), (0 bytes).
    Removing usb_util.o(.text.usb_disconnect), (2 bytes).
    Removing usb_util.o(.ARM.exidx.text.usb_disconnect), (8 bytes).
    Removing usb_util.o(.text.usb_connected_state), (4 bytes).
    Removing usb_util.o(.ARM.exidx.text.usb_connected_state), (8 bytes).
    Removing usb_util.o(.text.usb_vbus_state), (4 bytes).
    Removing usb_util.o(.ARM.exidx.text.usb_vbus_state), (8 bytes).
    Removing chibios.o(.text), (0 bytes).
    Removing chibios.o(.ARM.exidx.text.early_hardware_init_pre), (8 bytes).
    Removing chibios.o(.ARM.exidx.text.early_hardware_init_post), (8 bytes).
    Removing chibios.o(.ARM.exidx.text.board_init), (8 bytes).
    Removing chibios.o(.ARM.exidx.text.__early_init), (8 bytes).
    Removing chibios.o(.ARM.exidx.text.boardInit), (8 bytes).
    Removing chibios.o(.ARM.exidx.text.protocol_setup), (8 bytes).
    Removing chibios.o(.ARM.exidx.text.protocol_pre_init), (8 bytes).
    Removing chibios.o(.ARM.exidx.text.protocol_post_init), (8 bytes).
    Removing chibios.o(.ARM.exidx.text.protocol_pre_task), (8 bytes).
    Removing chibios.o(.ARM.exidx.text.protocol_post_task), (8 bytes).
    Removing usb_driver.o(.text), (0 bytes).
    Removing usb_driver.o(.text.qmkusbInit), (2 bytes).
    Removing usb_driver.o(.ARM.exidx.text.qmkusbInit), (8 bytes).
    Removing usb_driver.o(.ARM.exidx.text.qmkusbObjectInit), (8 bytes).
    Removing usb_driver.o(.ARM.exidx.text.ibnotify), (8 bytes).
    Removing usb_driver.o(.ARM.exidx.text.obnotify), (8 bytes).
    Removing usb_driver.o(.ARM.exidx.text.qmkusbStart), (8 bytes).
    Removing usb_driver.o(.text.qmkusbStop), (88 bytes).
    Removing usb_driver.o(.ARM.exidx.text.qmkusbStop), (8 bytes).
    Removing usb_driver.o(.ARM.exidx.text.qmkusbSuspendHookI), (8 bytes).
    Removing usb_driver.o(.ARM.exidx.text.osalThreadDequeueAllI), (8 bytes).
    Removing usb_driver.o(.ARM.exidx.text.qmkusbWakeupHookI), (8 bytes).
    Removing usb_driver.o(.ARM.exidx.text.qmkusbConfigureHookI), (8 bytes).
    Removing usb_driver.o(.ARM.exidx.text.qmkusb_start_receive), (8 bytes).
    Removing usb_driver.o(.ARM.exidx.text.qmkusbRequestsHook), (8 bytes).
    Removing usb_driver.o(.ARM.exidx.text.qmkusbSOFHookI), (8 bytes).
    Removing usb_driver.o(.ARM.exidx.text.qmkusbDataTransmitted), (8 bytes).
    Removing usb_driver.o(.ARM.exidx.text.qmkusbDataReceived), (8 bytes).
    Removing usb_driver.o(.ARM.exidx.text.qmkusbInterruptTransmitted), (8 bytes).
    Removing usb_driver.o(.ARM.exidx.text._write), (8 bytes).
    Removing usb_driver.o(.ARM.exidx.text._read), (8 bytes).
    Removing usb_driver.o(.ARM.exidx.text._put), (8 bytes).
    Removing usb_driver.o(.ARM.exidx.text._get), (8 bytes).
    Removing usb_driver.o(.ARM.exidx.text._putt), (8 bytes).
    Removing usb_driver.o(.ARM.exidx.text._gett), (8 bytes).
    Removing usb_driver.o(.ARM.exidx.text._writet), (8 bytes).
    Removing usb_driver.o(.ARM.exidx.text._readt), (8 bytes).
    Removing usb_main.o(.text), (0 bytes).
    Removing usb_main.o(.ARM.exidx.text.usb_event_queue_init), (8 bytes).
    Removing usb_main.o(.ARM.exidx.text.usb_event_queue_task), (8 bytes).
    Removing usb_main.o(.ARM.exidx.text.init_usb_driver), (8 bytes).
    Removing usb_main.o(.text.restart_usb_driver), (32 bytes).
    Removing usb_main.o(.ARM.exidx.text.restart_usb_driver), (8 bytes).
    Removing usb_main.o(.ARM.exidx.text.keyboard_leds), (8 bytes).
    Removing usb_main.o(.ARM.exidx.text.send_report), (8 bytes).
    Removing usb_main.o(.ARM.exidx.text.send_keyboard), (8 bytes).
    Removing usb_main.o(.ARM.exidx.text.send_nkro), (8 bytes).
    Removing usb_main.o(.ARM.exidx.text.send_mouse), (8 bytes).
    Removing usb_main.o(.ARM.exidx.text.send_extra), (8 bytes).
    Removing usb_main.o(.text.send_programmable_button), (2 bytes).
    Removing usb_main.o(.ARM.exidx.text.send_programmable_button), (8 bytes).
    Removing usb_main.o(.text.send_joystick), (2 bytes).
    Removing usb_main.o(.ARM.exidx.text.send_joystick), (8 bytes).
    Removing usb_main.o(.text.send_digitizer), (2 bytes).
    Removing usb_main.o(.ARM.exidx.text.send_digitizer), (8 bytes).
    Removing usb_main.o(.text.raw_hid_send), (32 bytes).
    Removing usb_main.o(.ARM.exidx.text.raw_hid_send), (8 bytes).
    Removing usb_main.o(.ARM.exidx.text.raw_hid_receive), (8 bytes).
    Removing usb_main.o(.ARM.exidx.text.raw_hid_task), (8 bytes).
    Removing usb_main.o(.ARM.exidx.text.usb_event_cb), (8 bytes).
    Removing usb_main.o(.ARM.exidx.text.usb_get_descriptor_cb), (8 bytes).
    Removing usb_main.o(.ARM.exidx.text.usb_requests_hook_cb), (8 bytes).
    Removing usb_main.o(.ARM.exidx.text.usb_sof_cb), (8 bytes).
    Removing usb_main.o(.ARM.exidx.text.usb_event_queue_enqueue), (8 bytes).
    Removing usb_main.o(.ARM.exidx.text.dummy_usb_cb), (8 bytes).
    Removing usb_main.o(.ARM.exidx.text.set_led_transfer_cb), (8 bytes).
    Removing usb_main.o(.ARM.exidx.text.chVTSetI), (8 bytes).
    Removing usb_main.o(.ARM.exidx.text.keyboard_idle_timer_cb), (8 bytes).
    Removing usb_main.o(.bss.keyboard_idle_count), (2 bytes).
    Removing usb_main.o(.bss.mouse_report_sent), (5 bytes).
    Removing usb_descriptor.o(.text), (0 bytes).
    Removing usb_descriptor.o(.ARM.exidx.text.get_usb_descriptor), (8 bytes).
    Removing suspend.o(.text), (0 bytes).
    Removing suspend.o(.ARM.exidx.text.matrix_power_up), (8 bytes).
    Removing suspend.o(.ARM.exidx.text.matrix_power_down), (8 bytes).
    Removing suspend.o(.text.suspend_power_down_user), (2 bytes).
    Removing suspend.o(.ARM.exidx.text.suspend_power_down_user), (8 bytes).
    Removing suspend.o(.text.suspend_power_down_kb), (8 bytes).
    Removing suspend.o(.ARM.exidx.text.suspend_power_down_kb), (8 bytes).
    Removing suspend.o(.text.suspend_wakeup_init_user), (2 bytes).
    Removing suspend.o(.ARM.exidx.text.suspend_wakeup_init_user), (8 bytes).
    Removing suspend.o(.text.suspend_wakeup_init_kb), (8 bytes).
    Removing suspend.o(.ARM.exidx.text.suspend_wakeup_init_kb), (8 bytes).
    Removing suspend.o(.ARM.exidx.text.suspend_wakeup_condition), (8 bytes).
    Removing platform.o(.text), (0 bytes).
    Removing platform.o(.ARM.exidx.text.platform_setup), (8 bytes).
    Removing timer.o(.text), (0 bytes).
    Removing timer.o(.ARM.exidx.text.timer_init), (8 bytes).
    Removing timer.o(.ARM.exidx.text.timer_clear), (8 bytes).
    Removing timer.o(.ARM.exidx.text.update_fn), (8 bytes).
    Removing timer.o(.ARM.exidx.text.get_system_time_ticks), (8 bytes).
    Removing timer.o(.ARM.exidx.text.timer_read), (8 bytes).
    Removing timer.o(.ARM.exidx.text.timer_read32), (8 bytes).
    Removing timer.o(.ARM.exidx.text.timer_elapsed), (8 bytes).
    Removing timer.o(.ARM.exidx.text.timer_elapsed32), (8 bytes).
    Removing timer.o(.ARM.exidx.text.chVTSetI), (8 bytes).
    Removing custom.o(.text), (0 bytes).
    Removing custom.o(.ARM.exidx.text.bootloader_jump), (8 bytes).
    Removing custom.o(.ARM.exidx.text.mcu_reset), (8 bytes).
    Removing custom.o(.text.enter_bootloader_mode_if_requested), (2 bytes).
    Removing custom.o(.ARM.exidx.text.enter_bootloader_mode_if_requested), (8 bytes).
    Removing cstartup_1.o(HEAP), (1024 bytes).
    Removing eeprom_driver.o(.text), (0 bytes).
    Removing eeprom_driver.o(.ARM.exidx.text.eeprom_read_byte), (8 bytes).
    Removing eeprom_driver.o(.ARM.exidx.text.eeprom_read_word), (8 bytes).
    Removing eeprom_driver.o(.ARM.exidx.text.eeprom_read_dword), (8 bytes).
    Removing eeprom_driver.o(.ARM.exidx.text.eeprom_write_byte), (8 bytes).
    Removing eeprom_driver.o(.ARM.exidx.text.eeprom_write_word), (8 bytes).
    Removing eeprom_driver.o(.ARM.exidx.text.eeprom_write_dword), (8 bytes).
    Removing eeprom_driver.o(.ARM.exidx.text.eeprom_update_block), (8 bytes).
    Removing eeprom_driver.o(.ARM.exidx.text.eeprom_update_byte), (8 bytes).
    Removing eeprom_driver.o(.ARM.exidx.text.eeprom_update_word), (8 bytes).
    Removing eeprom_driver.o(.ARM.exidx.text.eeprom_update_dword), (8 bytes).
    Removing eeprom_transient.o(.text), (0 bytes).
    Removing eeprom_transient.o(.text.clamp_length), (14 bytes).
    Removing eeprom_transient.o(.ARM.exidx.text.clamp_length), (8 bytes).
    Removing eeprom_transient.o(.ARM.exidx.text.eeprom_driver_init), (8 bytes).
    Removing eeprom_transient.o(.ARM.exidx.text.eeprom_driver_erase), (8 bytes).
    Removing eeprom_transient.o(.ARM.exidx.text.eeprom_read_block), (8 bytes).
    Removing eeprom_transient.o(.ARM.exidx.text.eeprom_write_block), (8 bytes).
    Removing es_app.o(.text), (0 bytes).
    Removing es_app.o(.ARM.exidx.text.suspend_power_down), (8 bytes).
    Removing es_app.o(.ARM.exidx.text.suspend_wakeup_init), (8 bytes).
    Removing es_app.o(.text.timer_read_fast), (8 bytes).
    Removing es_app.o(.ARM.exidx.text.timer_read_fast), (8 bytes).
    Removing es_app.o(.text.timer_elapsed_fast), (8 bytes).
    Removing es_app.o(.ARM.exidx.text.timer_elapsed_fast), (8 bytes).
    Removing fdiv.o(.text), (124 bytes).
    Removing fcmpgt.o(.text), (28 bytes).
    Removing fflti.o(.text), (22 bytes).
    Removing dfixi.o(.text), (72 bytes).
    Removing f2d.o(.text), (40 bytes).
    Removing fepilogue.o(.text), (130 bytes).
    Removing dfixul.o(.text), (64 bytes).
    Removing cdrcmple.o(.text), (40 bytes).

1490 unused section(s) (total 23675 bytes) removed from the image.
