Component: Arm Compiler for Embedded 6.18 Tool: armlink [5e4cc100]

==============================================================================

Section Cross References

    chcore.o(.ARM.exidx.text.NMI_Handler) refers to chcore.o(.text.NMI_Handler) for [Anonymous Symbol]
    chcore.o(.ARM.exidx.text.port_init) refers to chcore.o(.text.port_init) for [Anonymous Symbol]
    chcore.o(.text.__port_irq_epilogue) refers to chschd.o(.text.chSchIsPreemptionRequired) for chSchIsPreemptionRequired
    chcore.o(.text.__port_irq_epilogue) refers to chcoreasm_1.o(.text) for __port_switch_from_isr
    chcore.o(.ARM.exidx.text.__port_irq_epilogue) refers to chcore.o(.text.__port_irq_epilogue) for [Anonymous Symbol]
    chevents.o(.text.chEvtRegisterMaskWithFlagsI) refers to chsys.o(.bss.ch0) for ch0
    chevents.o(.ARM.exidx.text.chEvtRegisterMaskWithFlagsI) refers to chevents.o(.text.chEvtRegisterMaskWithFlagsI) for [Anonymous Symbol]
    chevents.o(.text.chEvtRegisterMaskWithFlags) refers to chsys.o(.bss.ch0) for ch0
    chevents.o(.ARM.exidx.text.chEvtRegisterMaskWithFlags) refers to chevents.o(.text.chEvtRegisterMaskWithFlags) for [Anonymous Symbol]
    chevents.o(.ARM.exidx.text.chEvtUnregister) refers to chevents.o(.text.chEvtUnregister) for [Anonymous Symbol]
    chevents.o(.text.chEvtGetAndClearEventsI) refers to chsys.o(.bss.ch0) for ch0
    chevents.o(.ARM.exidx.text.chEvtGetAndClearEventsI) refers to chevents.o(.text.chEvtGetAndClearEventsI) for [Anonymous Symbol]
    chevents.o(.text.chEvtGetAndClearEvents) refers to chsys.o(.bss.ch0) for ch0
    chevents.o(.ARM.exidx.text.chEvtGetAndClearEvents) refers to chevents.o(.text.chEvtGetAndClearEvents) for [Anonymous Symbol]
    chevents.o(.text.chEvtAddEvents) refers to chsys.o(.bss.ch0) for ch0
    chevents.o(.ARM.exidx.text.chEvtAddEvents) refers to chevents.o(.text.chEvtAddEvents) for [Anonymous Symbol]
    chevents.o(.ARM.exidx.text.chEvtGetAndClearFlagsI) refers to chevents.o(.text.chEvtGetAndClearFlagsI) for [Anonymous Symbol]
    chevents.o(.ARM.exidx.text.chEvtGetAndClearFlags) refers to chevents.o(.text.chEvtGetAndClearFlags) for [Anonymous Symbol]
    chevents.o(.text.chEvtSignalI) refers to chschd.o(.text.chSchReadyI) for chSchReadyI
    chevents.o(.ARM.exidx.text.chEvtSignalI) refers to chevents.o(.text.chEvtSignalI) for [Anonymous Symbol]
    chevents.o(.text.chEvtSignal) refers to chevents.o(.text.chEvtSignalI) for chEvtSignalI
    chevents.o(.text.chEvtSignal) refers to chschd.o(.text.chSchRescheduleS) for chSchRescheduleS
    chevents.o(.ARM.exidx.text.chEvtSignal) refers to chevents.o(.text.chEvtSignal) for [Anonymous Symbol]
    chevents.o(.text.chEvtBroadcastFlagsI) refers to chevents.o(.text.chEvtSignalI) for chEvtSignalI
    chevents.o(.ARM.exidx.text.chEvtBroadcastFlagsI) refers to chevents.o(.text.chEvtBroadcastFlagsI) for [Anonymous Symbol]
    chevents.o(.text.chEvtBroadcastFlags) refers to chevents.o(.text.chEvtBroadcastFlagsI) for chEvtBroadcastFlagsI
    chevents.o(.text.chEvtBroadcastFlags) refers to chschd.o(.text.chSchRescheduleS) for chSchRescheduleS
    chevents.o(.ARM.exidx.text.chEvtBroadcastFlags) refers to chevents.o(.text.chEvtBroadcastFlags) for [Anonymous Symbol]
    chevents.o(.ARM.exidx.text.chEvtDispatch) refers to chevents.o(.text.chEvtDispatch) for [Anonymous Symbol]
    chevents.o(.text.chEvtWaitOne) refers to chschd.o(.text.chSchGoSleepS) for chSchGoSleepS
    chevents.o(.text.chEvtWaitOne) refers to chsys.o(.bss.ch0) for ch0
    chevents.o(.ARM.exidx.text.chEvtWaitOne) refers to chevents.o(.text.chEvtWaitOne) for [Anonymous Symbol]
    chevents.o(.text.chEvtWaitAny) refers to chschd.o(.text.chSchGoSleepS) for chSchGoSleepS
    chevents.o(.text.chEvtWaitAny) refers to chsys.o(.bss.ch0) for ch0
    chevents.o(.ARM.exidx.text.chEvtWaitAny) refers to chevents.o(.text.chEvtWaitAny) for [Anonymous Symbol]
    chevents.o(.text.chEvtWaitAll) refers to chschd.o(.text.chSchGoSleepS) for chSchGoSleepS
    chevents.o(.text.chEvtWaitAll) refers to chsys.o(.bss.ch0) for ch0
    chevents.o(.ARM.exidx.text.chEvtWaitAll) refers to chevents.o(.text.chEvtWaitAll) for [Anonymous Symbol]
    chevents.o(.text.chEvtWaitOneTimeout) refers to chschd.o(.text.chSchGoSleepTimeoutS) for chSchGoSleepTimeoutS
    chevents.o(.text.chEvtWaitOneTimeout) refers to chsys.o(.bss.ch0) for ch0
    chevents.o(.ARM.exidx.text.chEvtWaitOneTimeout) refers to chevents.o(.text.chEvtWaitOneTimeout) for [Anonymous Symbol]
    chevents.o(.text.chEvtWaitAnyTimeout) refers to chschd.o(.text.chSchGoSleepTimeoutS) for chSchGoSleepTimeoutS
    chevents.o(.text.chEvtWaitAnyTimeout) refers to chsys.o(.bss.ch0) for ch0
    chevents.o(.ARM.exidx.text.chEvtWaitAnyTimeout) refers to chevents.o(.text.chEvtWaitAnyTimeout) for [Anonymous Symbol]
    chevents.o(.text.chEvtWaitAllTimeout) refers to chschd.o(.text.chSchGoSleepTimeoutS) for chSchGoSleepTimeoutS
    chevents.o(.text.chEvtWaitAllTimeout) refers to chsys.o(.bss.ch0) for ch0
[...]
    obqTryFlushI                             0x00003983   Thumb Code    64  hal_buffers.o(.text.obqTryFlushI)
    obqWriteTimeout                          0x000039c3   Thumb Code   144  hal_buffers.o(.text.obqWriteTimeout)
    oneshot_disable                          0x00003a53   Thumb Code    10  action_util.o(.text.oneshot_disable)
    oneshot_enable                           0x00003a5d   Thumb Code    10  action_util.o(.text.oneshot_enable)
    oneshot_layer_changed_kb                 0x00003a67   Thumb Code     8  action_util.o(.text.oneshot_layer_changed_kb)
    oneshot_layer_changed_user               0x00003a6f   Thumb Code     2  action_util.o(.text.oneshot_layer_changed_user)
    oneshot_locked_mods_changed_kb           0x00003a71   Thumb Code     8  action_util.o(.text.oneshot_locked_mods_changed_kb)
    oneshot_locked_mods_changed_user         0x00003a79   Thumb Code     2  action_util.o(.text.oneshot_locked_mods_changed_user)
    oneshot_mods_changed_kb                  0x00003a7b   Thumb Code     8  action_util.o(.text.oneshot_mods_changed_kb)
    oneshot_mods_changed_user                0x00003a83   Thumb Code     2  action_util.o(.text.oneshot_mods_changed_user)
    oneshot_set                              0x00003a85   Thumb Code    48  action_util.o(.text.oneshot_set)
    oneshot_toggle                           0x00003ab5   Thumb Code    20  action_util.o(.text.oneshot_toggle)
    perform_space_cadet                      0x00003acd   Thumb Code   164  process_space_cadet.o(.text.perform_space_cadet)
    platform_setup                           0x00003b79   Thumb Code    12  platform.o(.text.platform_setup)
    port_init                                0x00003b85   Thumb Code    16  chcore.o(.text.port_init)
    post_process_record_kb                   0x00003b99   Thumb Code     8  quantum.o(.text.post_process_record_kb)
    post_process_record_quantum              0x00003ba1   Thumb Code    28  quantum.o(.text.post_process_record_quantum)
    post_process_record_user                 0x00003bbd   Thumb Code     2  quantum.o(.text.post_process_record_user)
    pre_process_record_kb                    0x00003bbf   Thumb Code     8  quantum.o(.text.pre_process_record_kb)
    pre_process_record_quantum               0x00003bc7   Thumb Code    28  quantum.o(.text.pre_process_record_quantum)
    pre_process_record_user                  0x00003be3   Thumb Code     4  quantum.o(.text.pre_process_record_user)
    print_set_sendchar                       0x00003be9   Thumb Code     8  print.o(.text.print_set_sendchar)
    process_action                           0x00003bf5   Thumb Code   960  action.o(.text.process_action)
    process_action_kb                        0x00003fb9   Thumb Code     4  quantum.o(.text.process_action_kb)
    process_grave_esc                        0x00003fbd   Thumb Code    84  process_grave_esc.o(.text.process_grave_esc)
    process_magic                            0x00004019   Thumb Code   424  process_magic.o(.text.process_magic)
    process_record                           0x000041c9   Thumb Code    68  action.o(.text.process_record)
    process_record_handler                   0x00004211   Thumb Code    32  action.o(.text.process_record_handler)
    process_record_kb                        0x00004231   Thumb Code     8  quantum.o(.text.process_record_kb)
    process_record_quantum                   0x00004239   Thumb Code   188  quantum.o(.text.process_record_quantum)
    process_record_tap_hint                  0x0000430d   Thumb Code    16  action.o(.text.process_record_tap_hint)
    process_record_user                      0x0000431d   Thumb Code     4  quantum.o(.text.process_record_user)
    process_record_via                       0x00004321   Thumb Code    42  via.o(.text.process_record_via)
    process_space_cadet                      0x0000434d   Thumb Code   140  process_space_cadet.o(.text.process_space_cadet)
    process_tri_layer                        0x0000474d   Thumb Code    76  process_tri_layer.o(.text.process_tri_layer)
    protocol_init                            0x000047a1   Thumb Code    16  main.o(.text.protocol_init)
    protocol_post_init                       0x000047b1   Thumb Code    12  chibios.o(.text.protocol_post_init)
    protocol_post_task                       0x000047bd   Thumb Code     8  chibios.o(.text.protocol_post_task)
    protocol_pre_init                        0x000047c5   Thumb Code    28  chibios.o(.text.protocol_pre_init)
    protocol_pre_task                        0x000047e9   Thumb Code    60  chibios.o(.text.protocol_pre_task)
    protocol_setup                           0x00004829   Thumb Code     8  chibios.o(.text.protocol_setup)
    protocol_task                            0x00004831   Thumb Code    16  main.o(.text.protocol_task)
    pwmInit                                  0x00004841   Thumb Code     8  hal_pwm.o(.text.pwmInit)
    pwm_lld_init                             0x00004849   Thumb Code     2  hal_pwm_lld.o(.text.pwm_lld_init)
    qmkusbConfigureHookI                     0x0000484b   Thumb Code    42  usb_driver.o(.text.qmkusbConfigureHookI)
    qmkusbDataReceived                       0x00004875   Thumb Code    60  usb_driver.o(.text.qmkusbDataReceived)
    qmkusbDataTransmitted                    0x000048b1   Thumb Code   118  usb_driver.o(.text.qmkusbDataTransmitted)
    qmkusbInterruptTransmitted               0x00004927   Thumb Code     2  usb_driver.o(.text.qmkusbInterruptTransmitted)
    qmkusbObjectInit                         0x00004929   Thumb Code    72  usb_driver.o(.text.qmkusbObjectInit)
    qmkusbRequestsHook                       0x0000497d   Thumb Code    56  usb_driver.o(.text.qmkusbRequestsHook)
    qmkusbSOFHookI                           0x000049cd   Thumb Code    96  usb_driver.o(.text.qmkusbSOFHookI)
    qmkusbStart                              0x00004a2d   Thumb Code    46  usb_driver.o(.text.qmkusbStart)
    qmkusbSuspendHookI                       0x00004a5b   Thumb Code    44  usb_driver.o(.text.qmkusbSuspendHookI)
    qmkusbWakeupHookI                        0x00004a87   Thumb Code    22  usb_driver.o(.text.qmkusbWakeupHookI)
    raw_hid_receive                          0x00004add   Thumb Code   410  via.o(.text.raw_hid_receive)
    raw_hid_send                             0x00004c79   Thumb Code    28  usb_main.o(.text.raw_hid_send)
    raw_hid_task                             0x00004c95   Thumb Code    64  usb_main.o(.text.raw_hid_task)
    read_source_layers_cache                 0x00004cd9   Thumb Code    64  action_layer.o(.text.read_source_layers_cache)
    register_code                            0x00004d1d   Thumb Code    68  action.o(.text.register_code)
    register_mods                            0x00004d61   Thumb Code    16  action.o(.text.register_mods)
    reset_keyboard                           0x00004d71   Thumb Code    24  quantum.o(.text.reset_keyboard)
    restart_usb_driver                       0x00004d89   Thumb Code     2  board.o(.text.restart_usb_driver)
    rt_hw_hard_fault_exception               0x00004d8d   Thumb Code   452  hal_lld.o(.text.rt_hw_hard_fault_exception)
    send_6kro_report                         0x00004fb1   Thumb Code    84  action_util.o(.text.send_6kro_report)
    send_char                                0x00005019   Thumb Code   116  send_string.o(.text.send_char)
    send_extra                               0x0000509d   Thumb Code     2  usb_main.o(.text.send_extra)
    send_keyboard                            0x000050a1   Thumb Code    44  usb_main.o(.text.send_keyboard)
    send_keyboard_report                     0x000050d5   Thumb Code     8  action_util.o(.text.send_keyboard_report)
    send_mouse                               0x000050dd   Thumb Code     2  usb_main.o(.text.send_mouse)
    send_nkro                                0x000050df   Thumb Code     2  usb_main.o(.text.send_nkro)
    send_report                              0x000050e1   Thumb Code    76  usb_main.o(.text.send_report)
    send_string_with_delay                   0x00005131   Thumb Code   152  send_string.o(.text.send_string_with_delay)
    sendchar                                 0x000051c9   Thumb Code     4  sendchar.o(.text.sendchar)
    set_oneshot_layer                        0x000051f9   Thumb Code    40  action_util.o(.text.set_oneshot_layer)
    should_process_keypress                  0x00005229   Thumb Code     8  keyboard.o(.text.should_process_keypress)
    shutdown_kb                              0x00005231   Thumb Code     8  quantum.o(.text.shutdown_kb)
    shutdown_user                            0x00005239   Thumb Code     4  quantum.o(.text.shutdown_user)
    soft_reset_keyboard                      0x0000523d   Thumb Code    24  quantum.o(.text.soft_reset_keyboard)
    stInit                                   0x00005255   Thumb Code     8  hal_st.o(.text.stInit)
    st_lld_init                              0x0000525d   Thumb Code    12  hal_st_lld.o(.text.st_lld_init)
    store_or_get_action                      0x00005275   Thumb Code    60  action_layer.o(.text.store_or_get_action)
    suspend_power_down                       0x000052b5   Thumb Code     2  es_app.o(.text.suspend_power_down)
    suspend_wakeup_condition                 0x000052b7   Thumb Code    40  suspend.o(.text.suspend_wakeup_condition)
    suspend_wakeup_init                      0x000052df   Thumb Code     2  es_app.o(.text.suspend_wakeup_init)
    tap_code                                 0x000052e1   Thumb Code    18  action.o(.text.tap_code)
    tap_code_delay                           0x000052f3   Thumb Code    34  action.o(.text.tap_code_delay)
    timer_elapsed                            0x00005315   Thumb Code    14  timer.o(.text.timer_elapsed)
    timer_elapsed32                          0x00005323   Thumb Code    12  timer.o(.text.timer_elapsed32)
    timer_init                               0x00005331   Thumb Code    92  timer.o(.text.timer_init)
    timer_read                               0x0000538d   Thumb Code    10  timer.o(.text.timer_read)
    timer_read32                             0x00005399   Thumb Code   112  timer.o(.text.timer_read32)
    unregister_code                          0x0000541d   Thumb Code    46  action.o(.text.unregister_code)
    unregister_mods                          0x0000544b   Thumb Code    16  action.o(.text.unregister_mods)
    update_source_layers_cache               0x000054b5   Thumb Code    72  action_layer.o(.text.update_source_layers_cache)
    update_tri_layer                         0x00005501   Thumb Code    48  action_layer.o(.text.update_tri_layer)
    usbDisableEndpointsI                     0x00005535   Thumb Code    76  hal_usb.o(.text.usbDisableEndpointsI)
    usbInit                                  0x00005581   Thumb Code     8  hal_usb.o(.text.usbInit)
    usbInitEndpointI                         0x00005589   Thumb Code    48  hal_usb.o(.text.usbInitEndpointI)
    usbObjectInit                            0x000055b9   Thumb Code    22  hal_usb.o(.text.usbObjectInit)
    usbStart                                 0x000055cf   Thumb Code    38  hal_usb.o(.text.usbStart)
    usbStartReceiveI                         0x000055f5   Thumb Code    34  hal_usb.o(.text.usbStartReceiveI)
    usbStartTransmitI                        0x00005617   Thumb Code    34  hal_usb.o(.text.usbStartTransmitI)
    usbStop                                  0x00005639   Thumb Code    82  hal_usb.o(.text.usbStop)
    usbWakeupHost                            0x0000568b   Thumb Code     2  hal_usb.o(.text.usbWakeupHost)
    usb_device_state_init                    0x0000568d   Thumb Code    16  usb_device_state.o(.text.usb_device_state_init)
    usb_device_state_set_configuration       0x0000569d   Thumb Code    24  usb_device_state.o(.text.usb_device_state_set_configuration)
    usb_device_state_set_reset               0x000056b5   Thumb Code    16  usb_device_state.o(.text.usb_device_state_set_reset)
    usb_device_state_set_resume              0x000056c5   Thumb Code    24  usb_device_state.o(.text.usb_device_state_set_resume)
    usb_device_state_set_suspend             0x000056dd   Thumb Code    16  usb_device_state.o(.text.usb_device_state_set_suspend)
    usb_event_queue_init                     0x00005809   Thumb Code    24  usb_main.o(.text.usb_event_queue_init)
    usb_event_queue_task                     0x00005821   Thumb Code   136  usb_main.o(.text.usb_event_queue_task)
    usb_lld_clear_in                         0x000058f9   Thumb Code    36  hal_usb_lld.o(.text.usb_lld_clear_in)
    usb_lld_clear_out                        0x00005931   Thumb Code    32  hal_usb_lld.o(.text.usb_lld_clear_out)
    usb_lld_disable_endpoints                0x00005965   Thumb Code    12  hal_usb_lld.o(.text.usb_lld_disable_endpoints)
    usb_lld_get_status_in                    0x0000598d   Thumb Code    16  hal_usb_lld.o(.text.usb_lld_get_status_in)
    usb_lld_get_status_out                   0x000059b5   Thumb Code    16  hal_usb_lld.o(.text.usb_lld_get_status_out)
    usb_lld_init                             0x000059e1   Thumb Code    48  hal_usb_lld.o(.text.usb_lld_init)
    usb_lld_init_endpoint                    0x00005a25   Thumb Code   352  hal_usb_lld.o(.text.usb_lld_init_endpoint)
    usb_lld_read_setup                       0x00005bb9   Thumb Code    84  hal_usb_lld.o(.text.usb_lld_read_setup)
    usb_lld_reset                            0x00005c21   Thumb Code    40  hal_usb_lld.o(.text.usb_lld_reset)
    usb_lld_set_address                      0x00005c61   Thumb Code    24  hal_usb_lld.o(.text.usb_lld_set_address)
    usb_lld_stall_in                         0x00005c95   Thumb Code    44  hal_usb_lld.o(.text.usb_lld_stall_in)
    usb_lld_stall_out                        0x00005cd9   Thumb Code    40  hal_usb_lld.o(.text.usb_lld_stall_out)
    usb_lld_start                            0x00005d1d   Thumb Code    88  hal_usb_lld.o(.text.usb_lld_start)
    usb_lld_start_in                         0x00005d89   Thumb Code    88  hal_usb_lld.o(.text.usb_lld_start_in)
    usb_lld_start_out                        0x00005df5   Thumb Code    88  hal_usb_lld.o(.text.usb_lld_start_out)
    usb_lld_stop                             0x00005e69   Thumb Code    24  hal_usb_lld.o(.text.usb_lld_stop)
    usbd_ep_start_read                       0x00006049   Thumb Code   104  hal_usb_lld.o(.text.usbd_ep_start_read)
    usbd_ep_start_write                      0x000060bd   Thumb Code   172  hal_usb_lld.o(.text.usbd_ep_start_write)
    usbd_read_packet                         0x00006175   Thumb Code    88  hal_usb_lld.o(.text.usbd_read_packet)
    usbd_write_packet                        0x000061cd   Thumb Code   156  hal_usb_lld.o(.text.usbd_write_packet)
    via_command_kb                           0x0000626d   Thumb Code     4  via.o(.text.via_command_kb)
    via_custom_value_command                 0x00006271   Thumb Code     8  via.o(.text.via_custom_value_command)
    via_custom_value_command_kb              0x00006279   Thumb Code     6  via.o(.text.via_custom_value_command_kb)
    via_eeprom_is_valid                      0x0000627f   Thumb Code    40  via.o(.text.via_eeprom_is_valid)
    via_eeprom_set_valid                     0x000062a7   Thumb Code    54  via.o(.text.via_eeprom_set_valid)
    via_init                                 0x000062dd   Thumb Code    30  via.o(.text.via_init)
    via_init_kb                              0x000062fb   Thumb Code     2  via.o(.text.via_init_kb)
    via_set_device_indication                0x000062fd   Thumb Code     2  via.o(.text.via_set_device_indication)
    via_set_layout_options_kb                0x000062ff   Thumb Code     2  via.o(.text.via_set_layout_options_kb)
    __ARM_clz                                0x00006421   Thumb Code    46  depilogue.o(i.__ARM_clz)
    __scatterload_copy                       0x0000644f   Thumb Code    14  handlers.o(i.__scatterload_copy)
    __scatterload_null                       0x0000645d   Thumb Code     2  handlers.o(i.__scatterload_null)
    __scatterload_zeroinit                   0x0000645f   Thumb Code    14  handlers.o(i.__scatterload_zeroinit)
    __ctype_table                            0x0000646c   Data         129  ctype_o.o(.constdata)
    ConfigurationDescriptor                  0x000064fa   Data          66  usb_descriptor.o(.rodata.ConfigurationDescriptor)
    DeviceDescriptor                         0x0000653c   Data          18  usb_descriptor.o(.rodata.DeviceDescriptor)
    LanguageString                           0x0000654e   Data           4  usb_descriptor.o(.rodata.LanguageString)
    ManufacturerString                       0x00006552   Data          16  usb_descriptor.o(.rodata.ManufacturerString)
    ProductString                            0x00006562   Data          50  usb_descriptor.o(.rodata.ProductString)
    RawReport                                0x00006594   Data          34  usb_descriptor.o(.rodata.RawReport)
    SharedReport                             0x000065b6   Data          70  usb_descriptor.o(.rodata.SharedReport)
    __lowest_bit_bitmap                      0x000065fc   Data         256  hal_usb_lld.o(.rodata.__lowest_bit_bitmap)
    ascii_to_altgr_lut                       0x000066fe   Data          16  send_string.o(.rodata.ascii_to_altgr_lut)
    ascii_to_dead_lut                        0x0000670e   Data          16  send_string.o(.rodata.ascii_to_dead_lut)
    ascii_to_keycode_lut                     0x0000671e   Data         128  send_string.o(.rodata.ascii_to_keycode_lut)
    ascii_to_shift_lut                       0x0000679e   Data          16  send_string.o(.rodata.ascii_to_shift_lut)
    ch_core0_cfg                             0x000067b0   Data          12  chsys.o(.rodata.ch_core0_cfg)
    g_num_to_char_table                      0x00006824   Data          16  hal_lld.o(.rodata.g_num_to_char_table)
    keymaps                                  0x00006836   Data         816  keymap_introspection.o(.rodata.keymaps)
    Region$$Table$$Base                      0x00006be4   Number         0  anon$$obj.o(Region$$Table)
    Region$$Table$$Limit                     0x00006c04   Number         0  anon$$obj.o(Region$$Table)
    Image$$RW_IRAM2$$Base                    0x20000000   Number         0  anon$$obj.o ABSOLUTE
    chibios_driver                           0x20000000   Data          20  chibios.o(.data.chibios_driver)
    keyboard_protocol                        0x2000016c   Data           1  usb_main.o(.data.keyboard_protocol)
    keyboard_report                          0x20000170   Data           4  action_util.o(.data.keyboard_report)
    rcu_initStruct                           0x2000017c   Data          36  hal_lld.o(.data.rcu_initStruct)
    uart_initStruct                          0x200001a4   Data          20  hal_lld.o(.data.uart_initStruct)
    SystemCoreClock                          0x200002ec   Data           4  hal_lld.o(.bss.SystemCoreClock)
    SystemFrequency_AHBClk                   0x200002f0   Data           4  hal_lld.o(.bss.SystemFrequency_AHBClk)
    SystemFrequency_APBClk                   0x200002f4   Data           4  hal_lld.o(.bss.SystemFrequency_APBClk)
    SystemFrequency_SysClk                   0x200002f8   Data           4  hal_lld.o(.bss.SystemFrequency_SysClk)
    USBD1                                    0x20000308   Data         132  hal_usb_lld.o(.bss.USBD1)
    ch0                                      0x20000390   Data          96  chsys.o(.bss.ch0)
    ch_memcore                               0x200004b0   Data           8  chmemcore.o(.bss.ch_memcore)
    ch_system                                0x200004b8   Data           8  chsys.o(.bss.ch_system)
    debug_config                             0x200004c8   Data           1  debug.o(.bss.debug_config)
    default_layer_state                      0x200004c9   Data           1  action_layer.o(.bss.default_layer_state)
    disable_action_cache                     0x200004ca   Data           1  action.o(.bss.disable_action_cache)
    event_queue                              0x200004f0   Data          16  usb_main.o(.bss.event_queue)
    event_queue_head                         0x20000500   Data           1  usb_main.o(.bss.event_queue_head)
    event_queue_tail                         0x20000501   Data           1  usb_main.o(.bss.event_queue_tail)
    g_00000000_buf                           0x20000502   Data         256  hal_usb_lld.o(.bss.g_00000000_buf)
    g_00000000_i                             0x20000602   Data           1  hal_usb_lld.o(.bss.g_00000000_i)
    g_aaaaaaaa_buf                           0x20000604   Data        1024  hal_usb_lld.o(.bss.g_aaaaaaaa_buf)
    g_aaaaaaaa_i                             0x20000a04   Data           4  hal_usb_lld.o(.bss.g_aaaaaaaa_i)
    g_musb_udc                               0x20000a20   Data         320  hal_usb_lld.o(.bss.g_musb_udc)
    g_num_to_char_tx_buf                     0x20000b60   Data          32  hal_lld.o(.bss.g_num_to_char_tx_buf)
    keyboard_idle                            0x20000b84   Data           1  usb_main.o(.bss.keyboard_idle)
    keyboard_led_state                       0x20000ba0   Data           1  usb_main.o(.bss.keyboard_led_state)
    keyboard_report_sent                     0x20000ba4   Data           9  usb_main.o(.bss.keyboard_report_sent)
    keymap_config                            0x20000bae   Data           2  magic.o(.bss.keymap_config)
    last_suspend_state                       0x20000bbc   Data           1  usb_main.o(.bss.last_suspend_state)
    layer_state                              0x20000bc8   Data           1  action_layer.o(.bss.layer_state)
    matrix                                   0x20000bcc   Data          24  matrix_common.o(.bss.matrix)
    raw_matrix                               0x20000c08   Data          24  matrix_common.o(.bss.raw_matrix)
    source_layers_cache                      0x20000c48   Data          39  action_layer.o(.bss.source_layers_cache)
    universal_report_blank                   0x20001c7c   Data           9  usb_main.o(.bss.universal_report_blank)
    usb_device_state                         0x20001ca0   Data           1  usb_device_state.o(.bss.usb_device_state)
    __main_thread_stack_base__               0x20001cf0   Data           0  cstartup_1.o(CSTACK)
    __main_thread_stack_end__                0x20001cf0   Data           0  cstartup_1.o(CSTACK)
    __initial_sp                             0x200020f0   Data           0  cstartup_1.o(CSTACK)
    Image$$RW_IRAM1$$ZI$$Limit               0x200024f0   Number         0  anon$$obj.o ABSOLUTE
    __initial_msp                            0x200024f0   Data           0  cstartup_1.o(MSTACK)



==============================================================================

Memory Map of the image

  Image Entry point : 0x000000c1

  Load Region LR_IROM1 (Base: 0x00000000, Size: 0x00006de0, Max: 0x00020000, ABSOLUTE, COMPRESSED[0x00006ca0])

    Execution Region ER_IROM1 (Exec base: 0x00000000, Load base: 0x00000000, Size: 0x00006c04, Max: 0x00020000, ABSOLUTE)

    Exec Addr    Load Addr    Size         Type   Attr      Idx    E Section Name        Object

    0x00000000   0x00000000   0x000000c0   Data   RO         2585    RESET               vectors_1.o
    0x000000c0   0x000000c0   0x00000000   Code   RO         2657  * .ARM.Collect$$$$00000000  mc_p.l(entry.o)
    0x000000c0   0x000000c0   0x00000004   Code   RO         2990    .ARM.Collect$$$$00000001  mc_p.l(entry2.o)
    0x000000c4   0x000000c4   0x00000004   Code   RO         2993    .ARM.Collect$$$$00000004  mc_p.l(entry5.o)
    0x000000c8   0x000000c8   0x00000000   Code   RO         2995    .ARM.Collect$$$$00000008  mc_p.l(entry7b.o)
    0x000000c8   0x000000c8   0x00000000   Code   RO         2997    .ARM.Collect$$$$0000000A  mc_p.l(entry8b.o)
    0x000000c8   0x000000c8   0x00000008   Code   RO         2998    .ARM.Collect$$$$0000000B  mc_p.l(entry9a.o)
    0x000000d0   0x000000d0   0x00000000   Code   RO         3000    .ARM.Collect$$$$0000000D  mc_p.l(entry10a.o)
    0x000000d0   0x000000d0   0x00000000   Code   RO         3002    .ARM.Collect$$$$0000000F  mc_p.l(entry11a.o)
    0x000000d0   0x000000d0   0x00000004   Code   RO         2991    .ARM.Collect$$$$00002712  mc_p.l(entry2.o)
    0x000000d4   0x000000d4   0x00000024   Code   RO         2579    .text               cstartup_1.o
    0x000000f8   0x000000f8   0x00000002   Code   RO         2586    .text               vectors_1.o
    0x000000fa   0x000000fa   0x00000002   PAD
    0x000000fc   0x000000fc   0x00000040   Code   RO         2590    .text               chcoreasm_1.o
    0x0000013c   0x0000013c   0x00000060   Code   RO         2664    .text               mc_p.l(uldiv.o)
    0x0000019c   0x0000019c   0x00000030   Code   RO         2666    .text               mc_p.l(llmul.o)
    0x000001cc   0x000001cc   0x00000008   Code   RO         2668    .text               mc_p.l(ctype_o.o)
    0x000001d4   0x000001d4   0x00000024   Code   RO         2699    .text               mc_p.l(memcpya.o)
    0x000001f8   0x000001f8   0x00000024   Code   RO         2701    .text               mc_p.l(memseta.o)
    0x0000021c   0x0000021c   0x0000001a   Code   RO         2703    .text               mc_p.l(memcmp.o)
    0x00000236   0x00000236   0x00000002   PAD
    0x00000238   0x00000238   0x00000164   Code   RO         2970    .text               mf_p.l(dadd.o)
    0x0000039c   0x0000039c   0x000000d0   Code   RO         2972    .text               mf_p.l(dmul.o)
    0x0000046c   0x0000046c   0x000000f0   Code   RO         2974    .text               mf_p.l(ddiv.o)
    0x0000055c   0x0000055c   0x00000028   Code   RO         2980    .text               mf_p.l(dflti.o)
    0x00000584   0x00000584   0x0000001c   Code   RO         2982    .text               mf_p.l(dfltui.o)
    0x000005a0   0x000005a0   0x0000003c   Code   RO         2986    .text               mf_p.l(dfixui.o)
    0x000005dc   0x000005dc   0x0000003e   Code   RO         3011    .text               mc_p.l(uidiv_div0.o)
    0x0000061a   0x0000061a   0x00000020   Code   RO         3017    .text               mc_p.l(llshl.o)
    0x0000063a   0x0000063a   0x00000022   Code   RO         3019    .text               mc_p.l(llushr.o)
    0x0000065c   0x0000065c   0x00000026   Code   RO         3021    .text               mc_p.l(llsshr.o)
    0x00000682   0x00000682   0x00000000   Code   RO         3023    .text               mc_p.l(iusefp.o)
    0x00000682   0x00000682   0x000000be   Code   RO         3026    .text               mf_p.l(depilogue.o)
    0x00000740   0x00000740   0x00000024   Code   RO         3034    .text               mc_p.l(init.o)
    0x00000764   0x00000764   0x0000003a   Code   RO         3046    .text               mc_p.l(__dczerorl.o)
    0x0000079e   0x0000079e   0x0000000c   Code   RO          567    .text.HardFault_Handler  hal_lld.o
    0x000007aa   0x000007aa   0x0000000e   Code   RO            2    .text.NMI_Handler   chcore.o
    0x000007b8   0x000007b8   0x00000018   Code   RO          633    .text.SysTick_Handler  hal_st_lld.o
    0x000007d0   0x000007d0   0x00000278   Code   RO          672    .text.VectorBC      hal_usb_lld.o
    0x00000a48   0x00000a48   0x00000002   Code   RO          729    .text.__chibios_override___early_init  board.o
    0x00000a4a   0x00000a4a   0x00000002   Code   RO          731    .text.__chibios_override_boardInit  board.o
    0x00000a4c   0x00000a4c   0x00000018   Code   RO          292    .text.__core_init   chmemcore.o
    0x00000a64   0x00000a64   0x00000010   Code   RO         2334    .text.__early_init  chibios.o
    0x00000a74   0x00000a74   0x00000002   Code   RO          278    .text.__idle_thread  chinstances.o
    0x00000a76   0x00000a76   0x00000002   PAD
    0x00000a78   0x00000a78   0x0000003c   Code   RO            6    .text.__port_irq_epilogue  chcore.o
    0x00000ab4   0x00000ab4   0x00000038   Code   RO          105    .text.__sch_reschedule_ahead  chschd.o
    0x00000aec   0x00000aec   0x0000005a   Code   RO           99    .text.__sch_wakeup  chschd.o
    0x00000b46   0x00000b46   0x00000014   Code   RO          185    .text.__thd_object_init  chthreads.o
    0x00000b5a   0x00000b5a   0x0000000e   Code   RO         2393    .text._get          usb_driver.o
    0x00000b68   0x00000b68   0x0000000a   Code   RO         2397    .text._gett         usb_driver.o
    0x00000b72   0x00000b72   0x00000002   Code   RO          593    .text._pal_lld_init  hal_pal_lld.o
    0x00000b74   0x00000b74   0x000000d6   Code   RO          595    .text._pal_lld_setgroupmode  hal_pal_lld.o
    0x00000c4a   0x00000c4a   0x0000000e   Code   RO         2391    .text._put          usb_driver.o
    0x00000c58   0x00000c58   0x0000000a   Code   RO         2395    .text._putt         usb_driver.o
    0x00000c62   0x00000c62   0x0000000e   Code   RO         2389    .text._read         usb_driver.o
    0x00000c70   0x00000c70   0x0000000a   Code   RO         2401    .text._readt        usb_driver.o
    0x00000c7a   0x00000c7a   0x00000002   PAD
    0x00000c7c   0x00000c7c   0x000000ee   Code   RO          520    .text._usb_ep0in    hal_usb.o
    0x00000d6a   0x00000d6a   0x00000002   PAD
    0x00000d6c   0x00000d6c   0x00000090   Code   RO          522    .text._usb_ep0out   hal_usb.o
    0x00000dfc   0x00000dfc   0x00000314   Code   RO          518    .text._usb_ep0setup  hal_usb.o
    0x00001110   0x00001110   0x00000068   Code   RO          512    .text._usb_reset    hal_usb.o
    0x00001178   0x00001178   0x0000000e   Code   RO         2387    .text._write        usb_driver.o
    0x00001186   0x00001186   0x0000000a   Code   RO         2399    .text._writet       usb_driver.o
    0x00001190   0x00001190   0x00000038   Code   RO         1505    .text.action_exec   action.o
    0x000011c8   0x000011c8   0x0000000e   Code   RO         1787    .text.action_for_key  keymap_common.o
    0x000011d6   0x000011d6   0x00000002   PAD
    0x000011d8   0x000011d8   0x00000338   Code   RO         1791    .text.action_for_keycode  keymap_common.o
    0x00001510   0x00001510   0x000000c4   Code   RO         1765    .text.action_tapping_process  action_tapping.o
    0x000015d4   0x000015d4   0x0000003c   Code   RO         2278    .text.add_key_to_report  report.o
    0x00001610   0x00001610   0x00000010   Code   RO         1711    .text.add_mods      action_util.o
    0x00001620   0x00001620   0x0000001c   Code   RO         1731    .text.add_oneshot_mods  action_util.o
    0x0000163c   0x0000163c   0x00000010   Code   RO         1721    .text.add_weak_mods  action_util.o
    0x0000164c   0x0000164c   0x0000000c   Code   RO          777    .text.ald_usb_dev_connect  ald_usb.o
    0x00001658   0x00001658   0x00000010   Code   RO          779    .text.ald_usb_dev_disconnect  ald_usb.o
    0x00001668   0x00001668   0x00000044   Code   RO          783    .text.ald_usb_dev_ep_config  ald_usb.o
    0x000016ac   0x000016ac   0x0000002c   Code   RO          789    .text.ald_usb_dev_ep_stall  ald_usb.o
    0x000016d8   0x000016d8   0x00000044   Code   RO          791    .text.ald_usb_dev_ep_stall_clear  ald_usb.o
    0x0000171c   0x0000171c   0x00000034   Code   RO          925    .text.ald_usb_device_components_init  ald_usb.o
    0x00001750   0x00001750   0x0000002c   Code   RO          839    .text.ald_usb_ep_data_avail  ald_usb.o
    0x0000177c   0x0000177c   0x00000014   Code   RO          865    .text.ald_usb_int_enable  ald_usb.o
    0x00001790   0x00001790   0x00000020   Code   RO          871    .text.ald_usb_int_enable_ep  ald_usb.o
    0x000017b0   0x000017b0   0x00000024   Code   RO          875    .text.ald_usb_int_register  ald_usb.o
    0x000017d4   0x000017d4   0x0000001c   Code   RO          873    .text.ald_usb_int_status_ep_get  ald_usb.o
    0x000017f0   0x000017f0   0x00000014   Code   RO          867    .text.ald_usb_int_status_get  ald_usb.o
    0x00001804   0x00001804   0x00000018   Code   RO          877    .text.ald_usb_int_unregister  ald_usb.o
    0x0000181c   0x0000181c   0x0000000c   Code   RO         2336    .text.boardInit     chibios.o
    0x00001828   0x00001828   0x00000002   Code   RO         2332    .text.board_init    chibios.o
    0x0000182a   0x0000182a   0x00000002   Code   RO         2564    .text.bootloader_jump  custom.o
    0x0000182c   0x0000182c   0x00000008   Code   RO         2182    .text.bootmagic     bootmagic_lite.o
    0x00001834   0x00001834   0x00000024   Code   RO         2180    .text.bootmagic_lite  bootmagic_lite.o
    0x00001858   0x00001858   0x00000008   Code   RO         2178    .text.bootmagic_lite_reset_eeprom  bootmagic_lite.o
    0x00001860   0x00001860   0x0000002c   Code   RO           39    .text.chEvtBroadcastFlagsI  chevents.o
    0x0000188c   0x0000188c   0x0000002c   Code   RO           35    .text.chEvtSignalI  chevents.o
    0x000018b8   0x000018b8   0x00000088   Code   RO          276    .text.chInstanceObjectInit  chinstances.o
    0x00001940   0x00001940   0x00000034   Code   RO          109    .text.chSchDoPreemption  chschd.o
    0x00001974   0x00001974   0x0000001c   Code   RO           95    .text.chSchGoSleepS  chschd.o
    0x00001990   0x00001990   0x0000005c   Code   RO           97    .text.chSchGoSleepTimeoutS  chschd.o
    0x000019ec   0x000019ec   0x00000018   Code   RO          107    .text.chSchIsPreemptionRequired  chschd.o
    0x00001a04   0x00001a04   0x0000001c   Code   RO           93    .text.chSchReadyI   chschd.o
    0x00001a20   0x00001a20   0x00000018   Code   RO          103    .text.chSchRescheduleS  chschd.o
    0x00001a38   0x00001a38   0x00000028   Code   RO          158    .text.chSysInit     chsys.o
    0x00001a60   0x00001a60   0x00000008   Code   RO          166    .text.chSysTimerHandlerI  chsys.o
    0x00001a68   0x00001a68   0x0000000c   Code   RO          191    .text.chThdCreateI  chthreads.o
    0x00001a74   0x00001a74   0x0000005c   Code   RO          187    .text.chThdCreateSuspendedI  chthreads.o
    0x00001ad0   0x00001ad0   0x00000020   Code   RO          229    .text.chThdDequeueAllI  chthreads.o
    0x00001af0   0x00001af0   0x00000018   Code   RO          227    .text.chThdDequeueNextI  chthreads.o
    0x00001b08   0x00001b08   0x00000024   Code   RO          225    .text.chThdEnqueueTimeoutS  chthreads.o
    0x00001b2c   0x00001b2c   0x00000018   Code   RO          199    .text.chThdExit     chthreads.o
    0x00001b44   0x00001b44   0x00000016   Code   RO          219    .text.chThdResumeI  chthreads.o
    0x00001b5a   0x00001b5a   0x00000014   Code   RO          207    .text.chThdSleep    chthreads.o
    0x00001b6e   0x00001b6e   0x00000002   PAD
    0x00001b70   0x00001b70   0x0000001c   Code   RO          217    .text.chThdSuspendTimeoutS  chthreads.o
    0x00001b8c   0x00001b8c   0x00000020   Code   RO          246    .text.chVTDoResetI  chvt.o
    0x00001bac   0x00001bac   0x00000010   Code   RO          240    .text.chVTDoSetI    chvt.o
    0x00001bbc   0x00001bbc   0x00000084   Code   RO          250    .text.chVTDoTickI   chvt.o
    0x00001c40   0x00001c40   0x0000002c   Code   RO         2457    .text.chVTSetI      usb_main.o
    0x00001c6c   0x00001c6c   0x00000014   Code   RO         1543    .text.clear_keyboard  action.o
    0x00001c80   0x00001c80   0x00000010   Code   RO         2282    .text.clear_keys_from_report  report.o
    0x00001c90   0x00001c90   0x00000008   Code   RO         1717    .text.clear_mods    action_util.o
    0x00001c98   0x00001c98   0x00000034   Code   RO         1691    .text.clear_oneshot_layer_state  action_util.o
    0x00001ccc   0x00001ccc   0x00000008   Code   RO         1727    .text.clear_weak_mods  action_util.o
    0x00001cd4   0x00001cd4   0x0000006c   Code   RO         1975    .text.debounce      sym_defer_g.o
    0x00001d40   0x00001d40   0x00000002   Code   RO         1973    .text.debounce_init  sym_defer_g.o
    0x00001d42   0x00001d42   0x00000002   Code   RO         1507    .text.debug_event   action.o
    0x00001d44   0x00001d44   0x00000002   Code   RO         1553    .text.debug_record  action.o
    0x00001d46   0x00001d46   0x00000002   PAD
    0x00001d48   0x00001d48   0x00000044   Code   RO         1773    .text.debug_waiting_buffer  action_tapping.o
    0x00001d8c   0x00001d8c   0x00000010   Code   RO         1444    .text.default_layer_and  action_layer.o
    0x00001d9c   0x00001d9c   0x00000002   Code   RO         1438    .text.default_layer_debug  action_layer.o
    0x00001d9e   0x00001d9e   0x00000002   PAD
    0x00001da0   0x00001da0   0x00000010   Code   RO         1442    .text.default_layer_or  action_layer.o
    0x00001db0   0x00001db0   0x0000000c   Code   RO         1440    .text.default_layer_set  action_layer.o
    0x00001dbc   0x00001dbc   0x00000008   Code   RO         1436    .text.default_layer_state_set_kb  action_layer.o
    0x00001dc4   0x00001dc4   0x00000002   Code   RO         1434    .text.default_layer_state_set_user  action_layer.o
    0x00001dc6   0x00001dc6   0x00000002   PAD
    0x00001dc8   0x00001dc8   0x00000014   Code   RO         1446    .text.default_layer_xor  action_layer.o
    0x00001ddc   0x00001ddc   0x00000020   Code   RO         2280    .text.del_key_from_report  report.o
    0x00001dfc   0x00001dfc   0x00000010   Code   RO         1713    .text.del_mods      action_util.o
    0x00001e0c   0x00001e0c   0x0000001c   Code   RO         1677    .text.del_oneshot_locked_mods  action_util.o
    0x00001e28   0x00001e28   0x0000001c   Code   RO         1735    .text.del_oneshot_mods  action_util.o
    0x00001e44   0x00001e44   0x00000010   Code   RO         1723    .text.del_weak_mods  action_util.o
    0x00001e54   0x00001e54   0x00000002   Code   RO         2453    .text.dummy_usb_cb  usb_main.o
    0x00001e56   0x00001e56   0x00000034   Code   RO         2152    .text.dynamic_keymap_get_buffer  dynamic_keymap.o
    0x00001e8a   0x00001e8a   0x00000036   Code   RO         2146    .text.dynamic_keymap_get_keycode  dynamic_keymap.o
    0x00001ec0   0x00001ec0   0x00000004   Code   RO         2142    .text.dynamic_keymap_get_layer_count  dynamic_keymap.o
    0x00001ec4   0x00001ec4   0x00000038   Code   RO         2162    .text.dynamic_keymap_macro_get_buffer  dynamic_keymap.o
    0x00001efc   0x00001efc   0x00000008   Code   RO         2160    .text.dynamic_keymap_macro_get_buffer_size  dynamic_keymap.o
    0x00001f04   0x00001f04   0x00000004   Code   RO         2158    .text.dynamic_keymap_macro_get_count  dynamic_keymap.o
    0x00001f08   0x00001f08   0x00000018   Code   RO         2166    .text.dynamic_keymap_macro_reset  dynamic_keymap.o
    0x00001f20   0x00001f20   0x000000cc   Code   RO         2168    .text.dynamic_keymap_macro_send  dynamic_keymap.o
    0x00001fec   0x00001fec   0x0000003c   Code   RO         2164    .text.dynamic_keymap_macro_set_buffer  dynamic_keymap.o
    0x00002028   0x00002028   0x00000046   Code   RO         2150    .text.dynamic_keymap_reset  dynamic_keymap.o
    0x0000206e   0x0000206e   0x00000030   Code   RO         2154    .text.dynamic_keymap_set_buffer  dynamic_keymap.o
    0x0000209e   0x0000209e   0x00000034   Code   RO         2148    .text.dynamic_keymap_set_keycode  dynamic_keymap.o
    0x000020d2   0x000020d2   0x00000002   Code   RO         2330    .text.early_hardware_init_post  chibios.o
    0x000020d4   0x000020d4   0x00000002   Code   RO         2328    .text.early_hardware_init_pre  chibios.o
    0x000020d6   0x000020d6   0x00000002   PAD
    0x000020d8   0x000020d8   0x00000014   Code   RO         1611    .text.eeconfig_disable  eeconfig.o
    0x000020ec   0x000020ec   0x00000008   Code   RO         1607    .text.eeconfig_init  eeconfig.o
    0x000020f4   0x000020f4   0x00000008   Code   RO         1599    .text.eeconfig_init_kb  eeconfig.o
    0x000020fc   0x000020fc   0x00000022   Code   RO         1603    .text.eeconfig_init_kb_datablock  eeconfig.o
    0x0000211e   0x0000211e   0x00000002   PAD
    0x00002120   0x00002120   0x000000a0   Code   RO         1601    .text.eeconfig_init_quantum  eeconfig.o
    0x000021c0   0x000021c0   0x00000002   Code   RO         1597    .text.eeconfig_init_user  eeconfig.o
    0x000021c2   0x000021c2   0x00000020   Code   RO         1605    .text.eeconfig_init_user_datablock  eeconfig.o
    0x000021e2   0x000021e2   0x00000028   Code   RO         2093    .text.eeconfig_init_via  via.o
    0x0000220a   0x0000220a   0x00000002   PAD
    0x0000220c   0x0000220c   0x00000020   Code   RO         1613    .text.eeconfig_is_enabled  eeconfig.o
    0x0000222c   0x0000222c   0x0000000a   Code   RO         1617    .text.eeconfig_read_debug  eeconfig.o
    0x00002236   0x00002236   0x0000000a   Code   RO         1621    .text.eeconfig_read_default_layer  eeconfig.o
    0x00002240   0x00002240   0x0000000a   Code   RO         1625    .text.eeconfig_read_keymap  eeconfig.o
    0x0000224a   0x0000224a   0x0000000c   Code   RO         1639    .text.eeconfig_update_handedness  eeconfig.o
    0x00002256   0x00002256   0x0000000c   Code   RO         1627    .text.eeconfig_update_keymap  eeconfig.o
    0x00002262   0x00002262   0x00000002   PAD
    0x00002264   0x00002264   0x00000010   Code   RO         2627    .text.eeprom_driver_erase  eeprom_transient.o
    0x00002274   0x00002274   0x00000010   Code   RO         2625    .text.eeprom_driver_init  eeprom_transient.o
    0x00002284   0x00002284   0x0000002c   Code   RO         2629    .text.eeprom_read_block  eeprom_transient.o
    0x000022b0   0x000022b0   0x0000001a   Code   RO         2595    .text.eeprom_read_byte  eeprom_driver.o
    0x000022ca   0x000022ca   0x0000001a   Code   RO         2597    .text.eeprom_read_word  eeprom_driver.o
    0x000022e4   0x000022e4   0x00000042   Code   RO         2607    .text.eeprom_update_block  eeprom_driver.o
    0x00002326   0x00002326   0x0000002e   Code   RO         2609    .text.eeprom_update_byte  eeprom_driver.o
    0x00002354   0x00002354   0x0000002c   Code   RO         2613    .text.eeprom_update_dword  eeprom_driver.o
    0x00002380   0x00002380   0x0000002e   Code   RO         2611    .text.eeprom_update_word  eeprom_driver.o
    0x000023ae   0x000023ae   0x00000002   PAD
    0x000023b0   0x000023b0   0x00000024   Code   RO         2631    .text.eeprom_write_block  eeprom_transient.o
    0x000023d4   0x000023d4   0x00000024   Code   RO          565    .text.es_test_printf  hal_lld.o
    0x000023f8   0x000023f8   0x00000044   Code   RO         1381    .text.get_event_keycode  quantum.o
    0x0000243c   0x0000243c   0x0000000c   Code   RO         1709    .text.get_mods      action_util.o
    0x00002448   0x00002448   0x00000008   Code   RO         1681    .text.get_oneshot_layer  action_util.o
    0x00002450   0x00002450   0x00000010   Code   RO         1683    .text.get_oneshot_layer_state  action_util.o
    0x00002460   0x00002460   0x0000000c   Code   RO         2129    .text.get_tri_layer_adjust_layer  tri_layer.o
    0x0000246c   0x0000246c   0x0000000c   Code   RO         2125    .text.get_tri_layer_lower_layer  tri_layer.o
    0x00002478   0x00002478   0x0000000c   Code   RO         2127    .text.get_tri_layer_upper_layer  tri_layer.o
    0x00002484   0x00002484   0x0000009c   Code   RO         2489    .text.get_usb_descriptor  usb_descriptor.o
    0x00002520   0x00002520   0x00000044   Code   RO          569    .text.gpio_config   hal_lld.o
    0x00002564   0x00002564   0x0000001c   Code   RO          318    .text.halInit       hal.o
    0x00002580   0x00002580   0x0000009c   Code   RO          571    .text.hal_lld_init  hal_lld.o
    0x0000261c   0x0000261c   0x0000019c   Code   RO          670    .text.handle_ep0    hal_usb_lld.o
    0x000027b8   0x000027b8   0x00000020   Code   RO         2268    .text.has_anykey    report.o
    0x000027d8   0x000027d8   0x00000014   Code   RO         2233    .text.host_keyboard_leds  host.o
    0x000027ec   0x000027ec   0x00000014   Code   RO         2237    .text.host_keyboard_send  host.o
    0x00002800   0x00002800   0x0000000c   Code   RO         2229    .text.host_set_driver  host.o
    0x0000280c   0x0000280c   0x0000000c   Code   RO         1849    .text.housekeeping_task  keyboard.o
    0x00002818   0x00002818   0x00000002   Code   RO         1845    .text.housekeeping_task_kb  keyboard.o
    0x0000281a   0x0000281a   0x00000002   Code   RO         1847    .text.housekeeping_task_user  keyboard.o
    0x0000281c   0x0000281c   0x0000000a   Code   RO         2361    .text.ibnotify      usb_driver.o
    0x00002826   0x00002826   0x00000016   Code   RO          331    .text.ibqGetEmptyBufferI  hal_buffers.o
    0x0000283c   0x0000283c   0x00000034   Code   RO          337    .text.ibqGetFullBufferTimeoutS  hal_buffers.o
    0x00002870   0x00002870   0x0000003c   Code   RO          343    .text.ibqGetTimeout  hal_buffers.o
    0x000028ac   0x000028ac   0x0000002e   Code   RO          327    .text.ibqObjectInit  hal_buffers.o
    0x000028da   0x000028da   0x00000024   Code   RO          333    .text.ibqPostFullBufferI  hal_buffers.o
    0x000028fe   0x000028fe   0x0000008c   Code   RO          345    .text.ibqReadTimeout  hal_buffers.o
    0x0000298a   0x0000298a   0x00000028   Code   RO          341    .text.ibqReleaseEmptyBufferS  hal_buffers.o
    0x000029b2   0x000029b2   0x0000001a   Code   RO          329    .text.ibqResetI     hal_buffers.o
    0x000029cc   0x000029cc   0x00000060   Code   RO         2417    .text.init_usb_driver  usb_main.o
    0x00002a2c   0x00002a2c   0x0000002c   Code   RO         2272    .text.is_key_pressed  report.o
    0x00002a58   0x00002a58   0x00000004   Code   RO         1839    .text.is_keyboard_master  keyboard.o
    0x00002a5c   0x00002a5c   0x00000014   Code   RO         1693    .text.is_oneshot_layer_active  action_util.o
    0x00002a70   0x00002a70   0x0000005c   Code   RO         1549    .text.is_tap_record  action.o
    0x00002acc   0x00002acc   0x00000080   Code   RO         2459    .text.keyboard_idle_timer_cb  usb_main.o
    0x00002b4c   0x00002b4c   0x0000001c   Code   RO         1853    .text.keyboard_init  keyboard.o
    0x00002b68   0x00002b68   0x0000000c   Code   RO         2421    .text.keyboard_leds  usb_main.o
    0x00002b74   0x00002b74   0x00000008   Code   RO         1833    .text.keyboard_post_init_kb  keyboard.o
    0x00002b7c   0x00002b7c   0x00000002   Code   RO         1831    .text.keyboard_post_init_user  keyboard.o
    0x00002b7e   0x00002b7e   0x00000008   Code   RO         1829    .text.keyboard_pre_init_kb  keyboard.o
    0x00002b86   0x00002b86   0x00000002   Code   RO         1827    .text.keyboard_pre_init_user  keyboard.o
    0x00002b88   0x00002b88   0x0000001c   Code   RO         1837    .text.keyboard_setup  keyboard.o
    0x00002ba4   0x00002ba4   0x00000110   Code   RO         1859    .text.keyboard_task  keyboard.o
    0x00002cb4   0x00002cb4   0x0000001a   Code   RO         2156    .text.keycode_at_keymap_location  dynamic_keymap.o
    0x00002cce   0x00002cce   0x00000002   PAD
    0x00002cd0   0x00002cd0   0x00000028   Code   RO         1421    .text.keycode_at_keymap_location_raw  keymap_introspection.o
    0x00002cf8   0x00002cf8   0x000000f4   Code   RO         2069    .text.keycode_config  keycode_config.o
    0x00002dec   0x00002dec   0x00000020   Code   RO         1789    .text.keymap_key_to_keycode  keymap_common.o
    0x00002e0c   0x00002e0c   0x00000010   Code   RO         1472    .text.layer_and     action_layer.o
    0x00002e1c   0x00002e1c   0x00000010   Code   RO         1456    .text.layer_clear   action_layer.o
    0x00002e2c   0x00002e2c   0x00000002   Code   RO         1454    .text.layer_debug   action_layer.o
    0x00002e2e   0x00002e2e   0x00000002   PAD
    0x00002e30   0x00002e30   0x00000018   Code   RO         1468    .text.layer_invert  action_layer.o
    0x00002e48   0x00002e48   0x00000014   Code   RO         1462    .text.layer_move    action_layer.o
    0x00002e5c   0x00002e5c   0x00000014   Code   RO         1466    .text.layer_off     action_layer.o
    0x00002e70   0x00002e70   0x00000018   Code   RO         1464    .text.layer_on      action_layer.o
    0x00002e88   0x00002e88   0x00000010   Code   RO         1470    .text.layer_or      action_layer.o
    0x00002e98   0x00002e98   0x0000000c   Code   RO         1452    .text.layer_state_set  action_layer.o
    0x00002ea4   0x00002ea4   0x00000008   Code   RO         1450    .text.layer_state_set_kb  action_layer.o
    0x00002eac   0x00002eac   0x00000002   Code   RO         1448    .text.layer_state_set_user  action_layer.o
    0x00002eae   0x00002eae   0x00000012   Code   RO         1486    .text.layer_switch_get_action  action_layer.o
    0x00002ec0   0x00002ec0   0x00000044   Code   RO         1488    .text.layer_switch_get_layer  action_layer.o
    0x00002f04   0x00002f04   0x00000010   Code   RO         1474    .text.layer_xor     action_layer.o
    0x00002f14   0x00002f14   0x00000016   Code   RO         1577    .text.led_init_ports  led.o
    0x00002f2a   0x00002f2a   0x00000010   Code   RO         1579    .text.led_set       led.o
    0x00002f3a   0x00002f3a   0x00000002   Code   RO         1569    .text.led_set_user  led.o
    0x00002f3c   0x00002f3c   0x0000002c   Code   RO         1585    .text.led_task      led.o
    0x00002f68   0x00002f68   0x0000001a   Code   RO         1573    .text.led_update_kb  led.o
    0x00002f82   0x00002f82   0x00000002   PAD
    0x00002f84   0x00002f84   0x00000014   Code   RO         1575    .text.led_update_ports  led.o
    0x00002f98   0x00002f98   0x00000004   Code   RO         1571    .text.led_update_user  led.o
    0x00002f9c   0x00002f9c   0x00000040   Code   RO         1963    .text.magic         magic.o
    0x00002fdc   0x00002fdc   0x0000001c   Code   RO         1993    .text.main          main.o
    0x00002ff8   0x00002ff8   0x00000004   Code   RO         1835    .text.matrix_can_read  keyboard.o
    0x00002ffc   0x00002ffc   0x00000008   Code   RO         1907    .text.matrix_get_row  matrix_common.o
    0x00003004   0x00003004   0x00000024   Code   RO         1879    .text.matrix_init   matrix.o
    0x00003028   0x00003028   0x00000008   Code   RO         1893    .text.matrix_init_kb  matrix_common.o
    0x00003030   0x00003030   0x00000054   Code   RO         1875    .text.matrix_init_pins  matrix.o
    0x00003084   0x00003084   0x00000002   Code   RO         1895    .text.matrix_init_user  matrix_common.o
    0x00003086   0x00003086   0x0000000a   Code   RO         1911    .text.matrix_io_delay  matrix_common.o
    0x00003090   0x00003090   0x00000026   Code   RO         1913    .text.matrix_output_select_delay  matrix_common.o
    0x000030b6   0x000030b6   0x00000008   Code   RO         1915    .text.matrix_output_unselect_delay  matrix_common.o
    0x000030be   0x000030be   0x00000002   Code   RO         2508    .text.matrix_power_down  suspend.o
    0x000030c0   0x000030c0   0x00000002   Code   RO         2506    .text.matrix_power_up  suspend.o
    0x000030c2   0x000030c2   0x00000002   Code   RO         1909    .text.matrix_print  matrix_common.o
    0x000030c4   0x000030c4   0x00000094   Code   RO         1877    .text.matrix_read_cols_on_row  matrix.o
    0x00003158   0x00003158   0x0000005c   Code   RO         1881    .text.matrix_scan   matrix.o
    0x000031b4   0x000031b4   0x00000008   Code   RO         1897    .text.matrix_scan_kb  matrix_common.o
    0x000031bc   0x000031bc   0x00000002   Code   RO         1899    .text.matrix_scan_user  matrix_common.o
    0x000031be   0x000031be   0x00000002   Code   RO         1825    .text.matrix_setup  keyboard.o
    0x000031c0   0x000031c0   0x00000002   Code   RO         2566    .text.mcu_reset     custom.o
    0x000031c2   0x000031c2   0x00000002   PAD
    0x000031c4   0x000031c4   0x00000108   Code   RO         1128    .text.md_gpio_init  md_gpio.o
    0x000032cc   0x000032cc   0x000000b0   Code   RO         1170    .text.md_rcu_check_hosc_ready  md_rcu.o
    0x0000337c   0x0000337c   0x000000e0   Code   RO         1174    .text.md_rcu_pll0_init  md_rcu.o
    0x0000345c   0x0000345c   0x0000029c   Code   RO         1172    .text.md_rcu_sys_init  md_rcu.o
    0x000036f8   0x000036f8   0x0000007c   Code   RO         1278    .text.md_uart_init  md_uart.o
    0x00003774   0x00003774   0x00000094   Code   RO         2071    .text.mod_config    keycode_config.o
    0x00003808   0x00003808   0x00000008   Code   RO         2292    .text.notify_usb_device_state_change_kb  usb_device_state.o
    0x00003810   0x00003810   0x00000002   Code   RO         2294    .text.notify_usb_device_state_change_user  usb_device_state.o
    0x00003812   0x00003812   0x00000004   Code   RO         1941    .text.null_sendchar_func  print.o
    0x00003816   0x00003816   0x00000040   Code   RO         2363    .text.obnotify      usb_driver.o
    0x00003856   0x00003856   0x00000036   Code   RO          357    .text.obqGetEmptyBufferTimeoutS  hal_buffers.o
    0x0000388c   0x0000388c   0x0000001c   Code   RO          351    .text.obqGetFullBufferI  hal_buffers.o
    0x000038a8   0x000038a8   0x0000002e   Code   RO          347    .text.obqObjectInit  hal_buffers.o
    0x000038d6   0x000038d6   0x0000002a   Code   RO          361    .text.obqPostFullBufferS  hal_buffers.o
    0x00003900   0x00003900   0x00000044   Code   RO          363    .text.obqPutTimeout  hal_buffers.o
    0x00003944   0x00003944   0x00000022   Code   RO          353    .text.obqReleaseEmptyBufferI  hal_buffers.o
    0x00003966   0x00003966   0x0000001c   Code   RO          349    .text.obqResetI     hal_buffers.o
    0x00003982   0x00003982   0x00000040   Code   RO          367    .text.obqTryFlushI  hal_buffers.o
    0x000039c2   0x000039c2   0x00000090   Code   RO          365    .text.obqWriteTimeout  hal_buffers.o
    0x00003a52   0x00003a52   0x0000000a   Code   RO         1701    .text.oneshot_disable  action_util.o
    0x00003a5c   0x00003a5c   0x0000000a   Code   RO         1699    .text.oneshot_enable  action_util.o
    0x00003a66   0x00003a66   0x00000008   Code   RO         1687    .text.oneshot_layer_changed_kb  action_util.o
    0x00003a6e   0x00003a6e   0x00000002   Code   RO         1745    .text.oneshot_layer_changed_user  action_util.o
    0x00003a70   0x00003a70   0x00000008   Code   RO         1671    .text.oneshot_locked_mods_changed_kb  action_util.o
    0x00003a78   0x00003a78   0x00000002   Code   RO         1741    .text.oneshot_locked_mods_changed_user  action_util.o
    0x00003a7a   0x00003a7a   0x00000008   Code   RO         1733    .text.oneshot_mods_changed_kb  action_util.o
    0x00003a82   0x00003a82   0x00000002   Code   RO         1743    .text.oneshot_mods_changed_user  action_util.o
    0x00003a84   0x00003a84   0x00000030   Code   RO         1695    .text.oneshot_set   action_util.o
    0x00003ab4   0x00003ab4   0x00000018   Code   RO         1697    .text.oneshot_toggle  action_util.o
    0x00003acc   0x00003acc   0x000000ac   Code   RO         2003    .text.perform_space_cadet  process_space_cadet.o
    0x00003b78   0x00003b78   0x0000000c   Code   RO         2528    .text.platform_setup  platform.o
    0x00003b84   0x00003b84   0x00000014   Code   RO            4    .text.port_init     chcore.o
    0x00003b98   0x00003b98   0x00000008   Code   RO         1367    .text.post_process_record_kb  quantum.o
    0x00003ba0   0x00003ba0   0x0000001c   Code   RO         1385    .text.post_process_record_quantum  quantum.o
    0x00003bbc   0x00003bbc   0x00000002   Code   RO         1369    .text.post_process_record_user  quantum.o
    0x00003bbe   0x00003bbe   0x00000008   Code   RO         1357    .text.pre_process_record_kb  quantum.o
    0x00003bc6   0x00003bc6   0x0000001c   Code   RO         1383    .text.pre_process_record_quantum  quantum.o
    0x00003be2   0x00003be2   0x00000004   Code   RO         1359    .text.pre_process_record_user  quantum.o
    0x00003be6   0x00003be6   0x00000002   PAD
    0x00003be8   0x00003be8   0x0000000c   Code   RO         1937    .text.print_set_sendchar  print.o
    0x00003bf4   0x00003bf4   0x000003c4   Code   RO         1523    .text.process_action  action.o
    0x00003fb8   0x00003fb8   0x00000004   Code   RO         1361    .text.process_action_kb  quantum.o
    0x00003fbc   0x00003fbc   0x0000005c   Code   RO         2026    .text.process_grave_esc  process_grave_esc.o
    0x00004018   0x00004018   0x000001b0   Code   RO         2017    .text.process_magic  process_magic.o
    0x000041c8   0x000041c8   0x00000048   Code   RO         1511    .text.process_record  action.o
    0x00004210   0x00004210   0x00000020   Code   RO         1519    .text.process_record_handler  action.o
    0x00004230   0x00004230   0x00000008   Code   RO         1363    .text.process_record_kb  quantum.o
    0x00004238   0x00004238   0x000000d4   Code   RO         1387    .text.process_record_quantum  quantum.o
    0x0000430c   0x0000430c   0x00000010   Code   RO         1517    .text.process_record_tap_hint  action.o
    0x0000431c   0x0000431c   0x00000004   Code   RO         1365    .text.process_record_user  quantum.o
    0x00004320   0x00004320   0x0000002a   Code   RO         2099    .text.process_record_via  via.o
    0x0000434a   0x0000434a   0x00000002   PAD
    0x0000434c   0x0000434c   0x00000094   Code   RO         2005    .text.process_space_cadet  process_space_cadet.o
    0x000043e0   0x000043e0   0x0000036c   Code   RO         1767    .text.process_tapping  action_tapping.o
    0x0000474c   0x0000474c   0x00000054   Code   RO         2192    .text.process_tri_layer  process_tri_layer.o
    0x000047a0   0x000047a0   0x00000010   Code   RO         1989    .text.protocol_init  main.o
    0x000047b0   0x000047b0   0x0000000c   Code   RO         2342    .text.protocol_post_init  chibios.o
    0x000047bc   0x000047bc   0x00000008   Code   RO         2346    .text.protocol_post_task  chibios.o
    0x000047c4   0x000047c4   0x00000024   Code   RO         2340    .text.protocol_pre_init  chibios.o
    0x000047e8   0x000047e8   0x00000040   Code   RO         2344    .text.protocol_pre_task  chibios.o
    0x00004828   0x00004828   0x00000008   Code   RO         2338    .text.protocol_setup  chibios.o
    0x00004830   0x00004830   0x00000010   Code   RO         1991    .text.protocol_task  main.o
    0x00004840   0x00004840   0x00000008   Code   RO          402    .text.pwmInit       hal_pwm.o
    0x00004848   0x00004848   0x00000002   Code   RO          608    .text.pwm_lld_init  hal_pwm_lld.o
    0x0000484a   0x0000484a   0x0000002a   Code   RO         2373    .text.qmkusbConfigureHookI  usb_driver.o
    0x00004874   0x00004874   0x0000003c   Code   RO         2383    .text.qmkusbDataReceived  usb_driver.o
    0x000048b0   0x000048b0   0x00000076   Code   RO         2381    .text.qmkusbDataTransmitted  usb_driver.o
    0x00004926   0x00004926   0x00000002   Code   RO         2385    .text.qmkusbInterruptTransmitted  usb_driver.o
    0x00004928   0x00004928   0x00000054   Code   RO         2359    .text.qmkusbObjectInit  usb_driver.o
    0x0000497c   0x0000497c   0x00000050   Code   RO         2377    .text.qmkusbRequestsHook  usb_driver.o
    0x000049cc   0x000049cc   0x00000060   Code   RO         2379    .text.qmkusbSOFHookI  usb_driver.o
    0x00004a2c   0x00004a2c   0x0000002e   Code   RO         2365    .text.qmkusbStart   usb_driver.o
    0x00004a5a   0x00004a5a   0x0000002c   Code   RO         2369    .text.qmkusbSuspendHookI  usb_driver.o
    0x00004a86   0x00004a86   0x00000016   Code   RO         2371    .text.qmkusbWakeupHookI  usb_driver.o
    0x00004a9c   0x00004a9c   0x0000003e   Code   RO         2375    .text.qmkusb_start_receive  usb_driver.o
    0x00004ada   0x00004ada   0x00000002   PAD
    0x00004adc   0x00004adc   0x0000019a   Code   RO         2107    .text.raw_hid_receive  via.o
    0x00004c76   0x00004c76   0x00000002   PAD
    0x00004c78   0x00004c78   0x0000001c   Code   RO         2439    .text.raw_hid_send  usb_main.o
    0x00004c94   0x00004c94   0x00000044   Code   RO         2443    .text.raw_hid_task  usb_main.o
    0x00004cd8   0x00004cd8   0x00000044   Code   RO         1482    .text.read_source_layers_cache  action_layer.o
    0x00004d1c   0x00004d1c   0x00000044   Code   RO         1527    .text.register_code  action.o
    0x00004d60   0x00004d60   0x00000010   Code   RO         1531    .text.register_mods  action.o
    0x00004d70   0x00004d70   0x00000018   Code   RO         1375    .text.reset_keyboard  quantum.o
    0x00004d88   0x00004d88   0x00000002   Code   RO          733    .text.restart_usb_driver  board.o
    0x00004d8a   0x00004d8a   0x00000002   PAD
    0x00004d8c   0x00004d8c   0x00000224   Code   RO          563    .text.rt_hw_hard_fault_exception  hal_lld.o
    0x00004fb0   0x00004fb0   0x00000068   Code   RO         1705    .text.send_6kro_report  action_util.o
    0x00005018   0x00005018   0x00000084   Code   RO         2205    .text.send_char     send_string.o
    0x0000509c   0x0000509c   0x00000002   Code   RO         2431    .text.send_extra    usb_main.o
    0x0000509e   0x0000509e   0x00000002   PAD
    0x000050a0   0x000050a0   0x00000034   Code   RO         2425    .text.send_keyboard  usb_main.o
    0x000050d4   0x000050d4   0x00000008   Code   RO         1707    .text.send_keyboard_report  action_util.o
    0x000050dc   0x000050dc   0x00000002   Code   RO         2429    .text.send_mouse    usb_main.o
    0x000050de   0x000050de   0x00000002   Code   RO         2427    .text.send_nkro     usb_main.o
    0x000050e0   0x000050e0   0x00000050   Code   RO         2423    .text.send_report   usb_main.o
    0x00005130   0x00005130   0x00000098   Code   RO         2203    .text.send_string_with_delay  send_string.o
    0x000051c8   0x000051c8   0x00000004   Code   RO         1952    .text.sendchar      sendchar.o
    0x000051cc   0x000051cc   0x0000002c   Code   RO         2455    .text.set_led_transfer_cb  usb_main.o
    0x000051f8   0x000051f8   0x00000030   Code   RO         1685    .text.set_oneshot_layer  action_util.o
    0x00005228   0x00005228   0x00000008   Code   RO         1843    .text.should_process_keypress  keyboard.o
    0x00005230   0x00005230   0x00000008   Code   RO         1373    .text.shutdown_kb   quantum.o
    0x00005238   0x00005238   0x00000004   Code   RO         1391    .text.shutdown_user  quantum.o
    0x0000523c   0x0000523c   0x00000018   Code   RO         1377    .text.soft_reset_keyboard  quantum.o
    0x00005254   0x00005254   0x00000008   Code   RO          477    .text.stInit        hal_st.o
    0x0000525c   0x0000525c   0x00000018   Code   RO          635    .text.st_lld_init   hal_st_lld.o
    0x00005274   0x00005274   0x00000040   Code   RO         1484    .text.store_or_get_action  action_layer.o
    0x000052b4   0x000052b4   0x00000002   Code   RO         2642    .text.suspend_power_down  es_app.o
    0x000052b6   0x000052b6   0x00000028   Code   RO         2518    .text.suspend_wakeup_condition  suspend.o
    0x000052de   0x000052de   0x00000002   Code   RO         2644    .text.suspend_wakeup_init  es_app.o
    0x000052e0   0x000052e0   0x00000012   Code   RO         1537    .text.tap_code      action.o
    0x000052f2   0x000052f2   0x00000022   Code   RO         1535    .text.tap_code_delay  action.o
    0x00005314   0x00005314   0x0000000e   Code   RO         2546    .text.timer_elapsed  timer.o
    0x00005322   0x00005322   0x0000000c   Code   RO         2548    .text.timer_elapsed32  timer.o
    0x0000532e   0x0000532e   0x00000002   PAD
    0x00005330   0x00005330   0x0000005c   Code   RO         2536    .text.timer_init    timer.o
    0x0000538c   0x0000538c   0x0000000a   Code   RO         2542    .text.timer_read    timer.o
    0x00005396   0x00005396   0x00000002   PAD
    0x00005398   0x00005398   0x00000084   Code   RO         2544    .text.timer_read32  timer.o
    0x0000541c   0x0000541c   0x0000002e   Code   RO         1529    .text.unregister_code  action.o
    0x0000544a   0x0000544a   0x00000010   Code   RO         1533    .text.unregister_mods  action.o
    0x0000545a   0x0000545a   0x00000002   PAD
    0x0000545c   0x0000545c   0x00000058   Code   RO         2540    .text.update_fn     timer.o
    0x000054b4   0x000054b4   0x0000004c   Code   RO         1480    .text.update_source_layers_cache  action_layer.o
    0x00005500   0x00005500   0x00000034   Code   RO         1492    .text.update_tri_layer  action_layer.o
    0x00005534   0x00005534   0x0000004c   Code   RO          496    .text.usbDisableEndpointsI  hal_usb.o
    0x00005580   0x00005580   0x00000008   Code   RO          486    .text.usbInit       hal_usb.o
    0x00005588   0x00005588   0x00000030   Code   RO          494    .text.usbInitEndpointI  hal_usb.o
    0x000055b8   0x000055b8   0x00000016   Code   RO          488    .text.usbObjectInit  hal_usb.o
    0x000055ce   0x000055ce   0x00000026   Code   RO          490    .text.usbStart      hal_usb.o
    0x000055f4   0x000055f4   0x00000022   Code   RO          498    .text.usbStartReceiveI  hal_usb.o
    0x00005616   0x00005616   0x00000022   Code   RO          500    .text.usbStartTransmitI  hal_usb.o
    0x00005638   0x00005638   0x00000052   Code   RO          492    .text.usbStop       hal_usb.o
    0x0000568a   0x0000568a   0x00000002   Code   RO          510    .text.usbWakeupHost  hal_usb.o
    0x0000568c   0x0000568c   0x00000010   Code   RO         2304    .text.usb_device_state_init  usb_device_state.o
    0x0000569c   0x0000569c   0x00000018   Code   RO         2296    .text.usb_device_state_set_configuration  usb_device_state.o
    0x000056b4   0x000056b4   0x00000010   Code   RO         2302    .text.usb_device_state_set_reset  usb_device_state.o
    0x000056c4   0x000056c4   0x00000018   Code   RO         2300    .text.usb_device_state_set_resume  usb_device_state.o
    0x000056dc   0x000056dc   0x00000014   Code   RO         2298    .text.usb_device_state_set_suspend  usb_device_state.o
    0x000056f0   0x000056f0   0x00000118   Code   RO         2445    .text.usb_event_cb  usb_main.o
    0x00005808   0x00005808   0x00000018   Code   RO         2413    .text.usb_event_queue_init  usb_main.o
    0x00005820   0x00005820   0x00000098   Code   RO         2415    .text.usb_event_queue_task  usb_main.o
    0x000058b8   0x000058b8   0x00000040   Code   RO         2447    .text.usb_get_descriptor_cb  usb_main.o
    0x000058f8   0x000058f8   0x00000038   Code   RO          704    .text.usb_lld_clear_in  hal_usb_lld.o
    0x00005930   0x00005930   0x00000034   Code   RO          702    .text.usb_lld_clear_out  hal_usb_lld.o
    0x00005964   0x00005964   0x00000028   Code   RO          686    .text.usb_lld_disable_endpoints  hal_usb_lld.o
    0x0000598c   0x0000598c   0x00000028   Code   RO          690    .text.usb_lld_get_status_in  hal_usb_lld.o
    0x000059b4   0x000059b4   0x0000002c   Code   RO          688    .text.usb_lld_get_status_out  hal_usb_lld.o
    0x000059e0   0x000059e0   0x00000044   Code   RO          674    .text.usb_lld_init  hal_usb_lld.o
    0x00005a24   0x00005a24   0x00000194   Code   RO          684    .text.usb_lld_init_endpoint  hal_usb_lld.o
    0x00005bb8   0x00005bb8   0x00000068   Code   RO          692    .text.usb_lld_read_setup  hal_usb_lld.o
    0x00005c20   0x00005c20   0x00000040   Code   RO          680    .text.usb_lld_reset  hal_usb_lld.o
    0x00005c60   0x00005c60   0x00000034   Code   RO          682    .text.usb_lld_set_address  hal_usb_lld.o
    0x00005c94   0x00005c94   0x00000044   Code   RO          700    .text.usb_lld_stall_in  hal_usb_lld.o
    0x00005cd8   0x00005cd8   0x00000044   Code   RO          698    .text.usb_lld_stall_out  hal_usb_lld.o
    0x00005d1c   0x00005d1c   0x0000006c   Code   RO          676    .text.usb_lld_start  hal_usb_lld.o
    0x00005d88   0x00005d88   0x0000006c   Code   RO          696    .text.usb_lld_start_in  hal_usb_lld.o
    0x00005df4   0x00005df4   0x00000074   Code   RO          694    .text.usb_lld_start_out  hal_usb_lld.o
    0x00005e68   0x00005e68   0x00000028   Code   RO          678    .text.usb_lld_stop  hal_usb_lld.o
    0x00005e90   0x00005e90   0x000001a0   Code   RO         2449    .text.usb_requests_hook_cb  usb_main.o
    0x00006030   0x00006030   0x00000018   Code   RO         2451    .text.usb_sof_cb    usb_main.o
    0x00006048   0x00006048   0x00000074   Code   RO          668    .text.usbd_ep_start_read  hal_usb_lld.o
    0x000060bc   0x000060bc   0x000000b8   Code   RO          666    .text.usbd_ep_start_write  hal_usb_lld.o
    0x00006174   0x00006174   0x00000058   Code   RO          662    .text.usbd_read_packet  hal_usb_lld.o
    0x000061cc   0x000061cc   0x000000a0   Code   RO          664    .text.usbd_write_packet  hal_usb_lld.o
    0x0000626c   0x0000626c   0x00000004   Code   RO         2105    .text.via_command_kb  via.o
    0x00006270   0x00006270   0x00000008   Code   RO         2103    .text.via_custom_value_command  via.o
    0x00006278   0x00006278   0x00000006   Code   RO         2101    .text.via_custom_value_command_kb  via.o
    0x0000627e   0x0000627e   0x00000028   Code   RO         2081    .text.via_eeprom_is_valid  via.o
    0x000062a6   0x000062a6   0x00000036   Code   RO         2083    .text.via_eeprom_set_valid  via.o
    0x000062dc   0x000062dc   0x0000001e   Code   RO         2087    .text.via_init      via.o
    0x000062fa   0x000062fa   0x00000002   Code   RO         2085    .text.via_init_kb   via.o
    0x000062fc   0x000062fc   0x00000002   Code   RO         2097    .text.via_set_device_indication  via.o
    0x000062fe   0x000062fe   0x00000002   Code   RO         2089    .text.via_set_layout_options_kb  via.o
    0x00006300   0x00006300   0x00000034   Code   RO          242    .text.vt_enqueue    chvt.o
    0x00006334   0x00006334   0x0000008c   Code   RO         1769    .text.waiting_buffer_scan_tap  action_tapping.o
    0x000063c0   0x000063c0   0x00000060   Code   RO         1771    .text.waiting_buffer_typed  action_tapping.o
    0x00006420   0x00006420   0x0000002e   Code   RO         3028    i.__ARM_clz         mf_p.l(depilogue.o)
    0x0000644e   0x0000644e   0x0000000e   Code   RO         3040    i.__scatterload_copy  mc_p.l(handlers.o)
    0x0000645c   0x0000645c   0x00000002   Code   RO         3041    i.__scatterload_null  mc_p.l(handlers.o)
    0x0000645e   0x0000645e   0x0000000e   Code   RO         3042    i.__scatterload_zeroinit  mc_p.l(handlers.o)
    0x0000646c   0x0000646c   0x00000081   Data   RO         2669    .constdata          mc_p.l(ctype_o.o)
    0x000064ed   0x000064ed   0x00000003   PAD
    0x000064f0   0x000064f0   0x00000004   Data   RO         2670    .constdata          mc_p.l(ctype_o.o)
    0x000064f4   0x000064f4   0x00000006   Data   RO         2498    .rodata..Lswitch.table.get_usb_descriptor.1  usb_descriptor.o
    0x000064fa   0x000064fa   0x00000042   Data   RO         2494    .rodata.ConfigurationDescriptor  usb_descriptor.o
    0x0000653c   0x0000653c   0x00000012   Data   RO         2493    .rodata.DeviceDescriptor  usb_descriptor.o
    0x0000654e   0x0000654e   0x00000004   Data   RO         2495    .rodata.LanguageString  usb_descriptor.o
    0x00006552   0x00006552   0x00000010   Data   RO         2496    .rodata.ManufacturerString  usb_descriptor.o
    0x00006562   0x00006562   0x00000032   Data   RO         2497    .rodata.ProductString  usb_descriptor.o
    0x00006594   0x00006594   0x00000022   Data   RO         2492    .rodata.RawReport   usb_descriptor.o
    0x000065b6   0x000065b6   0x00000046   Data   RO         2491    .rodata.SharedReport  usb_descriptor.o
    0x000065fc   0x000065fc   0x00000100   Data   RO          714    .rodata.__lowest_bit_bitmap  hal_usb_lld.o
    0x000066fc   0x000066fc   0x00000002   Data   RO          526    .rodata.active_status  hal_usb.o
    0x000066fe   0x000066fe   0x00000010   Data   RO         2218    .rodata.ascii_to_altgr_lut  send_string.o
    0x0000670e   0x0000670e   0x00000010   Data   RO         2219    .rodata.ascii_to_dead_lut  send_string.o
    0x0000671e   0x0000671e   0x00000080   Data   RO         2220    .rodata.ascii_to_keycode_lut  send_string.o
    0x0000679e   0x0000679e   0x00000010   Data   RO         2217    .rodata.ascii_to_shift_lut  send_string.o
    0x000067ae   0x000067ae   0x00000002   PAD
    0x000067b0   0x000067b0   0x0000000c   Data   RO          174    .rodata.ch_core0_cfg  chsys.o
    0x000067bc   0x000067bc   0x00000044   Data   RO         1883    .rodata.col_pins    matrix.o
    0x00006800   0x00006800   0x00000024   Data   RO          717    .rodata.ep0config   hal_usb_lld.o
    0x00006824   0x00006824   0x00000010   Data   RO          573    .rodata.g_num_to_char_table  hal_lld.o
    0x00006834   0x00006834   0x00000002   Data   RO          525    .rodata.halted_status  hal_usb.o
    0x00006836   0x00006836   0x00000330   Data   RO         1425    .rodata.keymaps     keymap_introspection.o
    0x00006b66   0x00006b66   0x00000002   PAD
    0x00006b68   0x00006b68   0x00000018   Data   RO         1884    .rodata.row_pins    matrix.o
    0x00006b80   0x00006b80   0x00000024   Data   RO         2477    .rodata.shared_ep_config  usb_main.o
    0x00006ba4   0x00006ba4   0x00000003   Data   RO          172    .rodata.str1.1      chsys.o
    0x00006ba7   0x00006ba7   0x00000001   PAD
    0x00006ba8   0x00006ba8   0x00000010   Data   RO         2473    .rodata.usbcfg      usb_main.o
    0x00006bb8   0x00006bb8   0x00000028   Data   RO         2403    .rodata.vmt         usb_driver.o
    0x00006be0   0x00006be0   0x00000002   Data   RO          524    .rodata.zero_status  hal_usb.o
    0x00006be2   0x00006be2   0x00000002   PAD
    0x00006be4   0x00006be4   0x00000020   Data   RO         3039    Region$$Table       anon$$obj.o


    Execution Region RW_IRAM1 (Exec base: 0x20000000, Load base: 0x00006c20, Size: 0x000024f0, Max: 0x00004000, ABSOLUTE, COMPRESSED[0x00000080])

    Exec Addr    Load Addr    Size         Type   Attr      Idx    E Section Name        Object

    0x20000000   COMPRESSED   0x00000014   Data   RW         2348    .data.chibios_driver  chibios.o
    0x20000014   COMPRESSED   0x00000154   Data   RW         2472    .data.drivers       usb_main.o
    0x20000168   COMPRESSED   0x00000004   Data   RW         1943    .data.func          print.o
    0x2000016c   COMPRESSED   0x00000001   Data   RW         2462    .data.keyboard_protocol  usb_main.o
    0x2000016d   COMPRESSED   0x00000003   PAD
    0x20000170   COMPRESSED   0x00000004   Data   RW         1750    .data.keyboard_report  action_util.o
    0x20000174   COMPRESSED   0x00000007   Data   RW         2404    .data.linecoding    usb_driver.o
    0x2000017b   COMPRESSED   0x00000001   PAD
    0x2000017c   COMPRESSED   0x00000024   Data   RW          576    .data.rcu_initStruct  hal_lld.o
    0x200001a0   COMPRESSED   0x00000001   Data   RW         2133    .data.tri_layer_adjust_layer  tri_layer.o
    0x200001a1   COMPRESSED   0x00000001   Data   RW         2131    .data.tri_layer_lower_layer  tri_layer.o
    0x200001a2   COMPRESSED   0x00000001   Data   RW         2132    .data.tri_layer_upper_layer  tri_layer.o
    0x200001a3   COMPRESSED   0x00000001   PAD
    0x200001a4   COMPRESSED   0x00000014   Data   RW          577    .data.uart_initStruct  hal_lld.o
    0x200001b8   COMPRESSED   0x00000004   Data   RW          735    .flag               board.o
    0x200001bc   COMPRESSED   0x00000004   PAD
    0x200001c0        -       0x00000009   Zero   RW         1749    .bss..compoundliteral  action_util.o
    0x200001c9        -       0x00000090   Zero   RW         2475    .bss..compoundliteral  usb_main.o
    0x20000259        -       0x00000090   Zero   RW         2476    .bss..compoundliteral.1  usb_main.o
    0x200002e9   COMPRESSED   0x00000003   PAD
    0x200002ec        -       0x00000004   Zero   RW          578    .bss.SystemCoreClock  hal_lld.o
    0x200002f0        -       0x00000004   Zero   RW          580    .bss.SystemFrequency_AHBClk  hal_lld.o
    0x200002f4        -       0x00000004   Zero   RW          581    .bss.SystemFrequency_APBClk  hal_lld.o
    0x200002f8        -       0x00000004   Zero   RW          579    .bss.SystemFrequency_SysClk  hal_lld.o
    0x200002fc        -       0x00000001   Zero   RW         1189    .bss.TICK100us      md_rcu.o
    0x200002fd   COMPRESSED   0x00000003   PAD
    0x20000300        -       0x00000001   Zero   RW         1190    .bss.TICK10us       md_rcu.o
    0x20000301   COMPRESSED   0x00000003   PAD
    0x20000304        -       0x00000001   Zero   RW         1188    .bss.TICKms         md_rcu.o
    0x20000305   COMPRESSED   0x00000003   PAD
    0x20000308        -       0x00000084   Zero   RW          713    .bss.USBD1          hal_usb_lld.o
    0x2000038c   COMPRESSED   0x00000004   PAD
    0x20000390        -       0x00000060   Zero   RW          176    .bss.ch0            chsys.o
    0x200003f0        -       0x000000c0   Zero   RW          173    .bss.ch_c0_idle_thread_wa  chsys.o
    0x200004b0        -       0x00000008   Zero   RW          304    .bss.ch_memcore     chmemcore.o
    0x200004b8        -       0x00000008   Zero   RW          175    .bss.ch_system      chsys.o
    0x200004c0        -       0x00000001   Zero   RW         1979    .bss.debouncing     sym_defer_g.o
    0x200004c1   COMPRESSED   0x00000003   PAD
    0x200004c4        -       0x00000004   Zero   RW         1980    .bss.debouncing_time  sym_defer_g.o
    0x200004c8        -       0x00000001   Zero   RW         2037    .bss.debug_config   debug.o
    0x200004c9        -       0x00000001   Zero   RW         1494    .bss.default_layer_state  action_layer.o
    0x200004ca        -       0x00000001   Zero   RW         1555    .bss.disable_action_cache  action.o
    0x200004cb   COMPRESSED   0x00000001   PAD
    0x200004cc        -       0x00000004   Zero   RW         2257    .bss.driver         host.o
    0x200004d0        -       0x00000004   Zero   RW         2349    .bss.driver         chibios.o
    0x200004d4        -       0x00000014   Zero   RW          718    .bss.ep0_state      hal_usb_lld.o
    0x200004e8        -       0x00000008   Zero   RW          719    .bss.ep0setup_buffer  hal_usb_lld.o
    0x200004f0        -       0x00000010   Zero   RW         2468    .bss.event_queue    usb_main.o
    0x20000500        -       0x00000001   Zero   RW         2469    .bss.event_queue_head  usb_main.o
    0x20000501        -       0x00000001   Zero   RW         2470    .bss.event_queue_tail  usb_main.o
    0x20000502        -       0x00000100   Zero   RW          712    .bss.g_00000000_buf  hal_usb_lld.o
    0x20000602        -       0x00000001   Zero   RW          711    .bss.g_00000000_i   hal_usb_lld.o
    0x20000603   COMPRESSED   0x00000001   PAD
    0x20000604        -       0x00000400   Zero   RW          716    .bss.g_aaaaaaaa_buf  hal_usb_lld.o
    0x20000a04        -       0x00000004   Zero   RW          715    .bss.g_aaaaaaaa_i   hal_usb_lld.o
    0x20000a08   COMPRESSED   0x00000018   PAD
    0x20000a20        -       0x00000140   Zero   RW          710    .bss.g_musb_udc     hal_usb_lld.o
    0x20000b60        -       0x00000020   Zero   RW          574    .bss.g_num_to_char_tx_buf  hal_lld.o
    0x20000b80        -       0x00000002   Zero   RW         1866    .bss.generate_tick_event.last_tick  keyboard.o
    0x20000b82        -       0x00000001   Zero   RW         2028    .bss.grave_esc_was_shifted  process_grave_esc.o
    0x20000b83   COMPRESSED   0x00000001   PAD
    0x20000b84        -       0x00000001   Zero   RW         2461    .bss.keyboard_idle  usb_main.o
    0x20000b85   COMPRESSED   0x00000003   PAD
    0x20000b88        -       0x00000018   Zero   RW         2474    .bss.keyboard_idle_timer  usb_main.o
    0x20000ba0        -       0x00000001   Zero   RW         2463    .bss.keyboard_led_state  usb_main.o
    0x20000ba1   COMPRESSED   0x00000003   PAD
    0x20000ba4        -       0x00000009   Zero   RW         2465    .bss.keyboard_report_sent  usb_main.o
    0x20000bad   COMPRESSED   0x00000001   PAD
    0x20000bae        -       0x00000002   Zero   RW         1965    .bss.keymap_config  magic.o
    0x20000bb0        -       0x00000004   Zero   RW         1861    .bss.last_input_modification_time  keyboard.o
    0x20000bb4        -       0x00000004   Zero   RW         1587    .bss.last_led_modification_time  led.o
    0x20000bb8        -       0x00000004   Zero   RW         1862    .bss.last_matrix_modification_time  keyboard.o
    0x20000bbc        -       0x00000001   Zero   RW         2471    .bss.last_suspend_state  usb_main.o
    0x20000bbd   COMPRESSED   0x00000003   PAD
    0x20000bc0        -       0x00000004   Zero   RW         2554    .bss.last_systime   timer.o
    0x20000bc4        -       0x00000004   Zero   RW         2552    .bss.last_ticks     timer.o
    0x20000bc8        -       0x00000001   Zero   RW         1495    .bss.layer_state    action_layer.o
    0x20000bc9        -       0x00000001   Zero   RW         1588    .bss.led_task.last_led_status  led.o
    0x20000bca   COMPRESSED   0x00000002   PAD
    0x20000bcc        -       0x00000018   Zero   RW         1927    .bss.matrix         matrix_common.o
    0x20000be4        -       0x00000018   Zero   RW         1865    .bss.matrix_task.matrix_previous  keyboard.o
    0x20000bfc        -       0x00000004   Zero   RW         2553    .bss.ms_offset      timer.o
    0x20000c00        -       0x00000001   Zero   RW         1752    .bss.oneshot_layer_data  action_util.o
    0x20000c01        -       0x00000001   Zero   RW         1751    .bss.oneshot_locked_mods  action_util.o
    0x20000c02        -       0x00000001   Zero   RW         1756    .bss.oneshot_mods   action_util.o
    0x20000c03   COMPRESSED   0x00000001   PAD
    0x20000c04        -       0x00000004   Zero   RW         2555    .bss.overflow       timer.o
    0x20000c08        -       0x00000018   Zero   RW         1928    .bss.raw_matrix     matrix_common.o
    0x20000c20        -       0x00000001   Zero   RW         1754    .bss.real_mods      action_util.o
    0x20000c21        -       0x00000001   Zero   RW         2007    .bss.sc_last        process_space_cadet.o
    0x20000c22        -       0x00000002   Zero   RW         2008    .bss.sc_timer       process_space_cadet.o
    0x20000c24        -       0x00000009   Zero   RW         1753    .bss.send_6kro_report.last_report  action_util.o
    0x20000c2d   COMPRESSED   0x00000003   PAD
    0x20000c30        -       0x00000002   Zero   RW         2480    .bss.set_report_buf  usb_main.o
    0x20000c32   COMPRESSED   0x00000002   PAD
    0x20000c34        -       0x00000014   Zero   RW         2478    .bss.shared_ep_state  usb_main.o
    0x20000c48        -       0x00000027   Zero   RW         1496    .bss.source_layers_cache  action_layer.o
    0x20000c6f   COMPRESSED   0x00000001   PAD
    0x20000c70        -       0x00000008   Zero   RW         1775    .bss.tapping_key    action_tapping.o
    0x20000c78        -       0x00000004   Zero   RW         2551    .bss.ticks_offset   timer.o
    0x20000c7c        -       0x00001000   Zero   RW         2633    .bss.transientBuffer  eeprom_transient.o
    0x20001c7c        -       0x00000009   Zero   RW         2467    .bss.universal_report_blank  usb_main.o
    0x20001c85   COMPRESSED   0x00000003   PAD
    0x20001c88        -       0x00000018   Zero   RW         2550    .bss.update_timer   timer.o
    0x20001ca0        -       0x00000001   Zero   RW         2306    .bss.usb_device_state  usb_device_state.o
    0x20001ca1        -       0x00000001   Zero   RW          709    .bss.usb_ep0_state  hal_usb_lld.o
    0x20001ca2   COMPRESSED   0x00000002   PAD
    0x20001ca4        -       0x00000008   Zero   RW         2479    .bss.usb_get_descriptor_cb.descriptor  usb_main.o
    0x20001cac        -       0x00000040   Zero   RW         1778    .bss.waiting_buffer  action_tapping.o
    0x20001cec        -       0x00000001   Zero   RW         1776    .bss.waiting_buffer_head  action_tapping.o
    0x20001ced        -       0x00000001   Zero   RW         1777    .bss.waiting_buffer_tail  action_tapping.o
    0x20001cee        -       0x00000001   Zero   RW         1755    .bss.weak_mods      action_util.o
    0x20001cef   COMPRESSED   0x00000001   PAD
    0x20001cf0        -       0x00000400   Zero   RW         2577    CSTACK              cstartup_1.o
    0x200020f0        -       0x00000400   Zero   RW         2576    MSTACK              cstartup_1.o


    Execution Region RW_IRAM2 (Exec base: 0x20000000, Load base: 0x00006ca0, Size: 0x00000000, Max: 0x00000000, ABSOLUTE)

    **** No section assigned to this execution region ****


==============================================================================

Image component sizes


      Code (inc. data)   RO Data    RW Data    ZI Data      Debug   Object Name

      1454         50          0          0          1      35654   action.o
       598         28          0          0         41       9765   action_layer.o
      1376         48          0          0         74      30545   action_tapping.o
       554         80          0          4         23       7169   action_util.o
       464         44          0          0          0      22047   ald_usb.o
         6          0          0          4          0       5724   board.o
        52          0          0          0          0       1087   bootmagic_lite.o
        94         12          0          0          0       6004   chcore.o
        64          4          0          0          0        540   chcoreasm_1.o
        88          0          0          0          0      11229   chevents.o
       162         12          0         20          4       3138   chibios.o
       138         28          0          0          0       4462   chinstances.o
        24         12          0          0          8       3368   chmemcore.o
       394         14          0          0          0       9681   chschd.o
        48          8         15          0        296       6190   chsys.o
       310          4          0          0          0      12067   chthreads.o
       232          8          0          0          0       7246   chvt.o
        36          8          0          0       2048        496   cstartup_1.o
         4          0          0          0          0        618   custom.o
         0          0          0          0          1        713   debug.o
       662         16          0          0          0      31283   dynamic_keymap.o
       350         12          0          0          0       5255   eeconfig.o
       254          0          0          0          0       3915   eeprom_driver.o
       112          4          0          0       4096       1960   eeprom_transient.o
         4          0          0          0          0        899   es_app.o
        28          0          0          0          0        395   hal.o
       930          0          0          0          0      10431   hal_buffers.o
       820        140         16         56         48       6947   hal_lld.o
       216          0          0          0          0       2303   hal_pal_lld.o
         8          0          0          0          0       4995   hal_pwm.o
         2          0          0          0          0       2438   hal_pwm_lld.o
         8          0          0          0          0        390   hal_st.o
        48         12          0          0          0       1626   hal_st_lld.o
      1618         88          6          0          0      16547   hal_usb.o
      3024        500        292          0       1766      23785   hal_usb_lld.o
        52          4          0          0          4       4271   host.o
       382         24          0          0         34       5527   keyboard.o
       392          8          0          0          0      26768   keycode_config.o
       870        476          0          0          0      28473   keymap_common.o
        40          4        816          0          0      26795   keymap_introspection.o
       134         12          0          0          5       2849   led.o
        64         12          0          0          2       1449   magic.o
        60          0          0          0          0        642   main.o
       360         16         92          0          0       4523   matrix.o
        86          0          0          0         48       3252   matrix_common.o
       264         16          0          0          0       3860   md_gpio.o
      1068         92          0          0          3      11790   md_rcu.o
       124          4          0          0          0       4695   md_uart.o
        12          0          0          0          0        428   platform.o
        16          4          0          4          0       1082   print.o
        92          8          0          0          1      27157   process_grave_esc.o
       432        148          0          0          0      26628   process_magic.o
       320         24          0          0          3      27490   process_space_cadet.o
        84          8          0          0          0       1546   process_tri_layer.o
       434         28          0          0          0      34520   quantum.o
       184         12          0          0          0      28210   report.o
       284         20        176          0          0      28684   send_string.o
         4          0          0          0          0        630   sendchar.o
        44          0          0          0          0       1215   suspend.o
       110          8          0          0          5       1890   sym_defer_g.o
       348         40          0          0         44       4803   timer.o
        36         12          0          3          0       1498   tri_layer.o
       156         32        264          0          0       3807   usb_descriptor.o
       110          4          0          0          1       2226   usb_device_state.o
       826         36         40          7          0      14823   usb_driver.o
      1520        166         52        341        381      19144   usb_main.o
         2          0        192          0          0        424   vectors_1.o
       640         24          0          0          0       8124   via.o

    ----------------------------------------------------------------------
     23786       2374       2000        444       9012     650135   Object Totals
         0          0         32          0          0          0   (incl. Generated)
        54          0          7          5         75          0   (incl. Padding)

    ----------------------------------------------------------------------

      Code (inc. data)   RO Data    RW Data    ZI Data      Debug   Library Member Name

        58          0          0          0          0          0   __dczerorl.o
         8          4        133          0          0         60   ctype_o.o
         0          0          0          0          0          0   entry.o
         0          0          0          0          0          0   entry10a.o
         0          0          0          0          0          0   entry11a.o
         8          4          0          0          0          0   entry2.o
         4          0          0          0          0          0   entry5.o
         0          0          0          0          0          0   entry7b.o
         0          0          0          0          0          0   entry8b.o
         8          4          0          0          0          0   entry9a.o
        30          0          0          0          0          0   handlers.o
        36          8          0          0          0         68   init.o
         0          0          0          0          0          0   iusefp.o
        48          0          0          0          0         72   llmul.o
        32          0          0          0          0         68   llshl.o
        38          0          0          0          0         68   llsshr.o
        34          0          0          0          0         68   llushr.o
        26          0          0          0          0         72   memcmp.o
        36          0          0          0          0         60   memcpya.o
        36          0          0          0          0        100   memseta.o
        62          0          0          0          0         72   uidiv_div0.o
        96          0          0          0          0         84   uldiv.o
       356          4          0          0          0        140   dadd.o
       240          6          0          0          0         84   ddiv.o
       236          0          0          0          0        216   depilogue.o
        60         10          0          0          0         68   dfixui.o
        40          6          0          0          0         68   dflti.o
        28          4          0          0          0         68   dfltui.o
       208          6          0          0          0         88   dmul.o

    ----------------------------------------------------------------------
      1730         56        136          0          0       1524   Library Totals
         2          0          3          0          0          0   (incl. Padding)

    ----------------------------------------------------------------------

      Code (inc. data)   RO Data    RW Data    ZI Data      Debug   Library Name

       560         20        133          0          0        792   mc_p.l
      1168         36          0          0          0        732   mf_p.l

    ----------------------------------------------------------------------
      1730         56        136          0          0       1524   Library Totals

    ----------------------------------------------------------------------

==============================================================================


      Code (inc. data)   RO Data    RW Data    ZI Data      Debug   

     25516       2430       2136        444       9012     649815   Grand Totals
     25516       2430       2136        128       9012     649815   ELF Image Totals (compressed)
     25516       2430       2136        128          0          0   ROM Totals

==============================================================================

    Total RO  Size (Code + RO Data)                27652 (  27.00kB)
    Total RW  Size (RW Data + ZI Data)              9456 (   9.23kB)
    Total ROM Size (Code + RO Data + RW Data)      27780 (  27.13kB)

==============================================================================

