Component: Arm Compiler for Embedded 6.18 Tool: armlink [5e4cc100]

==============================================================================

Section Cross References

    chcore.o(.text.NMI_Handler) refers to chcore.o(.text.port_unlock_from_isr) for port_unlock_from_isr
    chcore.o(.ARM.exidx.text.NMI_Handler) refers to chcore.o(.text.NMI_Handler) for [Anonymous Symbol]
    chcore.o(.text.port_unlock_from_isr) refers to chcore.o(.text.port_unlock) for port_unlock
    chcore.o(.ARM.exidx.text.port_unlock_from_isr) refers to chcore.o(.text.port_unlock_from_isr) for [Anonymous Symbol]
    chcore.o(.text.port_init) refers to chcore.o(.text.__NVIC_SetPriority) for __NVIC_SetPriority
    chcore.o(.ARM.exidx.text.port_init) refers to chcore.o(.text.port_init) for [Anonymous Symbol]
    chcore.o(.ARM.exidx.text.__NVIC_SetPriority) refers to chcore.o(.text.__NVIC_SetPriority) for [Anonymous Symbol]
    chcore.o(.text.__port_irq_epilogue) refers to chcore.o(.text.port_lock_from_isr) for port_lock_from_isr
    chcore.o(.text.__port_irq_epilogue) refers to chschd.o(.text.chSchIsPreemptionRequired) for chSchIsPreemptionRequired
    chcore.o(.text.__port_irq_epilogue) refers to chcoreasm_1.o(.text) for __port_exit_from_isr
    chcore.o(.ARM.exidx.text.__port_irq_epilogue) refers to chcore.o(.text.__port_irq_epilogue) for [Anonymous Symbol]
    chcore.o(.text.port_lock_from_isr) refers to chcore.o(.text.port_lock) for port_lock
    chcore.o(.ARM.exidx.text.port_lock_from_isr) refers to chcore.o(.text.port_lock_from_isr) for [Anonymous Symbol]
    chcore.o(.ARM.exidx.text.port_unlock) refers to chcore.o(.text.port_unlock) for [Anonymous Symbol]
    chcore.o(.ARM.exidx.text.port_lock) refers to chcore.o(.text.port_lock) for [Anonymous Symbol]
    chevents.o(.text.chEvtRegisterMaskWithFlagsI) refers to chevents.o(.text.chThdGetSelfX) for chThdGetSelfX
    chevents.o(.ARM.exidx.text.chEvtRegisterMaskWithFlagsI) refers to chevents.o(.text.chEvtRegisterMaskWithFlagsI) for [Anonymous Symbol]
    chevents.o(.text.chThdGetSelfX) refers to chsys.o(.bss.ch0) for ch0
    chevents.o(.ARM.exidx.text.chThdGetSelfX) refers to chevents.o(.text.chThdGetSelfX) for [Anonymous Symbol]
    chevents.o(.text.chEvtRegisterMaskWithFlags) refers to chevents.o(.text.chSysLock) for chSysLock
    chevents.o(.text.chEvtRegisterMaskWithFlags) refers to chevents.o(.text.chEvtRegisterMaskWithFlagsI) for chEvtRegisterMaskWithFlagsI
    chevents.o(.text.chEvtRegisterMaskWithFlags) refers to chevents.o(.text.chSysUnlock) for chSysUnlock
    chevents.o(.ARM.exidx.text.chEvtRegisterMaskWithFlags) refers to chevents.o(.text.chEvtRegisterMaskWithFlags) for [Anonymous Symbol]
    chevents.o(.text.chSysLock) refers to chevents.o(.text.port_lock) for port_lock
    chevents.o(.ARM.exidx.text.chSysLock) refers to chevents.o(.text.chSysLock) for [Anonymous Symbol]
    chevents.o(.text.chSysUnlock) refers to chevents.o(.text.port_unlock) for port_unlock
    chevents.o(.ARM.exidx.text.chSysUnlock) refers to chevents.o(.text.chSysUnlock) for [Anonymous Symbol]
    chevents.o(.text.chEvtUnregister) refers to chevents.o(.text.chSysLock) for chSysLock
    chevents.o(.text.chEvtUnregister) refers to chevents.o(.text.chSysUnlock) for chSysUnlock
    chevents.o(.ARM.exidx.text.chEvtUnregister) refers to chevents.o(.text.chEvtUnregister) for [Anonymous Symbol]
    chevents.o(.text.chEvtGetAndClearEventsI) refers to chevents.o(.text.chThdGetSelfX) for chThdGetSelfX
    chevents.o(.ARM.exidx.text.chEvtGetAndClearEventsI) refers to chevents.o(.text.chEvtGetAndClearEventsI) for [Anonymous Symbol]
    chevents.o(.text.chEvtGetAndClearEvents) refers to chevents.o(.text.chSysLock) for chSysLock
    chevents.o(.text.chEvtGetAndClearEvents) refers to chevents.o(.text.chEvtGetAndClearEventsI) for chEvtGetAndClearEventsI
    chevents.o(.text.chEvtGetAndClearEvents) refers to chevents.o(.text.chSysUnlock) for chSysUnlock
    chevents.o(.ARM.exidx.text.chEvtGetAndClearEvents) refers to chevents.o(.text.chEvtGetAndClearEvents) for [Anonymous Symbol]
    chevents.o(.text.chEvtAddEvents) refers to chevents.o(.text.chSysLock) for chSysLock
    chevents.o(.text.chEvtAddEvents) refers to chevents.o(.text.chEvtAddEventsI) for chEvtAddEventsI
    chevents.o(.text.chEvtAddEvents) refers to chevents.o(.text.chSysUnlock) for chSysUnlock
    chevents.o(.ARM.exidx.text.chEvtAddEvents) refers to chevents.o(.text.chEvtAddEvents) for [Anonymous Symbol]
    chevents.o(.text.chEvtAddEventsI) refers to chsys.o(.bss.ch0) for ch0
    chevents.o(.ARM.exidx.text.chEvtAddEventsI) refers to chevents.o(.text.chEvtAddEventsI) for [Anonymous Symbol]
    chevents.o(.ARM.exidx.text.chEvtGetAndClearFlagsI) refers to chevents.o(.text.chEvtGetAndClearFlagsI) for [Anonymous Symbol]
    chevents.o(.text.chEvtGetAndClearFlags) refers to chevents.o(.text.chSysLock) for chSysLock
    chevents.o(.text.chEvtGetAndClearFlags) refers to chevents.o(.text.chSysUnlock) for chSysUnlock
[...]
    0x00001cd8   0x00001cd8   0x00000018   Code   RO         2637    .text.add_mods      action_util.o
    0x00001cf0   0x00001cf0   0x00000034   Code   RO         2657    .text.add_oneshot_mods  action_util.o
    0x00001d24   0x00001d24   0x00000018   Code   RO         2647    .text.add_weak_mods  action_util.o
    0x00001d3c   0x00001d3c   0x0000000c   Code   RO         1181    .text.ald_usb_dev_connect  ald_usb.o
    0x00001d48   0x00001d48   0x0000000c   Code   RO         1183    .text.ald_usb_dev_disconnect  ald_usb.o
    0x00001d54   0x00001d54   0x000000c4   Code   RO         1187    .text.ald_usb_dev_ep_config  ald_usb.o
    0x00001e18   0x00001e18   0x0000004c   Code   RO         1193    .text.ald_usb_dev_ep_stall  ald_usb.o
    0x00001e64   0x00001e64   0x0000005c   Code   RO         1195    .text.ald_usb_dev_ep_stall_clear  ald_usb.o
    0x00001ec0   0x00001ec0   0x00000010   Code   RO         1185    .text.ald_usb_dev_suspend_enable  ald_usb.o
    0x00001ed0   0x00001ed0   0x00000026   Code   RO         1335    .text.ald_usb_device_components_init  ald_usb.o
    0x00001ef6   0x00001ef6   0x00000002   PAD
    0x00001ef8   0x00001ef8   0x00000020   Code   RO         1169    .text.ald_usb_dppud_set  ald_usb.o
    0x00001f18   0x00001f18   0x0000005c   Code   RO         1243    .text.ald_usb_ep_data_avail  ald_usb.o
    0x00001f74   0x00001f74   0x00000094   Code   RO         1022    .text.ald_usb_fifo_config_set_no_assert  hal_usb_lld.o
    0x00002008   0x00002008   0x00000024   Code   RO         1269    .text.ald_usb_int_enable  ald_usb.o
    0x0000202c   0x0000202c   0x00000030   Code   RO         1275    .text.ald_usb_int_enable_ep  ald_usb.o
    0x0000205c   0x0000205c   0x00000018   Code   RO         1279    .text.ald_usb_int_register  ald_usb.o
    0x00002074   0x00002074   0x00000040   Code   RO         1277    .text.ald_usb_int_status_ep_get  ald_usb.o
    0x000020b4   0x000020b4   0x00000024   Code   RO         1271    .text.ald_usb_int_status_get  ald_usb.o
    0x000020d8   0x000020d8   0x0000000a   Code   RO         1285    .text.ald_usb_int_unregister  ald_usb.o
    0x000020e2   0x000020e2   0x00000002   PAD
    0x000020e4   0x000020e4   0x00000034   Code   RO         1149    .text.ald_usb_otg_session_request  ald_usb.o
    0x00002118   0x00002118   0x0000002c   Code   RO         1175    .text.ald_usb_swcid_cidctrl  ald_usb.o
    0x00002144   0x00002144   0x00000030   Code   RO         1173    .text.ald_usb_swcid_host  ald_usb.o
    0x00002174   0x00002174   0x0000000c   Code   RO         3281    .text.boardInit     chibios.o
    0x00002180   0x00002180   0x00000002   Code   RO         3277    .text.board_init    chibios.o
    0x00002182   0x00002182   0x00000002   Code   RO         3610    .text.bootloader_jump  custom.o
    0x00002184   0x00002184   0x00000008   Code   RO         3131    .text.bootmagic     bootmagic_lite.o
    0x0000218c   0x0000218c   0x00000044   Code   RO         3129    .text.bootmagic_lite  bootmagic_lite.o
    0x000021d0   0x000021d0   0x00000008   Code   RO         3127    .text.bootmagic_lite_reset_eeprom  bootmagic_lite.o
    0x000021d8   0x000021d8   0x00000054   Code   RO           56    .text.chEvtBroadcastFlagsI  chevents.o
    0x0000222c   0x0000222c   0x0000000c   Code   RO         3364    .text.chEvtObjectInit  usb_driver.o
    0x00002238   0x00002238   0x00000056   Code   RO           52    .text.chEvtSignalI  chevents.o
    0x0000228e   0x0000228e   0x00000002   PAD
    0x00002290   0x00002290   0x00000098   Code   RO          438    .text.chInstanceObjectInit  chinstances.o
    0x00002328   0x00002328   0x00000044   Code   RO          158    .text.chSchDoPreemption  chschd.o
    0x0000236c   0x0000236c   0x0000004c   Code   RO          138    .text.chSchGoSleepS  chschd.o
    0x000023b8   0x000023b8   0x0000005c   Code   RO          142    .text.chSchGoSleepTimeoutS  chschd.o
    0x00002414   0x00002414   0x00000034   Code   RO          156    .text.chSchIsPreemptionRequired  chschd.o
    0x00002448   0x00002448   0x00000014   Code   RO          134    .text.chSchReadyI   chschd.o
    0x0000245c   0x0000245c   0x00000028   Code   RO          152    .text.chSchRescheduleS  chschd.o
    0x00002484   0x00002484   0x00000010   Code   RO          174    .text.chSemFastSignalI  chschd.o
    0x00002494   0x00002494   0x00000050   Code   RO          247    .text.chSysInit     chsys.o
    0x000024e4   0x000024e4   0x00000008   Code   RO          305    .text.chSysLock     chthreads.o
    0x000024ec   0x000024ec   0x00000008   Code   RO          573    .text.chSysLock     hal_buffers.o
    0x000024f4   0x000024f4   0x00000008   Code   RO          784    .text.chSysLock     hal_usb.o
    0x000024fc   0x000024fc   0x00000008   Code   RO         2835    .text.chSysLock     matrix.o
    0x00002504   0x00002504   0x00000008   Code   RO         3366    .text.chSysLock     usb_driver.o
    0x0000250c   0x0000250c   0x00000008   Code   RO         3475    .text.chSysLock     usb_main.o
    0x00002514   0x00002514   0x00000008   Code   RO         3563    .text.chSysLock     timer.o
    0x0000251c   0x0000251c   0x00000008   Code   RO          170    .text.chSysLockFromISR  chschd.o
    0x00002524   0x00002524   0x00000008   Code   RO          398    .text.chSysLockFromISR  chvt.o
    0x0000252c   0x0000252c   0x00000008   Code   RO          792    .text.chSysLockFromISR  hal_usb.o
    0x00002534   0x00002534   0x00000008   Code   RO         1001    .text.chSysLockFromISR  hal_st_lld.o
    0x0000253c   0x0000253c   0x00000008   Code   RO         1102    .text.chSysLockFromISR  hal_usb_lld.o
    0x00002544   0x00002544   0x00000008   Code   RO         3374    .text.chSysLockFromISR  usb_driver.o
    0x0000254c   0x0000254c   0x00000008   Code   RO         3451    .text.chSysLockFromISR  usb_main.o
    0x00002554   0x00002554   0x00000008   Code   RO         3583    .text.chSysLockFromISR  timer.o
    0x0000255c   0x0000255c   0x00000008   Code   RO          261    .text.chSysTimerHandlerI  chsys.o
    0x00002564   0x00002564   0x0000000c   Code   RO          251    .text.chSysUnlock   chsys.o
    0x00002570   0x00002570   0x0000000c   Code   RO          307    .text.chSysUnlock   chthreads.o
    0x0000257c   0x0000257c   0x0000000c   Code   RO          577    .text.chSysUnlock   hal_buffers.o
    0x00002588   0x00002588   0x0000000c   Code   RO          788    .text.chSysUnlock   hal_usb.o
    0x00002594   0x00002594   0x0000000c   Code   RO         2839    .text.chSysUnlock   matrix.o
    0x000025a0   0x000025a0   0x0000000c   Code   RO         3370    .text.chSysUnlock   usb_driver.o
    0x000025ac   0x000025ac   0x0000000c   Code   RO         3477    .text.chSysUnlock   usb_main.o
    0x000025b8   0x000025b8   0x0000000c   Code   RO         3567    .text.chSysUnlock   timer.o
    0x000025c4   0x000025c4   0x00000008   Code   RO          172    .text.chSysUnlockFromISR  chschd.o
    0x000025cc   0x000025cc   0x00000008   Code   RO          396    .text.chSysUnlockFromISR  chvt.o
    0x000025d4   0x000025d4   0x00000008   Code   RO          796    .text.chSysUnlockFromISR  hal_usb.o
    0x000025dc   0x000025dc   0x00000008   Code   RO         1007    .text.chSysUnlockFromISR  hal_st_lld.o
    0x000025e4   0x000025e4   0x00000008   Code   RO         1108    .text.chSysUnlockFromISR  hal_usb_lld.o
    0x000025ec   0x000025ec   0x00000008   Code   RO         3378    .text.chSysUnlockFromISR  usb_driver.o
    0x000025f4   0x000025f4   0x00000008   Code   RO         3453    .text.chSysUnlockFromISR  usb_main.o
    0x000025fc   0x000025fc   0x00000008   Code   RO         3585    .text.chSysUnlockFromISR  timer.o
    0x00002604   0x00002604   0x00000014   Code   RO          309    .text.chThdCreateI  chthreads.o
    0x00002618   0x00002618   0x0000005c   Code   RO          301    .text.chThdCreateSuspendedI  chthreads.o
    0x00002674   0x00002674   0x00000024   Code   RO          363    .text.chThdDequeueAllI  chthreads.o
    0x00002698   0x00002698   0x00000022   Code   RO          357    .text.chThdDequeueNextI  chthreads.o
    0x000026ba   0x000026ba   0x00000028   Code   RO          361    .text.chThdDoDequeueNextI  chthreads.o
    0x000026e2   0x000026e2   0x00000038   Code   RO          353    .text.chThdEnqueueTimeoutS  chthreads.o
    0x0000271a   0x0000271a   0x00000014   Code   RO          317    .text.chThdExit     chthreads.o
    0x0000272e   0x0000272e   0x00000020   Code   RO          319    .text.chThdExitS    chthreads.o
    0x0000274e   0x0000274e   0x00000002   PAD
    0x00002750   0x00002750   0x0000000c   Code   RO          321    .text.chThdGetSelfX  chthreads.o
    0x0000275c   0x0000275c   0x00000010   Code   RO          569    .text.chThdQueueObjectInit  hal_buffers.o
    0x0000276c   0x0000276c   0x00000034   Code   RO          347    .text.chThdResumeI  chthreads.o
    0x000027a0   0x000027a0   0x00000018   Code   RO          327    .text.chThdSleep    chthreads.o
    0x000027b8   0x000027b8   0x00000016   Code   RO          329    .text.chThdSleepS   chthreads.o
    0x000027ce   0x000027ce   0x00000040   Code   RO          345    .text.chThdSuspendTimeoutS  chthreads.o
    0x0000280e   0x0000280e   0x00000002   PAD
    0x00002810   0x00002810   0x0000003c   Code   RO          386    .text.chVTDoResetI  chvt.o
    0x0000284c   0x0000284c   0x0000003c   Code   RO          380    .text.chVTDoSetI    chvt.o
    0x00002888   0x00002888   0x00000078   Code   RO          392    .text.chVTDoTickI   chvt.o
    0x00002900   0x00002900   0x00000008   Code   RO          452    .text.chVTGetSystemTimeX  chinstances.o
    0x00002908   0x00002908   0x0000000c   Code   RO         3595    .text.chVTGetSystemTimeX  timer.o
    0x00002914   0x00002914   0x00000010   Code   RO          146    .text.chVTIsArmedI  chschd.o
    0x00002924   0x00002924   0x00000010   Code   RO         3473    .text.chVTIsArmedI  usb_main.o
    0x00002934   0x00002934   0x00000010   Code   RO         3581    .text.chVTIsArmedI  timer.o
    0x00002944   0x00002944   0x0000000e   Code   RO         3403    .text.chVTObjectInit  usb_main.o
    0x00002952   0x00002952   0x0000000e   Code   RO         3557    .text.chVTObjectInit  timer.o
    0x00002960   0x00002960   0x0000001e   Code   RO         3471    .text.chVTResetI    usb_main.o
    0x0000297e   0x0000297e   0x0000001e   Code   RO         3579    .text.chVTResetI    timer.o
    0x0000299c   0x0000299c   0x00000024   Code   RO         3559    .text.chVTSet       timer.o
    0x000029c0   0x000029c0   0x00000022   Code   RO         3467    .text.chVTSetI      usb_main.o
    0x000029e2   0x000029e2   0x00000022   Code   RO         3577    .text.chVTSetI      timer.o
    0x00002a04   0x00002a04   0x0000001a   Code   RO          388    .text.ch_dlist_dequeue  chvt.o
    0x00002a1e   0x00002a1e   0x00000018   Code   RO          450    .text.ch_dlist_init  chinstances.o
    0x00002a36   0x00002a36   0x00000054   Code   RO          400    .text.ch_dlist_insert  chvt.o
    0x00002a8a   0x00002a8a   0x0000002c   Code   RO          418    .text.ch_dlist_insert_before  chvt.o
    0x00002ab6   0x00002ab6   0x00000012   Code   RO          394    .text.ch_dlist_notempty  chvt.o
    0x00002ac8   0x00002ac8   0x00000016   Code   RO          440    .text.ch_pqueue_init  chinstances.o
    0x00002ade   0x00002ade   0x0000003e   Code   RO          186    .text.ch_pqueue_insert_ahead  chschd.o
    0x00002b1c   0x00002b1c   0x0000003e   Code   RO          168    .text.ch_pqueue_insert_behind  chschd.o
    0x00002b5a   0x00002b5a   0x0000001e   Code   RO          140    .text.ch_pqueue_remove_highest  chschd.o
    0x00002b78   0x00002b78   0x0000001a   Code   RO          176    .text.ch_queue_dequeue  chschd.o
    0x00002b92   0x00002b92   0x0000001e   Code   RO          369    .text.ch_queue_fifo_remove  chthreads.o
    0x00002bb0   0x00002bb0   0x00000010   Code   RO          571    .text.ch_queue_init  hal_buffers.o
    0x00002bc0   0x00002bc0   0x00000024   Code   RO          355    .text.ch_queue_insert  chthreads.o
    0x00002be4   0x00002be4   0x00000012   Code   RO          359    .text.ch_queue_notempty  chthreads.o
    0x00002bf6   0x00002bf6   0x00000002   PAD
    0x00002bf8   0x00002bf8   0x0000002c   Code   RO         3669    .text.clamp_length  eeprom_transient.o
    0x00002c24   0x00002c24   0x0000000c   Code   RO         2470    .text.clear_keyboard  action.o
    0x00002c30   0x00002c30   0x0000000c   Code   RO         2472    .text.clear_keyboard_but_mods  action.o
    0x00002c3c   0x00002c3c   0x0000000c   Code   RO         2474    .text.clear_keyboard_but_mods_and_keys  action.o
    0x00002c48   0x00002c48   0x00000008   Code   RO         2589    .text.clear_keys    action_util.o
    0x00002c50   0x00002c50   0x00000018   Code   RO         3227    .text.clear_keys_from_report  report.o
    0x00002c68   0x00002c68   0x0000000c   Code   RO         2643    .text.clear_mods    action_util.o
    0x00002c74   0x00002c74   0x00000058   Code   RO         2615    .text.clear_oneshot_layer_state  action_util.o
    0x00002ccc   0x00002ccc   0x00000020   Code   RO         2665    .text.clear_oneshot_mods  action_util.o
    0x00002cec   0x00002cec   0x0000000c   Code   RO         2653    .text.clear_weak_mods  action_util.o
    0x00002cf8   0x00002cf8   0x00000094   Code   RO         2933    .text.debounce      sym_defer_g.o
    0x00002d8c   0x00002d8c   0x0000000a   Code   RO         2931    .text.debounce_init  sym_defer_g.o
    0x00002d96   0x00002d96   0x00000002   PAD
    0x00002d98   0x00002d98   0x000000a0   Code   RO         2448    .text.debug_action  action.o
    0x00002e38   0x00002e38   0x00000010   Code   RO         2430    .text.debug_event   action.o
    0x00002e48   0x00002e48   0x0000001e   Code   RO         2480    .text.debug_record  action.o
    0x00002e66   0x00002e66   0x00000002   PAD
    0x00002e68   0x00002e68   0x00000020   Code   RO         2704    .text.debug_tapping_key  action_tapping.o
    0x00002e88   0x00002e88   0x00000064   Code   RO         2708    .text.debug_waiting_buffer  action_tapping.o
    0x00002eec   0x00002eec   0x00000488   Code   RO          776    .text.default_handler  hal_usb.o
    0x00003374   0x00003374   0x00000018   Code   RO         2366    .text.default_layer_and  action_layer.o
    0x0000338c   0x0000338c   0x00000006   Code   RO         2358    .text.default_layer_debug  action_layer.o
    0x00003392   0x00003392   0x00000002   PAD
    0x00003394   0x00003394   0x00000018   Code   RO         2364    .text.default_layer_or  action_layer.o
    0x000033ac   0x000033ac   0x00000014   Code   RO         2360    .text.default_layer_set  action_layer.o
    0x000033c0   0x000033c0   0x00000034   Code   RO         2362    .text.default_layer_state_set  action_layer.o
    0x000033f4   0x000033f4   0x00000014   Code   RO         2356    .text.default_layer_state_set_kb  action_layer.o
    0x00003408   0x00003408   0x0000000e   Code   RO         2354    .text.default_layer_state_set_user  action_layer.o
    0x00003416   0x00003416   0x00000002   PAD
    0x00003418   0x00003418   0x0000001c   Code   RO         2368    .text.default_layer_xor  action_layer.o
    0x00003434   0x00003434   0x00000014   Code   RO         2587    .text.del_key       action_util.o
    0x00003448   0x00003448   0x0000004c   Code   RO         3221    .text.del_key_byte  report.o
    0x00003494   0x00003494   0x0000001c   Code   RO         3225    .text.del_key_from_report  report.o
    0x000034b0   0x000034b0   0x00000018   Code   RO         2639    .text.del_mods      action_util.o
    0x000034c8   0x000034c8   0x00000030   Code   RO         2601    .text.del_oneshot_locked_mods  action_util.o
    0x000034f8   0x000034f8   0x00000030   Code   RO         2661    .text.del_oneshot_mods  action_util.o
    0x00003528   0x00003528   0x00000018   Code   RO         2649    .text.del_weak_mods  action_util.o
    0x00003540   0x00003540   0x0000000c   Code   RO         3455    .text.dummy_usb_cb  usb_main.o
    0x0000354c   0x0000354c   0x0000007c   Code   RO         3102    .text.dynamic_keymap_get_buffer  dynamic_keymap.o
    0x000035c8   0x000035c8   0x00000078   Code   RO         3096    .text.dynamic_keymap_get_keycode  dynamic_keymap.o
    0x00003640   0x00003640   0x00000004   Code   RO         3092    .text.dynamic_keymap_get_layer_count  dynamic_keymap.o
    0x00003644   0x00003644   0x0000002c   Code   RO         3094    .text.dynamic_keymap_key_to_eeprom_address  dynamic_keymap.o
    0x00003670   0x00003670   0x00000074   Code   RO         3112    .text.dynamic_keymap_macro_get_buffer  dynamic_keymap.o
    0x000036e4   0x000036e4   0x00000008   Code   RO         3110    .text.dynamic_keymap_macro_get_buffer_size  dynamic_keymap.o
    0x000036ec   0x000036ec   0x00000004   Code   RO         3108    .text.dynamic_keymap_macro_get_count  dynamic_keymap.o
    0x000036f0   0x000036f0   0x00000030   Code   RO         3116    .text.dynamic_keymap_macro_reset  dynamic_keymap.o
    0x00003720   0x00003720   0x0000016c   Code   RO         3118    .text.dynamic_keymap_macro_send  dynamic_keymap.o
    0x0000388c   0x0000388c   0x00000074   Code   RO         3114    .text.dynamic_keymap_macro_set_buffer  dynamic_keymap.o
    0x00003900   0x00003900   0x00000072   Code   RO         3100    .text.dynamic_keymap_reset  dynamic_keymap.o
    0x00003972   0x00003972   0x00000074   Code   RO         3104    .text.dynamic_keymap_set_buffer  dynamic_keymap.o
    0x000039e6   0x000039e6   0x00000064   Code   RO         3098    .text.dynamic_keymap_set_keycode  dynamic_keymap.o
    0x00003a4a   0x00003a4a   0x00000002   Code   RO         3275    .text.early_hardware_init_post  chibios.o
    0x00003a4c   0x00003a4c   0x00000002   Code   RO         3273    .text.early_hardware_init_pre  chibios.o
    0x00003a4e   0x00003a4e   0x00000002   PAD
    0x00003a50   0x00003a50   0x00000014   Code   RO         2536    .text.eeconfig_disable  eeconfig.o
    0x00003a64   0x00003a64   0x00000008   Code   RO         2532    .text.eeconfig_init  eeconfig.o
    0x00003a6c   0x00003a6c   0x00000008   Code   RO         2524    .text.eeconfig_init_kb  eeconfig.o
    0x00003a74   0x00003a74   0x00000012   Code   RO         2528    .text.eeconfig_init_kb_datablock  eeconfig.o
    0x00003a86   0x00003a86   0x00000002   PAD
    0x00003a88   0x00003a88   0x000000a8   Code   RO         2526    .text.eeconfig_init_quantum  eeconfig.o
    0x00003b30   0x00003b30   0x00000002   Code   RO         2522    .text.eeconfig_init_user  eeconfig.o
    0x00003b32   0x00003b32   0x00000012   Code   RO         2530    .text.eeconfig_init_user_datablock  eeconfig.o
    0x00003b44   0x00003b44   0x00000024   Code   RO         3044    .text.eeconfig_init_via  via.o
    0x00003b68   0x00003b68   0x0000003c   Code   RO         2538    .text.eeconfig_is_enabled  eeconfig.o
    0x00003ba4   0x00003ba4   0x0000000a   Code   RO         2542    .text.eeconfig_read_debug  eeconfig.o
    0x00003bae   0x00003bae   0x0000000a   Code   RO         2546    .text.eeconfig_read_default_layer  eeconfig.o
    0x00003bb8   0x00003bb8   0x0000000a   Code   RO         2550    .text.eeconfig_read_keymap  eeconfig.o
    0x00003bc2   0x00003bc2   0x0000001a   Code   RO         2564    .text.eeconfig_update_handedness  eeconfig.o
    0x00003bdc   0x00003bdc   0x0000001e   Code   RO         2570    .text.eeconfig_update_kb_datablock  eeconfig.o
    0x00003bfa   0x00003bfa   0x00000016   Code   RO         2552    .text.eeconfig_update_keymap  eeconfig.o
    0x00003c10   0x00003c10   0x0000001e   Code   RO         2576    .text.eeconfig_update_user_datablock  eeconfig.o
    0x00003c2e   0x00003c2e   0x00000002   PAD
    0x00003c30   0x00003c30   0x00000010   Code   RO         3673    .text.eeprom_driver_erase  eeprom_transient.o
    0x00003c40   0x00003c40   0x00000008   Code   RO         3671    .text.eeprom_driver_init  eeprom_transient.o
    0x00003c48   0x00003c48   0x0000003c   Code   RO         3675    .text.eeprom_read_block  eeprom_transient.o
    0x00003c84   0x00003c84   0x0000001e   Code   RO         3641    .text.eeprom_read_byte  eeprom_driver.o
    0x00003ca2   0x00003ca2   0x0000001a   Code   RO         3645    .text.eeprom_read_dword  eeprom_driver.o
    0x00003cbc   0x00003cbc   0x0000001e   Code   RO         3643    .text.eeprom_read_word  eeprom_driver.o
    0x00003cda   0x00003cda   0x0000006a   Code   RO         3653    .text.eeprom_update_block  eeprom_driver.o
    0x00003d44   0x00003d44   0x00000034   Code   RO         3655    .text.eeprom_update_byte  eeprom_driver.o
    0x00003d78   0x00003d78   0x00000028   Code   RO         3659    .text.eeprom_update_dword  eeprom_driver.o
    0x00003da0   0x00003da0   0x00000034   Code   RO         3657    .text.eeprom_update_word  eeprom_driver.o
    0x00003dd4   0x00003dd4   0x00000038   Code   RO         3677    .text.eeprom_write_block  eeprom_transient.o
    0x00003e0c   0x00003e0c   0x00000016   Code   RO         3647    .text.eeprom_write_byte  eeprom_driver.o
    0x00003e22   0x00003e22   0x00000016   Code   RO         3651    .text.eeprom_write_dword  eeprom_driver.o
    0x00003e38   0x00003e38   0x00000016   Code   RO         3649    .text.eeprom_write_word  eeprom_driver.o
    0x00003e4e   0x00003e4e   0x00000002   PAD
    0x00003e50   0x00003e50   0x00000048   Code   RO          843    .text.es_test_printf  hal_lld.o
    0x00003e98   0x00003e98   0x00000018   Code   RO         1034    .text.es_usb_ep_out_data_avail  hal_usb_lld.o
    0x00003eb0   0x00003eb0   0x00000044   Code   RO         1046    .text.es_usbd_ep_read_packet_8bit  hal_usb_lld.o
    0x00003ef4   0x00003ef4   0x00000048   Code   RO         1040    .text.es_usbd_ep_tx_ready_state  hal_usb_lld.o
    0x00003f3c   0x00003f3c   0x00000048   Code   RO         1050    .text.es_usbd_ep_write_packet_8bit  hal_usb_lld.o
    0x00003f84   0x00003f84   0x0000005c   Code   RO         1078    .text.es_usbd_get_fifo_size16_log2_min8  hal_usb_lld.o
    0x00003fe0   0x00003fe0   0x00000044   Code   RO          839    .text.ffffff        hal_lld.o
    0x00004024   0x00004024   0x00000054   Code   RO         2796    .text.generate_tick_event  keyboard.o
    0x00004078   0x00004078   0x000000a8   Code   RO         2303    .text.get_event_keycode  quantum.o
    0x00004120   0x00004120   0x00000022   Code   RO          778    .text.get_hword     hal_usb.o
    0x00004142   0x00004142   0x00000002   PAD
    0x00004144   0x00004144   0x00000008   Code   RO         2635    .text.get_mods      action_util.o
    0x0000414c   0x0000414c   0x00000050   Code   RO         2631    .text.get_mods_for_report  action_util.o
    0x0000419c   0x0000419c   0x00000008   Code   RO         2605    .text.get_oneshot_layer  action_util.o
    0x000041a4   0x000041a4   0x00000010   Code   RO         2607    .text.get_oneshot_layer_state  action_util.o
    0x000041b4   0x000041b4   0x00000020   Code   RO         2301    .text.get_record_keycode  quantum.o
    0x000041d4   0x000041d4   0x00000044   Code   RO         3565    .text.get_system_time_ticks  timer.o
    0x00004218   0x00004218   0x0000000c   Code   RO         3080    .text.get_tri_layer_adjust_layer  tri_layer.o
    0x00004224   0x00004224   0x0000000c   Code   RO         3076    .text.get_tri_layer_lower_layer  tri_layer.o
    0x00004230   0x00004230   0x0000000c   Code   RO         3078    .text.get_tri_layer_upper_layer  tri_layer.o
    0x0000423c   0x0000423c   0x000001dc   Code   RO         3508    .text.get_usb_descriptor  usb_descriptor.o
    0x00004418   0x00004418   0x0000004c   Code   RO          847    .text.gpio_config   hal_lld.o
    0x00004464   0x00004464   0x00000020   Code   RO          501    .text.halInit       hal.o
    0x00004484   0x00004484   0x00000074   Code   RO          849    .text.hal_lld_init  hal_lld.o
    0x000044f8   0x000044f8   0x000001a8   Code   RO         1056    .text.handle_ep0    hal_usb_lld.o
    0x000046a0   0x000046a0   0x0000004c   Code   RO         3213    .text.has_anykey    report.o
    0x000046ec   0x000046ec   0x0000000e   Code   RO         2798    .text.has_ghost_in_row  keyboard.o
    0x000046fa   0x000046fa   0x00000002   PAD
    0x000046fc   0x000046fc   0x0000002c   Code   RO         3179    .text.host_keyboard_leds  host.o
    0x00004728   0x00004728   0x00000054   Code   RO         3183    .text.host_keyboard_send  host.o
    0x0000477c   0x0000477c   0x00000014   Code   RO         3175    .text.host_set_driver  host.o
    0x00004790   0x00004790   0x0000000c   Code   RO         2782    .text.housekeeping_task  keyboard.o
    0x0000479c   0x0000479c   0x00000002   Code   RO         2778    .text.housekeeping_task_kb  keyboard.o
    0x0000479e   0x0000479e   0x00000002   Code   RO         2780    .text.housekeeping_task_user  keyboard.o
    0x000047a0   0x000047a0   0x00000016   Code   RO         3308    .text.ibnotify      usb_driver.o
    0x000047b6   0x000047b6   0x00000040   Code   RO          521    .text.ibqGetEmptyBufferI  hal_buffers.o
    0x000047f6   0x000047f6   0x00000066   Code   RO          531    .text.ibqGetFullBufferTimeoutS  hal_buffers.o
    0x0000485c   0x0000485c   0x00000068   Code   RO          541    .text.ibqGetTimeout  hal_buffers.o
    0x000048c4   0x000048c4   0x00000078   Code   RO          513    .text.ibqObjectInit  hal_buffers.o
    0x0000493c   0x0000493c   0x0000004a   Code   RO          523    .text.ibqPostFullBufferI  hal_buffers.o
    0x00004986   0x00004986   0x000000ea   Code   RO          543    .text.ibqReadTimeout  hal_buffers.o
    0x00004a70   0x00004a70   0x0000004c   Code   RO          539    .text.ibqReleaseEmptyBufferS  hal_buffers.o
    0x00004abc   0x00004abc   0x0000002e   Code   RO          517    .text.ibqResetI     hal_buffers.o
    0x00004aea   0x00004aea   0x00000002   PAD
    0x00004aec   0x00004aec   0x000000bc   Code   RO         3401    .text.init_usb_driver  usb_main.o
    0x00004ba8   0x00004ba8   0x00000060   Code   RO         3217    .text.is_key_pressed  report.o
    0x00004c08   0x00004c08   0x00000004   Code   RO         2772    .text.is_keyboard_master  keyboard.o
    0x00004c0c   0x00004c0c   0x0000000c   Code   RO         2617    .text.is_oneshot_layer_active  action_util.o
    0x00004c18   0x00004c18   0x0000008a   Code   RO         2478    .text.is_tap_action  action.o
    0x00004ca2   0x00004ca2   0x0000004c   Code   RO         2476    .text.is_tap_record  action.o
    0x00004cee   0x00004cee   0x00000002   PAD
    0x00004cf0   0x00004cf0   0x000000a0   Code   RO         3469    .text.keyboard_idle_timer_cb  usb_main.o
    0x00004d90   0x00004d90   0x00000018   Code   RO         2786    .text.keyboard_init  keyboard.o
    0x00004da8   0x00004da8   0x0000000c   Code   RO         3407    .text.keyboard_leds  usb_main.o
    0x00004db4   0x00004db4   0x00000008   Code   RO         2766    .text.keyboard_post_init_kb  keyboard.o
    0x00004dbc   0x00004dbc   0x00000002   Code   RO         2764    .text.keyboard_post_init_user  keyboard.o
    0x00004dbe   0x00004dbe   0x00000008   Code   RO         2762    .text.keyboard_pre_init_kb  keyboard.o
    0x00004dc6   0x00004dc6   0x00000002   Code   RO         2760    .text.keyboard_pre_init_user  keyboard.o
    0x00004dc8   0x00004dc8   0x0000001c   Code   RO         2770    .text.keyboard_setup  keyboard.o
    0x00004de4   0x00004de4   0x0000002c   Code   RO         2792    .text.keyboard_task  keyboard.o
    0x00004e10   0x00004e10   0x00000054   Code   RO         3106    .text.keycode_at_keymap_location  dynamic_keymap.o
    0x00004e64   0x00004e64   0x00000064   Code   RO         2342    .text.keycode_at_keymap_location_raw  keymap_introspection.o
    0x00004ec8   0x00004ec8   0x000002c8   Code   RO         3021    .text.keycode_config  keycode_config.o
    0x00005190   0x00005190   0x0000004c   Code   RO         2723    .text.keymap_key_to_keycode  keymap_common.o
    0x000051dc   0x000051dc   0x00000018   Code   RO         2742    .text.last_matrix_activity_trigger  keyboard.o
    0x000051f4   0x000051f4   0x00000018   Code   RO         2394    .text.layer_and     action_layer.o
    0x0000520c   0x0000520c   0x0000000a   Code   RO         2378    .text.layer_clear   action_layer.o
    0x00005216   0x00005216   0x00000006   Code   RO         2376    .text.layer_debug   action_layer.o
    0x0000521c   0x0000521c   0x00000020   Code   RO         2390    .text.layer_invert  action_layer.o
    0x0000523c   0x0000523c   0x0000001a   Code   RO         2384    .text.layer_move    action_layer.o
    0x00005256   0x00005256   0x00000002   PAD
    0x00005258   0x00005258   0x0000001c   Code   RO         2388    .text.layer_off     action_layer.o
    0x00005274   0x00005274   0x00000020   Code   RO         2386    .text.layer_on      action_layer.o
    0x00005294   0x00005294   0x00000018   Code   RO         2392    .text.layer_or      action_layer.o
    0x000052ac   0x000052ac   0x00000034   Code   RO         2374    .text.layer_state_set  action_layer.o
    0x000052e0   0x000052e0   0x00000014   Code   RO         2372    .text.layer_state_set_kb  action_layer.o
    0x000052f4   0x000052f4   0x0000000e   Code   RO         2370    .text.layer_state_set_user  action_layer.o
    0x00005302   0x00005302   0x0000002e   Code   RO         2408    .text.layer_switch_get_action  action_layer.o
    0x00005330   0x00005330   0x00000094   Code   RO         2410    .text.layer_switch_get_layer  action_layer.o
    0x000053c4   0x000053c4   0x00000018   Code   RO         2396    .text.layer_xor     action_layer.o
    0x000053dc   0x000053dc   0x00000020   Code   RO         2503    .text.led_init_ports  led.o
    0x000053fc   0x000053fc   0x00000026   Code   RO         2505    .text.led_set       led.o
    0x00005422   0x00005422   0x0000000a   Code   RO         2495    .text.led_set_user  led.o
    0x0000542c   0x0000542c   0x0000004c   Code   RO         2511    .text.led_task      led.o
    0x00005478   0x00005478   0x00000042   Code   RO         2499    .text.led_update_kb  led.o
    0x000054ba   0x000054ba   0x00000002   PAD
    0x000054bc   0x000054bc   0x00000044   Code   RO         2501    .text.led_update_ports  led.o
    0x00005500   0x00005500   0x00000010   Code   RO         2497    .text.led_update_user  led.o
    0x00005510   0x00005510   0x00000050   Code   RO         2921    .text.magic         magic.o
    0x00005560   0x00005560   0x00000024   Code   RO         2950    .text.main          main.o
    0x00005584   0x00005584   0x00000004   Code   RO         2768    .text.matrix_can_read  keyboard.o
    0x00005588   0x00005588   0x00000014   Code   RO         2868    .text.matrix_get_row  matrix_common.o
    0x0000559c   0x0000559c   0x00000038   Code   RO         2827    .text.matrix_init   matrix.o
    0x000055d4   0x000055d4   0x00000008   Code   RO         2854    .text.matrix_init_kb  matrix_common.o
    0x000055dc   0x000055dc   0x0000004c   Code   RO         2813    .text.matrix_init_pins  matrix.o
    0x00005628   0x00005628   0x00000002   Code   RO         2856    .text.matrix_init_user  matrix_common.o
    0x0000562a   0x0000562a   0x0000000e   Code   RO         2872    .text.matrix_io_delay  matrix_common.o
    0x00005638   0x00005638   0x00000202   Code   RO         2874    .text.matrix_output_select_delay  matrix_common.o
    0x0000583a   0x0000583a   0x00000014   Code   RO         2876    .text.matrix_output_unselect_delay  matrix_common.o
    0x0000584e   0x0000584e   0x00000002   Code   RO         3526    .text.matrix_power_down  suspend.o
    0x00005850   0x00005850   0x00000002   Code   RO         3524    .text.matrix_power_up  suspend.o
    0x00005852   0x00005852   0x00000028   Code   RO         2870    .text.matrix_print  matrix_common.o
    0x0000587a   0x0000587a   0x00000002   PAD
    0x0000587c   0x0000587c   0x000000a8   Code   RO         2819    .text.matrix_read_cols_on_row  matrix.o
    0x00005924   0x00005924   0x00000098   Code   RO         2829    .text.matrix_scan   matrix.o
    0x000059bc   0x000059bc   0x00000008   Code   RO         2858    .text.matrix_scan_kb  matrix_common.o
    0x000059c4   0x000059c4   0x00000002   Code   RO         2860    .text.matrix_scan_user  matrix_common.o
    0x000059c6   0x000059c6   0x00000002   Code   RO         2758    .text.matrix_setup  keyboard.o
    0x000059c8   0x000059c8   0x000001c4   Code   RO         2794    .text.matrix_task   keyboard.o
    0x00005b8c   0x00005b8c   0x00000002   Code   RO         3612    .text.mcu_reset     custom.o
    0x00005b8e   0x00005b8e   0x0000001a   Code   RO         1857    .text.md_fc_set_read_latency  md_rcu.o
    0x00005ba8   0x00005ba8   0x000000c4   Code   RO         1700    .text.md_gpio_init  md_gpio.o
    0x00005c6c   0x00005c6c   0x00000080   Code   RO         1702    .text.md_gpio_set_pin_function0_7  md_gpio.o
    0x00005cec   0x00005cec   0x0000008c   Code   RO         1704    .text.md_gpio_set_pin_function8_15  md_gpio.o
    0x00005d78   0x00005d78   0x00000080   Code   RO         1712    .text.md_gpio_set_pin_mode  md_gpio.o
    0x00005df8   0x00005df8   0x0000007c   Code   RO         1706    .text.md_gpio_set_pin_output_type  md_gpio.o
    0x00005e74   0x00005e74   0x00000088   Code   RO         1710    .text.md_gpio_set_pin_outputdriving  md_gpio.o
    0x00005efc   0x00005efc   0x00000090   Code   RO         1708    .text.md_gpio_set_pin_pull  md_gpio.o
    0x00005f8c   0x00005f8c   0x00000048   Code   RO         1847    .text.md_rcu_check_hosc_ready  md_rcu.o
    0x00005fd4   0x00005fd4   0x00000012   Code   RO         1851    .text.md_rcu_disable_hosc  md_rcu.o
    0x00005fe6   0x00005fe6   0x00000014   Code   RO         1915    .text.md_rcu_disable_hosc_css  md_rcu.o
    0x00005ffa   0x00005ffa   0x00000012   Code   RO         1869    .text.md_rcu_disable_hrc  md_rcu.o
    0x0000600c   0x0000600c   0x00000014   Code   RO         1865    .text.md_rcu_disable_hrc48  md_rcu.o
    0x00006020   0x00006020   0x00000014   Code   RO         1873    .text.md_rcu_disable_losc  md_rcu.o
    0x00006034   0x00006034   0x00000012   Code   RO         1877    .text.md_rcu_disable_lrc  md_rcu.o
    0x00006046   0x00006046   0x00000014   Code   RO         1861    .text.md_rcu_disable_pll0  md_rcu.o
    0x0000605a   0x0000605a   0x00000014   Code   RO          851    .text.md_rcu_enable_gpioa  hal_lld.o
    0x0000606e   0x0000606e   0x00000014   Code   RO          853    .text.md_rcu_enable_gpiob  hal_lld.o
    0x00006082   0x00006082   0x00000014   Code   RO          855    .text.md_rcu_enable_gpioc  hal_lld.o
    0x00006096   0x00006096   0x00000014   Code   RO          857    .text.md_rcu_enable_gpiod  hal_lld.o
    0x000060aa   0x000060aa   0x00000012   Code   RO         1853    .text.md_rcu_enable_hosc  md_rcu.o
    0x000060bc   0x000060bc   0x00000014   Code   RO         1913    .text.md_rcu_enable_hosc_css  md_rcu.o
    0x000060d0   0x000060d0   0x00000012   Code   RO         1867    .text.md_rcu_enable_hrc  md_rcu.o
    0x000060e2   0x000060e2   0x00000014   Code   RO         1863    .text.md_rcu_enable_hrc48  md_rcu.o
    0x000060f6   0x000060f6   0x00000014   Code   RO         1871    .text.md_rcu_enable_losc  md_rcu.o
    0x0000610a   0x0000610a   0x00000012   Code   RO         1875    .text.md_rcu_enable_lrc  md_rcu.o
    0x0000611c   0x0000611c   0x00000014   Code   RO         1859    .text.md_rcu_enable_pll0  md_rcu.o
    0x00006130   0x00006130   0x00000014   Code   RO          859    .text.md_rcu_enable_uart1  hal_lld.o
    0x00006144   0x00006144   0x00000014   Code   RO          861    .text.md_rcu_enable_usb  hal_lld.o
    0x00006158   0x00006158   0x00000012   Code   RO         1907    .text.md_rcu_get_current_system_clock  md_rcu.o
    0x0000616a   0x0000616a   0x00000014   Code   RO         1909    .text.md_rcu_get_hclk_div  md_rcu.o
    0x0000617e   0x0000617e   0x00000014   Code   RO         1911    .text.md_rcu_get_pclk_div  md_rcu.o
    0x00006192   0x00006192   0x00000002   PAD
    0x00006194   0x00006194   0x00000018   Code   RO         1903    .text.md_rcu_get_pll0_fk  md_rcu.o
    0x000061ac   0x000061ac   0x00000010   Code   RO         1905    .text.md_rcu_get_pll0_fm  md_rcu.o
    0x000061bc   0x000061bc   0x00000014   Code   RO         1901    .text.md_rcu_get_pll0_fn  md_rcu.o
    0x000061d0   0x000061d0   0x00000014   Code   RO         1899    .text.md_rcu_get_pll_prediv  md_rcu.o
    0x000061e4   0x000061e4   0x00000012   Code   RO         1849    .text.md_rcu_is_active_flag_hosc_ready  md_rcu.o
    0x000061f6   0x000061f6   0x00000014   Code   RO         1881    .text.md_rcu_is_active_flag_hrc48_ready  md_rcu.o
    0x0000620a   0x0000620a   0x00000012   Code   RO         1883    .text.md_rcu_is_active_flag_hrc_ready  md_rcu.o
    0x0000621c   0x0000621c   0x00000014   Code   RO         1887    .text.md_rcu_is_active_flag_losc_ready  md_rcu.o
    0x00006230   0x00006230   0x00000012   Code   RO         1885    .text.md_rcu_is_active_flag_lrc_ready  md_rcu.o
    0x00006242   0x00006242   0x00000014   Code   RO         1879    .text.md_rcu_is_active_flag_pll0_ready  md_rcu.o
    0x00006256   0x00006256   0x00000002   PAD
    0x00006258   0x00006258   0x00000168   Code   RO         1919    .text.md_rcu_pll0_init  md_rcu.o
    0x000063c0   0x000063c0   0x0000001e   Code   RO         1917    .text.md_rcu_set_current_system_frequency  md_rcu.o
    0x000063de   0x000063de   0x0000001e   Code   RO         1895    .text.md_rcu_set_hclk_div  md_rcu.o
    0x000063fc   0x000063fc   0x0000001e   Code   RO         1889    .text.md_rcu_set_mco_div  md_rcu.o
    0x0000641a   0x0000641a   0x0000001e   Code   RO         1891    .text.md_rcu_set_mco_source  md_rcu.o
    0x00006438   0x00006438   0x0000001e   Code   RO         1893    .text.md_rcu_set_pclk_div  md_rcu.o
    0x00006456   0x00006456   0x00000002   PAD
    0x00006458   0x00006458   0x00000020   Code   RO         1929    .text.md_rcu_set_pll0_fk  md_rcu.o
    0x00006478   0x00006478   0x0000001a   Code   RO         1925    .text.md_rcu_set_pll0_fm  md_rcu.o
    0x00006492   0x00006492   0x0000001e   Code   RO         1927    .text.md_rcu_set_pll0_fn  md_rcu.o
    0x000064b0   0x000064b0   0x0000001e   Code   RO         1923    .text.md_rcu_set_pll_prediv  md_rcu.o
    0x000064ce   0x000064ce   0x0000001e   Code   RO         1921    .text.md_rcu_set_pll_source  md_rcu.o
    0x000064ec   0x000064ec   0x0000001a   Code   RO         1897    .text.md_rcu_set_system_clock_source  md_rcu.o
    0x00006506   0x00006506   0x00000002   PAD
    0x00006508   0x00006508   0x00000418   Code   RO         1855    .text.md_rcu_sys_init  md_rcu.o
    0x00006920   0x00006920   0x00000012   Code   RO         1837    .text.md_tick_enable_csr_enable  md_rcu.o
    0x00006932   0x00006932   0x00000012   Code   RO         1841    .text.md_tick_get_cvr_current  md_rcu.o
    0x00006944   0x00006944   0x00000048   Code   RO         1829    .text.md_tick_init_rcu  md_rcu.o
    0x0000698c   0x0000698c   0x0000001c   Code   RO         1835    .text.md_tick_set_csr_clksrc  md_rcu.o
    0x000069a8   0x000069a8   0x0000001c   Code   RO         1833    .text.md_tick_set_cvr_current  md_rcu.o
    0x000069c4   0x000069c4   0x0000001c   Code   RO         1831    .text.md_tick_set_rvr_reload  md_rcu.o
    0x000069e0   0x000069e0   0x0000005c   Code   RO         1839    .text.md_tick_waitms_rcu  md_rcu.o
    0x00006a3c   0x00006a3c   0x00000014   Code   RO         2161    .text.md_uart_disable_rx  md_uart.o
    0x00006a50   0x00006a50   0x00000014   Code   RO         2159    .text.md_uart_disable_tx  md_uart.o
    0x00006a64   0x00006a64   0x00000014   Code   RO         2175    .text.md_uart_enable_rx  md_uart.o
    0x00006a78   0x00006a78   0x00000014   Code   RO         2173    .text.md_uart_enable_tx  md_uart.o
    0x00006a8c   0x00006a8c   0x00000066   Code   RO         2157    .text.md_uart_init  md_uart.o
    0x00006af2   0x00006af2   0x00000010   Code   RO         2155    .text.md_uart_set_baudrate  md_uart.o
    0x00006b02   0x00006b02   0x00000012   Code   RO         2165    .text.md_uart_set_bitorder_lsb  md_uart.o
    0x00006b14   0x00006b14   0x00000012   Code   RO         2163    .text.md_uart_set_bitorder_msb  md_uart.o
    0x00006b26   0x00006b26   0x0000001a   Code   RO         2169    .text.md_uart_set_datawidth  md_uart.o
    0x00006b40   0x00006b40   0x0000001c   Code   RO         2171    .text.md_uart_set_parity  md_uart.o
    0x00006b5c   0x00006b5c   0x0000001c   Code   RO         2167    .text.md_uart_set_stop  md_uart.o
    0x00006b78   0x00006b78   0x00000028   Code   RO         2153    .text.md_uart_setting_baudrate  md_uart.o
    0x00006ba0   0x00006ba0   0x0000012c   Code   RO         3023    .text.mod_config    keycode_config.o
    0x00006ccc   0x00006ccc   0x00000008   Code   RO         1026    .text.musb_get_active_ep  hal_usb_lld.o
    0x00006cd4   0x00006cd4   0x00000014   Code   RO         1028    .text.musb_set_active_ep  hal_usb_lld.o
    0x00006ce8   0x00006ce8   0x00000010   Code   RO         3242    .text.notify_usb_device_state_change  usb_device_state.o
    0x00006cf8   0x00006cf8   0x00000010   Code   RO         3236    .text.notify_usb_device_state_change_kb  usb_device_state.o
    0x00006d08   0x00006d08   0x00000008   Code   RO         3238    .text.notify_usb_device_state_change_user  usb_device_state.o
    0x00006d10   0x00006d10   0x0000000c   Code   RO         2901    .text.null_sendchar_func  print.o
    0x00006d1c   0x00006d1c   0x00000066   Code   RO         3310    .text.obnotify      usb_driver.o
    0x00006d82   0x00006d82   0x00000064   Code   RO          555    .text.obqGetEmptyBufferTimeoutS  hal_buffers.o
    0x00006de6   0x00006de6   0x00000050   Code   RO          549    .text.obqGetFullBufferI  hal_buffers.o
    0x00006e36   0x00006e36   0x0000007a   Code   RO          545    .text.obqObjectInit  hal_buffers.o
    0x00006eb0   0x00006eb0   0x0000005a   Code   RO          559    .text.obqPostFullBufferS  hal_buffers.o
    0x00006f0a   0x00006f0a   0x00000070   Code   RO          561    .text.obqPutTimeout  hal_buffers.o
    0x00006f7a   0x00006f7a   0x0000003c   Code   RO          551    .text.obqReleaseEmptyBufferI  hal_buffers.o
    0x00006fb6   0x00006fb6   0x00000030   Code   RO          547    .text.obqResetI     hal_buffers.o
    0x00006fe6   0x00006fe6   0x00000096   Code   RO          565    .text.obqTryFlushI  hal_buffers.o
    0x0000707c   0x0000707c   0x000000ee   Code   RO          563    .text.obqWriteTimeout  hal_buffers.o
    0x0000716a   0x0000716a   0x0000000a   Code   RO         2625    .text.oneshot_disable  action_util.o
    0x00007174   0x00007174   0x0000000a   Code   RO         2623    .text.oneshot_enable  action_util.o
    0x0000717e   0x0000717e   0x00000014   Code   RO         2611    .text.oneshot_layer_changed_kb  action_util.o
    0x00007192   0x00007192   0x0000000a   Code   RO         2671    .text.oneshot_layer_changed_user  action_util.o
    0x0000719c   0x0000719c   0x00000014   Code   RO         2595    .text.oneshot_locked_mods_changed_kb  action_util.o
    0x000071b0   0x000071b0   0x0000000a   Code   RO         2667    .text.oneshot_locked_mods_changed_user  action_util.o
    0x000071ba   0x000071ba   0x00000014   Code   RO         2659    .text.oneshot_mods_changed_kb  action_util.o
    0x000071ce   0x000071ce   0x0000000a   Code   RO         2669    .text.oneshot_mods_changed_user  action_util.o
    0x000071d8   0x000071d8   0x00000040   Code   RO         2619    .text.oneshot_set   action_util.o
    0x00007218   0x00007218   0x00000018   Code   RO         2621    .text.oneshot_toggle  action_util.o
    0x00007230   0x00007230   0x00000014   Code   RO         3320    .text.osalEventBroadcastFlagsI  usb_driver.o
    0x00007244   0x00007244   0x00000010   Code   RO         3306    .text.osalEventObjectInit  usb_driver.o
    0x00007254   0x00007254   0x00000002   Code   RO          503    .text.osalInit      hal.o
    0x00007256   0x00007256   0x00000008   Code   RO          742    .text.osalOsRescheduleS  hal_usb.o
    0x0000725e   0x0000725e   0x00000008   Code   RO          995    .text.osalOsTimerHandlerI  hal_st_lld.o
    0x00007266   0x00007266   0x00000008   Code   RO          529    .text.osalSysLock   hal_buffers.o
    0x0000726e   0x0000726e   0x00000008   Code   RO          734    .text.osalSysLock   hal_usb.o
    0x00007276   0x00007276   0x00000008   Code   RO         3314    .text.osalSysLock   usb_driver.o
    0x0000727e   0x0000727e   0x00000008   Code   RO         3411    .text.osalSysLock   usb_main.o
    0x00007286   0x00007286   0x00000008   Code   RO          766    .text.osalSysLockFromISR  hal_usb.o
    0x0000728e   0x0000728e   0x00000008   Code   RO          993    .text.osalSysLockFromISR  hal_st_lld.o
    0x00007296   0x00007296   0x00000008   Code   RO         1060    .text.osalSysLockFromISR  hal_usb_lld.o
    0x0000729e   0x0000729e   0x00000008   Code   RO         3340    .text.osalSysLockFromISR  usb_driver.o
    0x000072a6   0x000072a6   0x00000008   Code   RO         3445    .text.osalSysLockFromISR  usb_main.o
    0x000072ae   0x000072ae   0x00000008   Code   RO          533    .text.osalSysUnlock  hal_buffers.o
    0x000072b6   0x000072b6   0x00000008   Code   RO          736    .text.osalSysUnlock  hal_usb.o
    0x000072be   0x000072be   0x00000008   Code   RO         3316    .text.osalSysUnlock  usb_driver.o
    0x000072c6   0x000072c6   0x00000008   Code   RO         3413    .text.osalSysUnlock  usb_main.o
    0x000072ce   0x000072ce   0x00000008   Code   RO          768    .text.osalSysUnlockFromISR  hal_usb.o
    0x000072d6   0x000072d6   0x00000008   Code   RO          997    .text.osalSysUnlockFromISR  hal_st_lld.o
    0x000072de   0x000072de   0x00000008   Code   RO         1064    .text.osalSysUnlockFromISR  hal_usb_lld.o
    0x000072e6   0x000072e6   0x00000008   Code   RO         3342    .text.osalSysUnlockFromISR  usb_driver.o
    0x000072ee   0x000072ee   0x00000008   Code   RO         3447    .text.osalSysUnlockFromISR  usb_main.o
    0x000072f6   0x000072f6   0x00000014   Code   RO          519    .text.osalThreadDequeueAllI  hal_buffers.o
    0x0000730a   0x0000730a   0x00000014   Code   RO         3326    .text.osalThreadDequeueAllI  usb_driver.o
    0x0000731e   0x0000731e   0x00000014   Code   RO          525    .text.osalThreadDequeueNextI  hal_buffers.o
    0x00007332   0x00007332   0x00000014   Code   RO          535    .text.osalThreadEnqueueTimeoutS  hal_buffers.o
    0x00007346   0x00007346   0x00000010   Code   RO          515    .text.osalThreadQueueObjectInit  hal_buffers.o
    0x00007356   0x00007356   0x00000014   Code   RO          740    .text.osalThreadResumeI  hal_usb.o
    0x0000736a   0x0000736a   0x00000014   Code   RO         1062    .text.osalThreadResumeI  hal_usb_lld.o
    0x0000737e   0x0000737e   0x00000014   Code   RO         3415    .text.osalThreadSuspendTimeoutS  usb_main.o
    0x00007392   0x00007392   0x00000002   PAD
    0x00007394   0x00007394   0x0000013c   Code   RO         2960    .text.perform_space_cadet  process_space_cadet.o
    0x000074d0   0x000074d0   0x0000000c   Code   RO         3545    .text.platform_setup  platform.o
    0x000074dc   0x000074dc   0x00000014   Code   RO            6    .text.port_init     chcore.o
    0x000074f0   0x000074f0   0x0000000e   Code   RO           16    .text.port_lock     chcore.o
    0x000074fe   0x000074fe   0x0000000e   Code   RO          180    .text.port_lock     chschd.o
    0x0000750c   0x0000750c   0x0000000e   Code   RO          365    .text.port_lock     chthreads.o
    0x0000751a   0x0000751a   0x0000000e   Code   RO          416    .text.port_lock     chvt.o
    0x00007528   0x00007528   0x0000000e   Code   RO          575    .text.port_lock     hal_buffers.o
    0x00007536   0x00007536   0x0000000e   Code   RO          786    .text.port_lock     hal_usb.o
    0x00007544   0x00007544   0x0000000e   Code   RO         1005    .text.port_lock     hal_st_lld.o
    0x00007552   0x00007552   0x0000000e   Code   RO         1106    .text.port_lock     hal_usb_lld.o
    0x00007560   0x00007560   0x0000000e   Code   RO         2837    .text.port_lock     matrix.o
    0x0000756e   0x0000756e   0x0000000e   Code   RO         3368    .text.port_lock     usb_driver.o
    0x0000757c   0x0000757c   0x0000000e   Code   RO         3459    .text.port_lock     usb_main.o
    0x0000758a   0x0000758a   0x0000000e   Code   RO         3589    .text.port_lock     timer.o
    0x00007598   0x00007598   0x00000008   Code   RO           12    .text.port_lock_from_isr  chcore.o
    0x000075a0   0x000075a0   0x00000008   Code   RO          178    .text.port_lock_from_isr  chschd.o
    0x000075a8   0x000075a8   0x00000008   Code   RO          414    .text.port_lock_from_isr  chvt.o
    0x000075b0   0x000075b0   0x00000008   Code   RO          794    .text.port_lock_from_isr  hal_usb.o
    0x000075b8   0x000075b8   0x00000008   Code   RO         1003    .text.port_lock_from_isr  hal_st_lld.o
    0x000075c0   0x000075c0   0x00000008   Code   RO         1104    .text.port_lock_from_isr  hal_usb_lld.o
    0x000075c8   0x000075c8   0x00000008   Code   RO         3376    .text.port_lock_from_isr  usb_driver.o
    0x000075d0   0x000075d0   0x00000008   Code   RO         3457    .text.port_lock_from_isr  usb_main.o
    0x000075d8   0x000075d8   0x00000008   Code   RO         3587    .text.port_lock_from_isr  timer.o
    0x000075e0   0x000075e0   0x00000004   Code   RO           14    .text.port_unlock   chcore.o
    0x000075e4   0x000075e4   0x00000004   Code   RO          184    .text.port_unlock   chschd.o
    0x000075e8   0x000075e8   0x00000004   Code   RO          279    .text.port_unlock   chsys.o
    0x000075ec   0x000075ec   0x00000004   Code   RO          367    .text.port_unlock   chthreads.o
    0x000075f0   0x000075f0   0x00000004   Code   RO          412    .text.port_unlock   chvt.o
    0x000075f4   0x000075f4   0x00000004   Code   RO          579    .text.port_unlock   hal_buffers.o
    0x000075f8   0x000075f8   0x00000004   Code   RO          790    .text.port_unlock   hal_usb.o
    0x000075fc   0x000075fc   0x00000004   Code   RO         1011    .text.port_unlock   hal_st_lld.o
    0x00007600   0x00007600   0x00000004   Code   RO         1112    .text.port_unlock   hal_usb_lld.o
    0x00007604   0x00007604   0x00000004   Code   RO         2841    .text.port_unlock   matrix.o
    0x00007608   0x00007608   0x00000004   Code   RO         3372    .text.port_unlock   usb_driver.o
    0x0000760c   0x0000760c   0x00000004   Code   RO         3463    .text.port_unlock   usb_main.o
    0x00007610   0x00007610   0x00000004   Code   RO         3593    .text.port_unlock   timer.o
    0x00007614   0x00007614   0x00000008   Code   RO            4    .text.port_unlock_from_isr  chcore.o
    0x0000761c   0x0000761c   0x00000008   Code   RO          182    .text.port_unlock_from_isr  chschd.o
    0x00007624   0x00007624   0x00000008   Code   RO          410    .text.port_unlock_from_isr  chvt.o
    0x0000762c   0x0000762c   0x00000008   Code   RO          798    .text.port_unlock_from_isr  hal_usb.o
    0x00007634   0x00007634   0x00000008   Code   RO         1009    .text.port_unlock_from_isr  hal_st_lld.o
    0x0000763c   0x0000763c   0x00000008   Code   RO         1110    .text.port_unlock_from_isr  hal_usb_lld.o
    0x00007644   0x00007644   0x00000008   Code   RO         3380    .text.port_unlock_from_isr  usb_driver.o
    0x0000764c   0x0000764c   0x00000008   Code   RO         3461    .text.port_unlock_from_isr  usb_main.o
    0x00007654   0x00007654   0x00000008   Code   RO         3591    .text.port_unlock_from_isr  timer.o
    0x0000765c   0x0000765c   0x00000002   Code   RO          454    .text.port_wait_for_interrupt  chinstances.o
    0x0000765e   0x0000765e   0x00000018   Code   RO         2289    .text.post_process_record_kb  quantum.o
    0x00007676   0x00007676   0x00000020   Code   RO         2307    .text.post_process_record_quantum  quantum.o
    0x00007696   0x00007696   0x0000000c   Code   RO         2291    .text.post_process_record_user  quantum.o
    0x000076a2   0x000076a2   0x00000018   Code   RO         2279    .text.pre_process_record_kb  quantum.o
    0x000076ba   0x000076ba   0x00000038   Code   RO         2305    .text.pre_process_record_quantum  quantum.o
    0x000076f2   0x000076f2   0x0000000e   Code   RO         2281    .text.pre_process_record_user  quantum.o
    0x00007700   0x00007700   0x00000014   Code   RO         2897    .text.print_set_sendchar  print.o
    0x00007714   0x00007714   0x0000081c   Code   RO         2450    .text.process_action  action.o
    0x00007f30   0x00007f30   0x0000000a   Code   RO         2283    .text.process_action_kb  quantum.o
    0x00007f3a   0x00007f3a   0x00000002   PAD
    0x00007f3c   0x00007f3c   0x000000a0   Code   RO         2981    .text.process_grave_esc  process_grave_esc.o
    0x00007fdc   0x00007fdc   0x00000330   Code   RO         2973    .text.process_magic  process_magic.o
    0x0000830c   0x0000830c   0x0000006c   Code   RO         2436    .text.process_record  action.o
    0x00008378   0x00008378   0x00000054   Code   RO         2446    .text.process_record_handler  action.o
    0x000083cc   0x000083cc   0x00000018   Code   RO         2285    .text.process_record_kb  quantum.o
    0x000083e4   0x000083e4   0x0000012c   Code   RO         2309    .text.process_record_quantum  quantum.o
    0x00008510   0x00008510   0x00000030   Code   RO         2442    .text.process_record_tap_hint  action.o
    0x00008540   0x00008540   0x0000000e   Code   RO         2287    .text.process_record_user  quantum.o
    0x0000854e   0x0000854e   0x00000002   PAD
    0x00008550   0x00008550   0x00000064   Code   RO         3050    .text.process_record_via  via.o
    0x000085b4   0x000085b4   0x00000124   Code   RO         2962    .text.process_space_cadet  process_space_cadet.o
    0x000086d8   0x000086d8   0x00000664   Code   RO         2692    .text.process_tapping  action_tapping.o
    0x00008d3c   0x00008d3c   0x000000f4   Code   RO         3140    .text.process_tri_layer  process_tri_layer.o
    0x00008e30   0x00008e30   0x00000010   Code   RO         2946    .text.protocol_init  main.o
    0x00008e40   0x00008e40   0x0000000c   Code   RO         3287    .text.protocol_post_init  chibios.o
    0x00008e4c   0x00008e4c   0x00000008   Code   RO         3291    .text.protocol_post_task  chibios.o
    0x00008e54   0x00008e54   0x0000002c   Code   RO         3285    .text.protocol_pre_init  chibios.o
    0x00008e80   0x00008e80   0x0000005c   Code   RO         3289    .text.protocol_pre_task  chibios.o
    0x00008edc   0x00008edc   0x00000008   Code   RO         3283    .text.protocol_setup  chibios.o
    0x00008ee4   0x00008ee4   0x00000010   Code   RO         2948    .text.protocol_task  main.o
    0x00008ef4   0x00008ef4   0x00000008   Code   RO          610    .text.pwmInit       hal_pwm.o
    0x00008efc   0x00008efc   0x0000001c   Code   RO          612    .text.pwmObjectInit  hal_pwm.o
    0x00008f18   0x00008f18   0x00000028   Code   RO          897    .text.pwm_lld_init  hal_pwm_lld.o
    0x00008f40   0x00008f40   0x0000003a   Code   RO         3330    .text.qmkusbConfigureHookI  usb_driver.o
    0x00008f7a   0x00008f7a   0x00000058   Code   RO         3344    .text.qmkusbDataReceived  usb_driver.o
    0x00008fd2   0x00008fd2   0x000000d2   Code   RO         3338    .text.qmkusbDataTransmitted  usb_driver.o
    0x000090a4   0x000090a4   0x0000000c   Code   RO         3346    .text.qmkusbInterruptTransmitted  usb_driver.o
    0x000090b0   0x000090b0   0x00000064   Code   RO         3304    .text.qmkusbObjectInit  usb_driver.o
    0x00009114   0x00009114   0x00000098   Code   RO         3334    .text.qmkusbRequestsHook  usb_driver.o
    0x000091ac   0x000091ac   0x00000094   Code   RO         3336    .text.qmkusbSOFHookI  usb_driver.o
    0x00009240   0x00009240   0x00000064   Code   RO         3312    .text.qmkusbStart   usb_driver.o
    0x000092a4   0x000092a4   0x0000003a   Code   RO         3324    .text.qmkusbSuspendHookI  usb_driver.o
    0x000092de   0x000092de   0x00000020   Code   RO         3328    .text.qmkusbWakeupHookI  usb_driver.o
    0x000092fe   0x000092fe   0x0000007e   Code   RO         3332    .text.qmkusb_start_receive  usb_driver.o
    0x0000937c   0x0000937c   0x0000000c   Code   RO         2784    .text.quantum_init  keyboard.o
    0x00009388   0x00009388   0x00000002   Code   RO         2790    .text.quantum_task  keyboard.o
    0x0000938a   0x0000938a   0x00000002   PAD
    0x0000938c   0x0000938c   0x0000034a   Code   RO         3058    .text.raw_hid_receive  via.o
    0x000096d6   0x000096d6   0x00000002   PAD
    0x000096d8   0x000096d8   0x0000002c   Code   RO         3431    .text.raw_hid_send  usb_main.o
    0x00009704   0x00009704   0x00000044   Code   RO         3435    .text.raw_hid_task  usb_main.o
    0x00009748   0x00009748   0x00000036   Code   RO         2823    .text.readMatrixPin  matrix.o
    0x0000977e   0x0000977e   0x00000002   PAD
    0x00009780   0x00009780   0x00000050   Code   RO         2404    .text.read_source_layers_cache  action_layer.o
    0x000097d0   0x000097d0   0x0000006c   Code   RO         2400    .text.read_source_layers_cache_impl  action_layer.o
    0x0000983c   0x0000983c   0x000000a6   Code   RO         2454    .text.register_code  action.o
    0x000098e2   0x000098e2   0x00000024   Code   RO         2458    .text.register_mods  action.o
    0x00009906   0x00009906   0x0000000e   Code   RO         2452    .text.register_mouse  action.o
    0x00009914   0x00009914   0x0000000e   Code   RO         2297    .text.reset_keyboard  quantum.o
    0x00009922   0x00009922   0x00000002   PAD
    0x00009924   0x00009924   0x00000018   Code   RO         2613    .text.reset_oneshot_layer  action_util.o
    0x0000993c   0x0000993c   0x00000008   Code   RO         1137    .text.restart_usb_driver  board.o
    0x00009944   0x00009944   0x000000d8   Code   RO          841    .text.rt_hw_hard_fault_exception  hal_lld.o
    0x00009a1c   0x00009a1c   0x00000040   Code   RO         2821    .text.select_row    matrix.o
    0x00009a5c   0x00009a5c   0x00000044   Code   RO         2629    .text.send_6kro_report  action_util.o
    0x00009aa0   0x00009aa0   0x000000cc   Code   RO         3152    .text.send_char     send_string.o
    0x00009b6c   0x00009b6c   0x00000008   Code   RO         3423    .text.send_extra    usb_main.o
    0x00009b74   0x00009b74   0x00000040   Code   RO         3417    .text.send_keyboard  usb_main.o
    0x00009bb4   0x00009bb4   0x00000008   Code   RO         2633    .text.send_keyboard_report  action_util.o
    0x00009bbc   0x00009bbc   0x00000008   Code   RO         3421    .text.send_mouse    usb_main.o
    0x00009bc4   0x00009bc4   0x00000008   Code   RO         3419    .text.send_nkro     usb_main.o
    0x00009bcc   0x00009bcc   0x00000074   Code   RO         3409    .text.send_report   usb_main.o
    0x00009c40   0x00009c40   0x00000136   Code   RO         3150    .text.send_string_with_delay  send_string.o
    0x00009d76   0x00009d76   0x0000000c   Code   RO         2911    .text.sendchar      sendchar.o
    0x00009d82   0x00009d82   0x0000004a   Code   RO         2817    .text.setPinInputHigh_atomic  matrix.o
    0x00009dcc   0x00009dcc   0x00000068   Code   RO         2843    .text.setPinOutput_writeLow  matrix.o
    0x00009e34   0x00009e34   0x00000038   Code   RO          800    .text.set_address   hal_usb.o
    0x00009e6c   0x00009e6c   0x00000058   Code   RO         3465    .text.set_led_transfer_cb  usb_main.o
    0x00009ec4   0x00009ec4   0x00000050   Code   RO         2609    .text.set_oneshot_layer  action_util.o
    0x00009f14   0x00009f14   0x00000008   Code   RO         2776    .text.should_process_keypress  keyboard.o
    0x00009f1c   0x00009f1c   0x00000032   Code   RO         2295    .text.shutdown_kb   quantum.o
    0x00009f4e   0x00009f4e   0x00000028   Code   RO         2293    .text.shutdown_quantum  quantum.o
    0x00009f76   0x00009f76   0x0000000c   Code   RO         2313    .text.shutdown_user  quantum.o
    0x00009f82   0x00009f82   0x0000000e   Code   RO         2299    .text.soft_reset_keyboard  quantum.o
    0x00009f90   0x00009f90   0x00000008   Code   RO          719    .text.stInit        hal_st.o
    0x00009f98   0x00009f98   0x00000020   Code   RO          999    .text.st_lld_init   hal_st_lld.o
    0x00009fb8   0x00009fb8   0x00000090   Code   RO         2406    .text.store_or_get_action  action_layer.o
    0x0000a048   0x0000a048   0x00000002   Code   RO         3687    .text.suspend_power_down  es_app.o
    0x0000a04a   0x0000a04a   0x00000054   Code   RO         3536    .text.suspend_wakeup_condition  suspend.o
    0x0000a09e   0x0000a09e   0x00000002   Code   RO         3689    .text.suspend_wakeup_init  es_app.o
    0x0000a0a0   0x0000a0a0   0x00000012   Code   RO         2788    .text.switch_events  keyboard.o
    0x0000a0b2   0x0000a0b2   0x0000002a   Code   RO         2464    .text.tap_code      action.o
    0x0000a0dc   0x0000a0dc   0x00000048   Code   RO         2462    .text.tap_code_delay  action.o
    0x0000a124   0x0000a124   0x00000020   Code   RO         3555    .text.timer_clear   timer.o
    0x0000a144   0x0000a144   0x00000016   Code   RO         3573    .text.timer_elapsed  timer.o
    0x0000a15a   0x0000a15a   0x00000012   Code   RO         3575    .text.timer_elapsed32  timer.o
    0x0000a16c   0x0000a16c   0x00000010   Code   RO         3693    .text.timer_elapsed_fast  es_app.o
    0x0000a17c   0x0000a17c   0x00000024   Code   RO         3553    .text.timer_init    timer.o
    0x0000a1a0   0x0000a1a0   0x0000000a   Code   RO         3569    .text.timer_read    timer.o
    0x0000a1aa   0x0000a1aa   0x00000002   PAD
    0x0000a1ac   0x0000a1ac   0x0000008c   Code   RO         3571    .text.timer_read32  timer.o
    0x0000a238   0x0000a238   0x00000008   Code   RO         3691    .text.timer_read_fast  es_app.o
    0x0000a240   0x0000a240   0x0000008a   Code   RO         2456    .text.unregister_code  action.o
    0x0000a2ca   0x0000a2ca   0x00000024   Code   RO         2460    .text.unregister_mods  action.o
    0x0000a2ee   0x0000a2ee   0x00000002   PAD
    0x0000a2f0   0x0000a2f0   0x00000030   Code   RO         2825    .text.unselect_row  matrix.o
    0x0000a320   0x0000a320   0x0000002e   Code   RO         2815    .text.unselect_rows  matrix.o
    0x0000a34e   0x0000a34e   0x00000002   PAD
    0x0000a350   0x0000a350   0x00000030   Code   RO         3561    .text.update_fn     timer.o
    0x0000a380   0x0000a380   0x00000048   Code   RO         2402    .text.update_source_layers_cache  action_layer.o
    0x0000a3c8   0x0000a3c8   0x00000086   Code   RO         2398    .text.update_source_layers_cache_impl  action_layer.o
    0x0000a44e   0x0000a44e   0x00000002   PAD
    0x0000a450   0x0000a450   0x00000034   Code   RO         2414    .text.update_tri_layer  action_layer.o
    0x0000a484   0x0000a484   0x00000066   Code   RO         2412    .text.update_tri_layer_state  action_layer.o
    0x0000a4ea   0x0000a4ea   0x000000b2   Code   RO          746    .text.usbDisableEndpointsI  hal_usb.o
    0x0000a59c   0x0000a59c   0x00000008   Code   RO          728    .text.usbInit       hal_usb.o
    0x0000a5a4   0x0000a5a4   0x0000006c   Code   RO          744    .text.usbInitEndpointI  hal_usb.o
    0x0000a610   0x0000a610   0x0000004a   Code   RO          730    .text.usbObjectInit  hal_usb.o
    0x0000a65a   0x0000a65a   0x0000006a   Code   RO          732    .text.usbStart      hal_usb.o
    0x0000a6c4   0x0000a6c4   0x00000056   Code   RO          748    .text.usbStartReceiveI  hal_usb.o
    0x0000a71a   0x0000a71a   0x00000056   Code   RO          750    .text.usbStartTransmitI  hal_usb.o
    0x0000a770   0x0000a770   0x000000b8   Code   RO          738    .text.usbStop       hal_usb.o
    0x0000a828   0x0000a828   0x00000018   Code   RO          762    .text.usbWakeupHost  hal_usb.o
    0x0000a840   0x0000a840   0x00000010   Code   RO         3250    .text.usb_device_state_init  usb_device_state.o
    0x0000a850   0x0000a850   0x00000034   Code   RO         3240    .text.usb_device_state_set_configuration  usb_device_state.o
    0x0000a884   0x0000a884   0x00000010   Code   RO         3248    .text.usb_device_state_set_reset  usb_device_state.o
    0x0000a894   0x0000a894   0x00000034   Code   RO         3246    .text.usb_device_state_set_resume  usb_device_state.o
    0x0000a8c8   0x0000a8c8   0x00000020   Code   RO         3244    .text.usb_device_state_set_suspend  usb_device_state.o
    0x0000a8e8   0x0000a8e8   0x00000070   Code   RO         1038    .text.usb_ep_in_data_avail  hal_usb_lld.o
    0x0000a958   0x0000a958   0x00000184   Code   RO         3437    .text.usb_event_cb  usb_main.o
    0x0000aadc   0x0000aadc   0x00000044   Code   RO         3395    .text.usb_event_queue_dequeue  usb_main.o
    0x0000ab20   0x0000ab20   0x00000048   Code   RO         3449    .text.usb_event_queue_enqueue  usb_main.o
    0x0000ab68   0x0000ab68   0x00000024   Code   RO         3391    .text.usb_event_queue_init  usb_main.o
    0x0000ab8c   0x0000ab8c   0x00000084   Code   RO         3393    .text.usb_event_queue_task  usb_main.o
    0x0000ac10   0x0000ac10   0x00000014   Code   RO         3397    .text.usb_event_suspend_handler  usb_main.o
    0x0000ac24   0x0000ac24   0x00000018   Code   RO         3399    .text.usb_event_wakeup_handler  usb_main.o
    0x0000ac3c   0x0000ac3c   0x00000064   Code   RO         3439    .text.usb_get_descriptor_cb  usb_main.o
    0x0000aca0   0x0000aca0   0x00000042   Code   RO         1098    .text.usb_lld_clear_in  hal_usb_lld.o
    0x0000ace2   0x0000ace2   0x00000040   Code   RO         1096    .text.usb_lld_clear_out  hal_usb_lld.o
    0x0000ad22   0x0000ad22   0x00000002   PAD
    0x0000ad24   0x0000ad24   0x00000018   Code   RO         1080    .text.usb_lld_disable_endpoints  hal_usb_lld.o
    0x0000ad3c   0x0000ad3c   0x0000001c   Code   RO         1084    .text.usb_lld_get_status_in  hal_usb_lld.o
    0x0000ad58   0x0000ad58   0x0000001c   Code   RO         1082    .text.usb_lld_get_status_out  hal_usb_lld.o
    0x0000ad74   0x0000ad74   0x00000030   Code   RO         1066    .text.usb_lld_init  hal_usb_lld.o
    0x0000ada4   0x0000ada4   0x000001e4   Code   RO         1076    .text.usb_lld_init_endpoint  hal_usb_lld.o
    0x0000af88   0x0000af88   0x00000040   Code   RO         1086    .text.usb_lld_read_setup  hal_usb_lld.o
    0x0000afc8   0x0000afc8   0x0000002c   Code   RO         1072    .text.usb_lld_reset  hal_usb_lld.o
    0x0000aff4   0x0000aff4   0x00000030   Code   RO         1074    .text.usb_lld_set_address  hal_usb_lld.o
    0x0000b024   0x0000b024   0x00000054   Code   RO         1094    .text.usb_lld_stall_in  hal_usb_lld.o
    0x0000b078   0x0000b078   0x00000054   Code   RO         1092    .text.usb_lld_stall_out  hal_usb_lld.o
    0x0000b0cc   0x0000b0cc   0x0000006c   Code   RO         1068    .text.usb_lld_start  hal_usb_lld.o
    0x0000b138   0x0000b138   0x00000028   Code   RO         1090    .text.usb_lld_start_in  hal_usb_lld.o
    0x0000b160   0x0000b160   0x00000028   Code   RO         1088    .text.usb_lld_start_out  hal_usb_lld.o
    0x0000b188   0x0000b188   0x0000001a   Code   RO         1070    .text.usb_lld_stop  hal_usb_lld.o
    0x0000b1a2   0x0000b1a2   0x00000002   PAD
    0x0000b1a4   0x0000b1a4   0x000002dc   Code   RO         3441    .text.usb_requests_hook_cb  usb_main.o
    0x0000b480   0x0000b480   0x00000040   Code   RO         3443    .text.usb_sof_cb    usb_main.o
    0x0000b4c0   0x0000b4c0   0x000000dc   Code   RO         1054    .text.usbd_ep_start_read  hal_usb_lld.o
    0x0000b59c   0x0000b59c   0x00000190   Code   RO         1052    .text.usbd_ep_start_write  hal_usb_lld.o
    0x0000b72c   0x0000b72c   0x0000009c   Code   RO         1044    .text.usbd_read_packet  hal_usb_lld.o
    0x0000b7c8   0x0000b7c8   0x00000108   Code   RO         1048    .text.usbd_write_packet  hal_usb_lld.o
    0x0000b8d0   0x0000b8d0   0x0000000e   Code   RO         3056    .text.via_command_kb  via.o
    0x0000b8de   0x0000b8de   0x00000022   Code   RO         3054    .text.via_custom_value_command  via.o
    0x0000b900   0x0000b900   0x00000016   Code   RO         3052    .text.via_custom_value_command_kb  via.o
    0x0000b916   0x0000b916   0x00000002   PAD
    0x0000b918   0x0000b918   0x00000088   Code   RO         3032    .text.via_eeprom_is_valid  via.o
    0x0000b9a0   0x0000b9a0   0x000000b4   Code   RO         3034    .text.via_eeprom_set_valid  via.o
    0x0000ba54   0x0000ba54   0x00000048   Code   RO         3042    .text.via_get_layout_options  via.o
    0x0000ba9c   0x0000ba9c   0x00000020   Code   RO         3038    .text.via_init      via.o
    0x0000babc   0x0000babc   0x00000002   Code   RO         3036    .text.via_init_kb   via.o
    0x0000babe   0x0000babe   0x0000000a   Code   RO         3048    .text.via_set_device_indication  via.o
    0x0000bac8   0x0000bac8   0x00000048   Code   RO         3046    .text.via_set_layout_options  via.o
    0x0000bb10   0x0000bb10   0x00000008   Code   RO         3040    .text.via_set_layout_options_kb  via.o
    0x0000bb18   0x0000bb18   0x0000001c   Code   RO          382    .text.vt_enqueue    chvt.o
    0x0000bb34   0x0000bb34   0x0000000c   Code   RO         2698    .text.waiting_buffer_clear  action_tapping.o
    0x0000bb40   0x0000bb40   0x00000080   Code   RO         2696    .text.waiting_buffer_enq  action_tapping.o
    0x0000bbc0   0x0000bbc0   0x000000d4   Code   RO         2702    .text.waiting_buffer_scan_tap  action_tapping.o
    0x0000bc94   0x0000bc94   0x0000009c   Code   RO         2706    .text.waiting_buffer_typed  action_tapping.o
    0x0000bd30   0x0000bd30   0x0000002e   Code   RO         3839    i.__ARM_clz         mf_p.l(depilogue.o)
    0x0000bd5e   0x0000bd5e   0x0000000e   Code   RO         3851    i.__scatterload_copy  mc_p.l(handlers.o)
    0x0000bd6c   0x0000bd6c   0x00000002   Code   RO         3852    i.__scatterload_null  mc_p.l(handlers.o)
    0x0000bd6e   0x0000bd6e   0x0000000e   Code   RO         3853    i.__scatterload_zeroinit  mc_p.l(handlers.o)
    0x0000bd7c   0x0000bd7c   0x00000081   Data   RO         3713    .constdata          mc_p.l(ctype_o.o)
    0x0000bdfd   0x0000bdfd   0x00000003   PAD
    0x0000be00   0x0000be00   0x00000004   Data   RO         3714    .constdata          mc_p.l(ctype_o.o)
    0x0000be04   0x0000be04   0x0000005b   Data   RO         3514    .rodata.ConfigurationDescriptor  usb_descriptor.o
    0x0000be5f   0x0000be5f   0x00000001   PAD
    0x0000be60   0x0000be60   0x00000012   Data   RO         3513    .rodata.DeviceDescriptor  usb_descriptor.o
    0x0000be72   0x0000be72   0x00000044   Data   RO         3510    .rodata.KeyboardReport  usb_descriptor.o
    0x0000beb6   0x0000beb6   0x00000006   Data   RO         3515    .rodata.LanguageString  usb_descriptor.o
    0x0000bebc   0x0000bebc   0x0000001e   Data   RO         3516    .rodata.ManufacturerString  usb_descriptor.o
    0x0000beda   0x0000beda   0x00000062   Data   RO         3517    .rodata.ProductString  usb_descriptor.o
    0x0000bf3c   0x0000bf3c   0x00000022   Data   RO         3512    .rodata.RawReport   usb_descriptor.o
    0x0000bf5e   0x0000bf5e   0x00000000   Data   RO         3511    .rodata.SharedReport  usb_descriptor.o
    0x0000bf5e   0x0000bf5e   0x00000100   Data   RO         1118    .rodata.__lowest_bit_bitmap  hal_usb_lld.o
    0x0000c05e   0x0000c05e   0x00000002   Data   RO          804    .rodata.active_status  hal_usb.o
    0x0000c060   0x0000c060   0x00000010   Data   RO         3165    .rodata.ascii_to_altgr_lut  send_string.o
    0x0000c070   0x0000c070   0x00000010   Data   RO         3166    .rodata.ascii_to_dead_lut  send_string.o
    0x0000c080   0x0000c080   0x00000080   Data   RO         3167    .rodata.ascii_to_keycode_lut  send_string.o
    0x0000c100   0x0000c100   0x00000010   Data   RO         3164    .rodata.ascii_to_shift_lut  send_string.o
    0x0000c110   0x0000c110   0x0000000c   Data   RO          289    .rodata.ch_core0_cfg  chsys.o
    0x0000c11c   0x0000c11c   0x00000044   Data   RO         2845    .rodata.col_pins    matrix.o
    0x0000c160   0x0000c160   0x00000024   Data   RO         1124    .rodata.ep0config   hal_usb_lld.o
    0x0000c184   0x0000c184   0x00000010   Data   RO          863    .rodata.g_num_to_char_table  hal_lld.o
    0x0000c194   0x0000c194   0x00000002   Data   RO          803    .rodata.halted_status  hal_usb.o
    0x0000c196   0x0000c196   0x00000002   PAD
    0x0000c198   0x0000c198   0x00000024   Data   RO         3495    .rodata.kbd_ep_config  usb_main.o
    0x0000c1bc   0x0000c1bc   0x00000330   Data   RO         2346    .rodata.keymaps     keymap_introspection.o
    0x0000c4ec   0x0000c4ec   0x00000018   Data   RO         2846    .rodata.row_pins    matrix.o
    0x0000c504   0x0000c504   0x00000024   Data   RO         3496    .rodata.shared_ep_config  usb_main.o
    0x0000c528   0x0000c528   0x00000003   Data   RO          287    .rodata.str1.1      chsys.o
    0x0000c52b   0x0000c52b   0x0000000a   Data   RO          456    .rodata.str1.1      chinstances.o
    0x0000c535   0x0000c535   0x00000052   Data   RO          865    .rodata.str1.1      hal_lld.o
    0x0000c587   0x0000c587   0x00000060   Data   RO         1121    .rodata.str1.1      hal_usb_lld.o
    0x0000c5e7   0x0000c5e7   0x00000014   Data   RO         3060    .rodata.str1.1      via.o
    0x0000c5fb   0x0000c5fb   0x00000001   PAD
    0x0000c5fc   0x0000c5fc   0x00000010   Data   RO         3491    .rodata.usbcfg      usb_main.o
    0x0000c60c   0x0000c60c   0x00000028   Data   RO         3382    .rodata.vmt         usb_driver.o
    0x0000c634   0x0000c634   0x00000002   Data   RO          802    .rodata.zero_status  hal_usb.o
    0x0000c636   0x0000c636   0x00000002   PAD
    0x0000c638   0x0000c638   0x00000020   Data   RO         3850    Region$$Table       anon$$obj.o


    Execution Region RW_IRAM1 (Exec base: 0x20000000, Load base: 0x0000c660, Size: 0x00002490, Max: 0x00004000, ABSOLUTE, COMPRESSED[0x00000080])

    Exec Addr    Load Addr    Size         Type   Attr      Idx    E Section Name        Object

    0x20000000   COMPRESSED   0x00000014   Data   RW         3293    .data.chibios_driver  chibios.o
    0x20000014   COMPRESSED   0x00000154   Data   RW         3490    .data.drivers       usb_main.o
    0x20000168   COMPRESSED   0x00000004   Data   RW         2903    .data.func          print.o
    0x2000016c   COMPRESSED   0x00000001   Data   RW         3480    .data.keyboard_protocol  usb_main.o
    0x2000016d   COMPRESSED   0x00000003   PAD
    0x20000170   COMPRESSED   0x00000004   Data   RW         2676    .data.keyboard_report  action_util.o
    0x20000174   COMPRESSED   0x00000007   Data   RW         3383    .data.linecoding    usb_driver.o
    0x2000017b   COMPRESSED   0x00000001   PAD
    0x2000017c   COMPRESSED   0x00000024   Data   RW          867    .data.rcu_initStruct  hal_lld.o
    0x200001a0   COMPRESSED   0x00000001   Data   RW         3084    .data.tri_layer_adjust_layer  tri_layer.o
    0x200001a1   COMPRESSED   0x00000001   Data   RW         3082    .data.tri_layer_lower_layer  tri_layer.o
    0x200001a2   COMPRESSED   0x00000001   Data   RW         3083    .data.tri_layer_upper_layer  tri_layer.o
    0x200001a3   COMPRESSED   0x00000001   PAD
    0x200001a4   COMPRESSED   0x00000014   Data   RW          868    .data.uart_initStruct  hal_lld.o
    0x200001b8   COMPRESSED   0x00000004   Data   RW         1139    .flag               board.o
    0x200001bc   COMPRESSED   0x00000004   PAD
    0x200001c0        -       0x00000090   Zero   RW         3493    .bss..compoundliteral  usb_main.o
    0x20000250        -       0x00000090   Zero   RW         3494    .bss..compoundliteral.1  usb_main.o
    0x200002e0        -       0x00000018   Zero   RW          983    .bss.PWM_GP16C4T2   hal_pwm_lld.o
    0x200002f8        -       0x00000004   Zero   RW          869    .bss.SystemCoreClock  hal_lld.o
    0x200002fc        -       0x00000004   Zero   RW          871    .bss.SystemFrequency_AHBClk  hal_lld.o
    0x20000300        -       0x00000004   Zero   RW          872    .bss.SystemFrequency_APBClk  hal_lld.o
    0x20000304        -       0x00000004   Zero   RW          870    .bss.SystemFrequency_SysClk  hal_lld.o
    0x20000308        -       0x00000004   Zero   RW         1958    .bss.TICK100us      md_rcu.o
    0x2000030c        -       0x00000004   Zero   RW         1959    .bss.TICK10us       md_rcu.o
    0x20000310        -       0x00000004   Zero   RW         1957    .bss.TICKms         md_rcu.o
    0x20000314        -       0x00000088   Zero   RW         1117    .bss.USBD1          hal_usb_lld.o
    0x2000039c   COMPRESSED   0x00000004   PAD
    0x200003a0        -       0x00000060   Zero   RW          291    .bss.ch0            chsys.o
    0x20000400        -       0x000000c0   Zero   RW          288    .bss.ch_c0_idle_thread_wa  chsys.o
    0x200004c0        -       0x00000008   Zero   RW          488    .bss.ch_memcore     chmemcore.o
    0x200004c8        -       0x00000008   Zero   RW          290    .bss.ch_system      chsys.o
    0x200004d0        -       0x00000001   Zero   RW         2937    .bss.debouncing     sym_defer_g.o
    0x200004d1   COMPRESSED   0x00000003   PAD
    0x200004d4        -       0x00000004   Zero   RW         2938    .bss.debouncing_time  sym_defer_g.o
    0x200004d8        -       0x00000001   Zero   RW         2990    .bss.debug_config   debug.o
    0x200004d9        -       0x00000001   Zero   RW         2416    .bss.default_layer_state  action_layer.o
    0x200004da        -       0x00000001   Zero   RW         2482    .bss.disable_action_cache  action.o
    0x200004db   COMPRESSED   0x00000001   PAD
    0x200004dc        -       0x00000004   Zero   RW         3203    .bss.driver         host.o
    0x200004e0        -       0x00000004   Zero   RW         3294    .bss.driver         chibios.o
    0x200004e4        -       0x00000014   Zero   RW         1122    .bss.ep0_state      hal_usb_lld.o
    0x200004f8        -       0x00000008   Zero   RW         1123    .bss.ep0setup_buffer  hal_usb_lld.o
    0x20000500        -       0x00000040   Zero   RW         3486    .bss.event_queue    usb_main.o
    0x20000540        -       0x00000001   Zero   RW         3487    .bss.event_queue_head  usb_main.o
    0x20000541        -       0x00000001   Zero   RW         3488    .bss.event_queue_tail  usb_main.o
    0x20000542   COMPRESSED   0x00000002   PAD
    0x20000544        -       0x00000400   Zero   RW         1120    .bss.g_aaaaaaaa_buf  hal_usb_lld.o
    0x20000944        -       0x00000004   Zero   RW         1119    .bss.g_aaaaaaaa_i   hal_usb_lld.o
    0x20000948   COMPRESSED   0x00000018   PAD
    0x20000960        -       0x00000140   Zero   RW         1116    .bss.g_musb_udc     hal_usb_lld.o
    0x20000aa0        -       0x00000020   Zero   RW          864    .bss.g_num_to_char_tx_buf  hal_lld.o
    0x20000ac0        -       0x00000002   Zero   RW         2805    .bss.generate_tick_event.last_tick  keyboard.o
    0x20000ac2        -       0x00000001   Zero   RW         2983    .bss.grave_esc_was_shifted  process_grave_esc.o
    0x20000ac3   COMPRESSED   0x00000001   PAD
    0x20000ac4        -       0x00000014   Zero   RW         3497    .bss.kbd_ep_state   usb_main.o
    0x20000ad8        -       0x00000001   Zero   RW         3479    .bss.keyboard_idle  usb_main.o
    0x20000ad9   COMPRESSED   0x00000003   PAD
    0x20000adc        -       0x00000018   Zero   RW         3492    .bss.keyboard_idle_timer  usb_main.o
    0x20000af4        -       0x00000001   Zero   RW         3481    .bss.keyboard_led_state  usb_main.o
    0x20000af5        -       0x00000008   Zero   RW         3483    .bss.keyboard_report_sent  usb_main.o
    0x20000afd   COMPRESSED   0x00000001   PAD
    0x20000afe        -       0x00000002   Zero   RW         2923    .bss.keymap_config  magic.o
    0x20000b00        -       0x00000004   Zero   RW         2800    .bss.last_input_modification_time  keyboard.o
    0x20000b04        -       0x00000004   Zero   RW         2513    .bss.last_led_modification_time  led.o
    0x20000b08        -       0x00000004   Zero   RW         2801    .bss.last_matrix_modification_time  keyboard.o
    0x20000b0c        -       0x00000001   Zero   RW         3489    .bss.last_suspend_state  usb_main.o
    0x20000b0d   COMPRESSED   0x00000003   PAD
    0x20000b10        -       0x00000004   Zero   RW         3601    .bss.last_systime   timer.o
    0x20000b14        -       0x00000004   Zero   RW         3599    .bss.last_ticks     timer.o
    0x20000b18        -       0x00000001   Zero   RW         2417    .bss.layer_state    action_layer.o
    0x20000b19        -       0x00000001   Zero   RW         2514    .bss.led_task.last_led_status  led.o
    0x20000b1a   COMPRESSED   0x00000002   PAD
    0x20000b1c        -       0x00000018   Zero   RW         2888    .bss.matrix         matrix_common.o
    0x20000b34        -       0x00000018   Zero   RW         2804    .bss.matrix_task.matrix_previous  keyboard.o
    0x20000b4c        -       0x00000004   Zero   RW         3600    .bss.ms_offset      timer.o
    0x20000b50        -       0x00000001   Zero   RW         2678    .bss.oneshot_layer_data  action_util.o
    0x20000b51        -       0x00000001   Zero   RW         2677    .bss.oneshot_locked_mods  action_util.o
    0x20000b52        -       0x00000001   Zero   RW         2682    .bss.oneshot_mods   action_util.o
    0x20000b53   COMPRESSED   0x00000001   PAD
    0x20000b54        -       0x00000004   Zero   RW         3602    .bss.overflow       timer.o
    0x20000b58        -       0x00000018   Zero   RW         2889    .bss.raw_matrix     matrix_common.o
    0x20000b70        -       0x00000001   Zero   RW         2680    .bss.real_mods      action_util.o
    0x20000b71        -       0x00000001   Zero   RW         2964    .bss.sc_last        process_space_cadet.o
    0x20000b72        -       0x00000002   Zero   RW         2965    .bss.sc_timer       process_space_cadet.o
    0x20000b74        -       0x00000008   Zero   RW         2679    .bss.send_6kro_report.last_report  action_util.o
    0x20000b7c        -       0x00000002   Zero   RW         3500    .bss.set_report_buf  usb_main.o
    0x20000b7e   COMPRESSED   0x00000002   PAD
    0x20000b80        -       0x00000014   Zero   RW         3498    .bss.shared_ep_state  usb_main.o
    0x20000b94        -       0x00000027   Zero   RW         2418    .bss.source_layers_cache  action_layer.o
    0x20000bbb   COMPRESSED   0x00000001   PAD
    0x20000bbc        -       0x00000010   Zero   RW         2710    .bss.tapping_key    action_tapping.o
    0x20000bcc        -       0x00000008   Zero   RW         2675    .bss.test_00000_report_keyboard  action_util.o
    0x20000bd4        -       0x00000004   Zero   RW         3598    .bss.ticks_offset   timer.o
    0x20000bd8        -       0x00001000   Zero   RW         3679    .bss.transientBuffer  eeprom_transient.o
    0x20001bd8        -       0x00000008   Zero   RW         3485    .bss.universal_report_blank  usb_main.o
    0x20001be0        -       0x00000018   Zero   RW         3597    .bss.update_timer   timer.o
    0x20001bf8        -       0x00000004   Zero   RW         3252    .bss.usb_device_state  usb_device_state.o
    0x20001bfc        -       0x00000001   Zero   RW         1115    .bss.usb_ep0_state  hal_usb_lld.o
    0x20001bfd   COMPRESSED   0x00000003   PAD
    0x20001c00        -       0x00000008   Zero   RW         3499    .bss.usb_get_descriptor_cb.descriptor  usb_main.o
    0x20001c08        -       0x00000080   Zero   RW         2713    .bss.waiting_buffer  action_tapping.o
    0x20001c88        -       0x00000001   Zero   RW         2711    .bss.waiting_buffer_head  action_tapping.o
    0x20001c89        -       0x00000001   Zero   RW         2712    .bss.waiting_buffer_tail  action_tapping.o
    0x20001c8a        -       0x00000001   Zero   RW         2681    .bss.weak_mods      action_util.o
    0x20001c8b   COMPRESSED   0x00000005   PAD
    0x20001c90        -       0x00000400   Zero   RW         3623    CSTACK              cstartup_1.o
    0x20002090        -       0x00000400   Zero   RW         3622    MSTACK              cstartup_1.o


    Execution Region RW_IRAM2 (Exec base: 0x20004000, Load base: 0x0000c6e0, Size: 0x00000000, Max: 0x00000000, ABSOLUTE)

    **** No section assigned to this execution region ****


==============================================================================

Image component sizes


      Code (inc. data)   RO Data    RW Data    ZI Data      Debug   Object Name

      3484        164          0          0          1      34776   action.o
      1366         24          0          0         41       6786   action_layer.o
      2608         56          0          0        146      30292   action_tapping.o
       938         88          0          4         21       6614   action_util.o
      1128         92          0          0          0      18541   ald_usb.o
        12          0          0          4          0       5723   board.o
        84          0          0          0          0       1039   bootmagic_lite.o
       300          8          0          0          0       6178   chcore.o
        64          4          0          0          0        540   chcoreasm_1.o
       170          0          0          0          0       8022   chevents.o
       198         12          0         20          4       2776   chibios.o
       286         12         10          0          0       4689   chinstances.o
        24         12          0          0          8       2264   chmemcore.o
       858         32          0          0          0       7782   chschd.o
       112          8         15          0        296       6712   chsys.o
       680         12          0          0          0       9077   chthreads.o
       490          8          0          0          0       6615   chvt.o
        36          8          0          0       2048        496   cstartup_1.o
         4          0          0          0          0        615   custom.o
         0          0          0          0          1        713   debug.o
      1362         16          0          0          0      29516   dynamic_keymap.o
       440         16          0          0          0       4291   eeconfig.o
       402          0          0          0          0       2417   eeprom_driver.o
       184          8          0          0       4096       1537   eeprom_transient.o
        28          0          0          0          0        855   es_app.o
        34          0          0          0          0        542   hal.o
      1982          0          0          0          0       8231   hal_buffers.o
       682         72         98         56         48       4828   hal_lld.o
       356          0          0          0          0       1916   hal_pal_lld.o
        36          0          0          0          0       4425   hal_pwm.o
        40          8          0          0         24       9799   hal_pwm_lld.o
         8          0          0          0          0        387   hal_st.o
       136         16          0          0          0       1966   hal_st_lld.o
      3356        212          6          0          0      12927   hal_usb.o
      4654        236        388          0       1513      18710   hal_usb_lld.o
       148          8          0          0          4       4214   host.o
       756         24          0          0         34       5521   keyboard.o
      1012          8          0          0          0      26750   keycode_config.o
       890         52          0          0          0      28209   keymap_common.o
       100          4        816          0          0      26504   keymap_introspection.o
       306         12          0          0          5       2803   led.o
        80         12          0          0          2       1465   magic.o
        68          0          0          0          0        641   main.o
       904         28         92          0          0       4121   matrix.o
       628        104          0          0         48       3231   matrix_common.o
       996         36          0          0          0       4389   md_gpio.o
      2634        116          0          0         12      11870   md_rcu.o
       356          4          0          0          0       4557   md_uart.o
        12          0          0          0          0        425   platform.o
        32          4          0          4          0       1003   print.o
       160          8          0          0          1      26877   process_grave_esc.o
       816        148          0          0          0      26812   process_magic.o
       608         44          0          0          3      27166   process_space_cadet.o
       244          8          0          0          0       1512   process_tri_layer.o
       840         24          0          0          0      31740   quantum.o
       486         20          0          0          0      27366   report.o
       514         16        176          0          0      28009   send_string.o
        12          0          0          0          0        597   sendchar.o
        88          0          0          0          0       1215   suspend.o
       158          8          0          0          5       1365   sym_defer_g.o
       586         40          0          0         44       4046   timer.o
        36         12          0          3          0       1447   tri_layer.o
       476        168        345          0          0       3604   usb_descriptor.o
       208          4          0          0          4       1893   usb_device_state.o
      1610         16         40          7          0      13286   usb_driver.o
      2628        184         88        341        447      17033   usb_main.o
         2          0        192          0          0        424   vectors_1.o
      1560        104         20          0          0       7232   via.o

    ----------------------------------------------------------------------
     46586       2340       2324        444       8916     609924   Object Totals
         0          0         32          0          0          0   (incl. Generated)
        90          0          6          5         60          0   (incl. Padding)

    ----------------------------------------------------------------------

      Code (inc. data)   RO Data    RW Data    ZI Data      Debug   Library Member Name

        58          0          0          0          0          0   __dczerorl.o
         8          4        133          0          0         60   ctype_o.o
         0          0          0          0          0          0   entry.o
         0          0          0          0          0          0   entry10a.o
         0          0          0          0          0          0   entry11a.o
         8          4          0          0          0          0   entry2.o
         4          0          0          0          0          0   entry5.o
         0          0          0          0          0          0   entry7b.o
         0          0          0          0          0          0   entry8b.o
         8          4          0          0          0          0   entry9a.o
        30          0          0          0          0          0   handlers.o
        36          8          0          0          0         68   init.o
         0          0          0          0          0          0   iusefp.o
        48          0          0          0          0         72   llmul.o
        32          0          0          0          0         68   llshl.o
        38          0          0          0          0         68   llsshr.o
        34          0          0          0          0         68   llushr.o
        26          0          0          0          0         72   memcmp.o
        36          0          0          0          0         60   memcpya.o
        36          0          0          0          0        100   memseta.o
        62          0          0          0          0         72   uidiv_div0.o
        96          0          0          0          0         84   uldiv.o
       356          4          0          0          0        140   dadd.o
       240          6          0          0          0         84   ddiv.o
       236          0          0          0          0        216   depilogue.o
        60         10          0          0          0         68   dfixui.o
        40          6          0          0          0         68   dflti.o
        28          4          0          0          0         68   dfltui.o
       208          6          0          0          0         88   dmul.o

    ----------------------------------------------------------------------
      1730         56        136          0          0       1524   Library Totals
         2          0          3          0          0          0   (incl. Padding)

    ----------------------------------------------------------------------

      Code (inc. data)   RO Data    RW Data    ZI Data      Debug   Library Name

       560         20        133          0          0        792   mc_p.l
      1168         36          0          0          0        732   mf_p.l

    ----------------------------------------------------------------------
      1730         56        136          0          0       1524   Library Totals

    ----------------------------------------------------------------------

==============================================================================


      Code (inc. data)   RO Data    RW Data    ZI Data      Debug   

     48316       2396       2460        444       8916     609604   Grand Totals
     48316       2396       2460        128       8916     609604   ELF Image Totals (compressed)
     48316       2396       2460        128          0          0   ROM Totals

==============================================================================

    Total RO  Size (Code + RO Data)                50776 (  49.59kB)
    Total RW  Size (RW Data + ZI Data)              9360 (   9.14kB)
    Total ROM Size (Code + RO Data + RW Data)      50904 (  49.71kB)

==============================================================================

